Archive member included because of file (symbol)

c:\Users\sahil\AppData\Roaming\Code\User\globalStorage\vexrobotics.vexcode\sdk\cpp\V5\V5_20240802_15_00_00/vexv5\libv5rt.a(v5_startup.c.obj)
                              (vexStartup)
c:\Users\sahil\AppData\Roaming\Code\User\globalStorage\vexrobotics.vexcode\sdk\cpp\V5\V5_20240802_15_00_00/vexv5\libv5rt.a(v5_util.c.obj)
                              c:\Users\sahil\AppData\Roaming\Code\User\globalStorage\vexrobotics.vexcode\sdk\cpp\V5\V5_20240802_15_00_00/vexv5\libv5rt.a(v5_startup.c.obj) (vexStdlibVersionLinked)
c:\Users\sahil\AppData\Roaming\Code\User\globalStorage\vexrobotics.vexcode\sdk\cpp\V5\V5_20240802_15_00_00/vexv5\libv5rt.a(v5_apijump.c.obj)
                              c:\Users\sahil\AppData\Roaming\Code\User\globalStorage\vexrobotics.vexcode\sdk\cpp\V5\V5_20240802_15_00_00/vexv5\libv5rt.a(v5_startup.c.obj) (vexPrivateApiEnable)
c:\Users\sahil\AppData\Roaming\Code\User\globalStorage\vexrobotics.vexcode\sdk\cpp\V5\V5_20240802_15_00_00/vexv5\libv5rt.a(v5_apiversions.c.obj)
                              c:\Users\sahil\AppData\Roaming\Code\User\globalStorage\vexrobotics.vexcode\sdk\cpp\V5\V5_20240802_15_00_00/vexv5\libv5rt.a(v5_apijump.c.obj) (vexSystemVersion)
c:\Users\sahil\AppData\Roaming\Code\User\globalStorage\vexrobotics.vexcode\sdk\cpp\V5\V5_20240802_15_00_00/vexv5\libv5rt.a(vex_global.cpp.obj)
                              build/src/main.o (vex::wait(double, vex::timeUnits))
c:\Users\sahil\AppData\Roaming\Code\User\globalStorage\vexrobotics.vexcode\sdk\cpp\V5\V5_20240802_15_00_00/vexv5\libv5rt.a(vex_motor.cpp.obj)
                              build/custom/src/robot-config.o (vex::motor::~motor())
c:\Users\sahil\AppData\Roaming\Code\User\globalStorage\vexrobotics.vexcode\sdk\cpp\V5\V5_20240802_15_00_00/vexv5\libv5rt.a(vex_imu.cpp.obj)
                              build/custom/src/robot-config.o (vex::inertial::~inertial())
c:\Users\sahil\AppData\Roaming\Code\User\globalStorage\vexrobotics.vexcode\sdk\cpp\V5\V5_20240802_15_00_00/vexv5\libv5rt.a(vex_rotation.cpp.obj)
                              build/custom/src/robot-config.o (vex::rotation::~rotation())
c:\Users\sahil\AppData\Roaming\Code\User\globalStorage\vexrobotics.vexcode\sdk\cpp\V5\V5_20240802_15_00_00/vexv5\libv5rt.a(vex_optical.cpp.obj)
                              build/custom/src/robot-config.o (vex::optical::~optical())
c:\Users\sahil\AppData\Roaming\Code\User\globalStorage\vexrobotics.vexcode\sdk\cpp\V5\V5_20240802_15_00_00/vexv5\libv5rt.a(vex_distance.cpp.obj)
                              build/custom/src/robot-config.o (vex::distance::~distance())
c:\Users\sahil\AppData\Roaming\Code\User\globalStorage\vexrobotics.vexcode\sdk\cpp\V5\V5_20240802_15_00_00/vexv5\libv5rt.a(vex_controller.cpp.obj)
                              build/custom/src/robot-config.o (vex::controller::~controller())
c:\Users\sahil\AppData\Roaming\Code\User\globalStorage\vexrobotics.vexcode\sdk\cpp\V5\V5_20240802_15_00_00/vexv5\libv5rt.a(vex_thread.cpp.obj)
                              build/custom/src/autonomous.o (vex::thread::thread(int (*)()))
c:\Users\sahil\AppData\Roaming\Code\User\globalStorage\vexrobotics.vexcode\sdk\cpp\V5\V5_20240802_15_00_00/vexv5\libv5rt.a(vex_event.cpp.obj)
                              c:\Users\sahil\AppData\Roaming\Code\User\globalStorage\vexrobotics.vexcode\sdk\cpp\V5\V5_20240802_15_00_00/vexv5\libv5rt.a(vex_imu.cpp.obj) (vex::event::init(unsigned long, unsigned long, void (*)()))
c:\Users\sahil\AppData\Roaming\Code\User\globalStorage\vexrobotics.vexcode\sdk\cpp\V5\V5_20240802_15_00_00/vexv5\libv5rt.a(vex_mevent.cpp.obj)
                              c:\Users\sahil\AppData\Roaming\Code\User\globalStorage\vexrobotics.vexcode\sdk\cpp\V5\V5_20240802_15_00_00/vexv5\libv5rt.a(vex_controller.cpp.obj) (vex::mevent::mevent(unsigned long, unsigned long))
c:\Users\sahil\AppData\Roaming\Code\User\globalStorage\vexrobotics.vexcode\sdk\cpp\V5\V5_20240802_15_00_00/vexv5\libv5rt.a(vex_brain.cpp.obj)
                              build/src/pid.o (vex::brain::timer(vex::timeUnits))
c:\Users\sahil\AppData\Roaming\Code\User\globalStorage\vexrobotics.vexcode\sdk\cpp\V5\V5_20240802_15_00_00/vexv5\libv5rt.a(vex_competition.cpp.obj)
                              build/src/main.o (vex::competition::competition())
c:\Users\sahil\AppData\Roaming\Code\User\globalStorage\vexrobotics.vexcode\sdk\cpp\V5\V5_20240802_15_00_00/vexv5\libv5rt.a(vex_triport.cpp.obj)
                              c:\Users\sahil\AppData\Roaming\Code\User\globalStorage\vexrobotics.vexcode\sdk\cpp\V5\V5_20240802_15_00_00/vexv5\libv5rt.a(vex_brain.cpp.obj) (vex::triport::~triport())
c:\Users\sahil\AppData\Roaming\Code\User\globalStorage\vexrobotics.vexcode\sdk\cpp\V5\V5_20240802_15_00_00/vexv5\libv5rt.a(vex_color.cpp.obj)
                              c:\Users\sahil\AppData\Roaming\Code\User\globalStorage\vexrobotics.vexcode\sdk\cpp\V5\V5_20240802_15_00_00/vexv5\libv5rt.a(vex_optical.cpp.obj) (vex::color::~color())
[...]
Memory Configuration

Name             Origin             Length             Attributes
ps7_ddr_0_S_AXI_BASEADDR 0x03800000         0x04800000
*default*        0x00000000         0xffffffff

Linker script and memory map

                0x00002000                _STACK_SIZE = DEFINED (_STACK_SIZE)?_STACK_SIZE:0x2000
                0x00100000                _HEAP_SIZE = DEFINED (_HEAP_SIZE)?_HEAP_SIZE:0x100000
                0x00000400                _ABORT_STACK_SIZE = DEFINED (_ABORT_STACK_SIZE)?_ABORT_STACK_SIZE:0x400
                0x00000800                _SUPERVISOR_STACK_SIZE = DEFINED (_SUPERVISOR_STACK_SIZE)?_SUPERVISOR_STACK_SIZE:0x800
                0x00000400                _IRQ_STACK_SIZE = DEFINED (_IRQ_STACK_SIZE)?_IRQ_STACK_SIZE:0x400
                0x00000400                _FIQ_STACK_SIZE = DEFINED (_FIQ_STACK_SIZE)?_FIQ_STACK_SIZE:0x400
                0x00000400                _UNDEF_STACK_SIZE = DEFINED (_UNDEF_STACK_SIZE)?_UNDEF_STACK_SIZE:0x400

.text           0x03800000     0x8d90
 *(.vectors)
 *(.boot_data)
 .boot_data     0x03800000       0x20 c:\Users\sahil\AppData\Roaming\Code\User\globalStorage\vexrobotics.vexcode\sdk\cpp\V5\V5_20240802_15_00_00/vexv5\libv5rt.a(v5_startup.c.obj)
                0x03800000                vexCodeSig
                0x00000020                . = 0x20
 *(.boot)
 .boot          0x03800020       0xbc c:\Users\sahil\AppData\Roaming\Code\User\globalStorage\vexrobotics.vexcode\sdk\cpp\V5\V5_20240802_15_00_00/vexv5\libv5rt.a(v5_startup.c.obj)
                0x03800020                vexStartup
                0x03800100                . = ALIGN (0x40)
 *fill*         0x038000dc       0x24 
 *(.freertos_vectors)
 *(.text)
 *(.text.*)
 .text._Z10autonomousv
                0x03800100        0x4 build/src/main.o
                0x03800100                autonomous()
 .text._Z11usercontrolv
                0x03800104        0x4 build/src/main.o
                0x03800104                usercontrol()
 .text.main     0x03800108       0x68 build/src/main.o
                0x03800108                main
 .text._GLOBAL__sub_I_main.cpp
                0x03800170       0x34 build/src/main.o
 .text._ZN3PIDC2Eddd
                0x038001a4       0x98 build/src/pid.o
                0x038001a4                PID::PID(double, double, double)
                0x038001a4                PID::PID(double, double, double)
 .text._ZN3PID9setTargetEd
                0x0380023c       0x28 build/src/pid.o
                0x0380023c                PID::setTarget(double)
 .text._ZN3PID25setSmallBigErrorToleranceEdd
                0x03800264       0x18 build/src/pid.o
                0x03800264                PID::setSmallBigErrorTolerance(double, double)
 .text._ZN3PID14setIntegralMaxEd
                0x0380027c       0x10 build/src/pid.o
                0x0380027c                PID::setIntegralMax(double)
 .text._ZN3PID16setIntegralRangeEd
                0x0380028c       0x10 build/src/pid.o
                0x0380028c                PID::setIntegralRange(double)
 .text._ZN3PID22setDerivativeToleranceEd
                0x0380029c       0x10 build/src/pid.o
                0x0380029c                PID::setDerivativeTolerance(double)
 .text._ZN3PID24setSmallBigErrorDurationEdd
                0x038002ac       0x18 build/src/pid.o
                0x038002ac                PID::setSmallBigErrorDuration(double, double)
 .text._ZN3PID9setArriveEb
                0x038002c4        0x8 build/src/pid.o
                0x038002c4                PID::setArrive(bool)
 .text._ZN3PID13targetArrivedEv
                0x038002cc        0x8 build/src/pid.o
                0x038002cc                PID::targetArrived()
 .text._ZN3PID6updateEd
                0x038002d4      0x2ac build/src/pid.o
                0x038002d4                PID::update(double)
 .text._GLOBAL__sub_I_pid.cpp
                0x03800580       0x34 build/src/pid.o
 *fill*         0x038005b4        0x4 
 .text._Z8degToRadd
                0x038005b8       0x30 build/src/utils.o
                0x038005b8                degToRad(double)
 .text._Z8radToDegd
                0x038005e8       0x30 build/src/utils.o
                0x038005e8                radToDeg(double)
 .text._Z9getRadiusddddd
                0x03800618       0xc8 build/src/utils.o
                0x03800618                getRadius(double, double, double, double, double)
 .text._GLOBAL__sub_I_utils.cpp
                0x038006e0       0x34 build/src/utils.o
 .text._Z12driveChassisdd
                0x03800714       0x64 build/src/motor-control.o
                0x03800714                driveChassis(double, double)
 .text._Z11stopChassisN3vex9brakeTypeE
                0x03800778       0x30 build/src/motor-control.o
                0x03800778                stopChassis(vex::brakeType)
 .text._Z12resetChassisv
                0x038007a8       0x58 build/src/motor-control.o
                0x038007a8                resetChassis()
 .text._Z15normalizeTargetd
                0x03800800      0x138 build/src/motor-control.o
                0x03800800                normalizeTarget(double)
 .text._Z18getInertialHeadingv
                0x03800938       0x18 build/src/motor-control.o
                0x03800938                getInertialHeading()
 .text._Z10scaleToMinRdS_d
                0x03800950       0xe4 build/src/motor-control.o
                0x03800950                scaleToMin(double&, double&, double)
 .text._Z10scaleToMaxRdS_d
                0x03800a34       0xb4 build/src/motor-control.o
                0x03800a34                scaleToMax(double&, double&, double)
 .text._Z11turnToAngleddbd
                0x03800ae8      0x750 build/src/motor-control.o
                0x03800ae8                turnToAngle(double, double, bool, double)
 .text._Z7driveToddbd
                0x03801238      0x6e8 build/src/motor-control.o
                0x03801238                driveTo(double, double, bool, double)
 .text._Z16trackNoOdomWheelv
                0x03801920      0x1d0 build/src/motor-control.o
                0x03801920                trackNoOdomWheel()
 .text._Z16trackXYOdomWheelv
                0x03801af0      0x240 build/src/motor-control.o
                0x03801af0                trackXYOdomWheel()
 .text._Z15trackXOdomWheelv
                0x03801d30      0x298 build/src/motor-control.o
                0x03801d30                trackXOdomWheel()
 .text._Z15trackYOdomWheelv
                0x03801fc8      0x190 build/src/motor-control.o
                0x03801fc8                trackYOdomWheel()
 .text._Z11moveToPointddidbdb
                0x03802158      0x850 build/src/motor-control.o
                0x03802158                moveToPoint(double, double, int, double, bool, double, bool)
 .text._Z9boomerangddidddbdb
                0x038029a8      0x9c0 build/src/motor-control.o
                0x038029a8                boomerang(double, double, int, double, double, double, bool, double, bool)
 .text._GLOBAL__sub_I_motor_control.cpp
                0x03803368       0x34 build/src/motor-control.o
 *fill*         0x0380339c        0x4 
 .text._Z11moveWristTod
                0x038033a0      0x210 build/custom/src/wrist.o
                0x038033a0                moveWristTo(double)
 .text._GLOBAL__sub_I_wrist.cpp
                0x038035b0       0x44 build/custom/src/wrist.o
 .text._Z5clampddd
                0x038035f4       0x30 build/custom/src/autonomous.o
                0x038035f4                clamp(double, double, double)
 .text._Z9printTextPKc
                0x03803624       0x6c build/custom/src/autonomous.o
                0x03803624                printText(char const*)
 .text._Z6brainDv
                0x03803690       0x9c build/custom/src/autonomous.o
                0x03803690                brainD()
 .text._Z9runIntakev
                0x0380372c       0x6c build/custom/src/autonomous.o
                0x0380372c                runIntake()
 .text._Z5scorev
                0x03803798       0xe0 build/custom/src/autonomous.o
                0x03803798                score()
 .text._Z5qual1v
                0x03803878      0x640 build/custom/src/autonomous.o
                0x03803878                qual1()
 .text._Z10qual1_liftv
                0x03803eb8      0x200 build/custom/src/autonomous.o
                0x03803eb8                qual1_lift()
 .text._Z11qual1_wristv
                0x038040b8      0x210 build/custom/src/autonomous.o
                0x038040b8                qual1_wrist()
 .text._GLOBAL__sub_I_autonomous.cpp
                0x038042c8       0x34 build/custom/src/autonomous.o
 .text._ZN3vex11motor_groupC2IJNS_5motorES2_EEERS2_DpRT_
                0x038042fc       0x44 build/custom/src/robot-config.o
                0x038042fc                vex::motor_group::motor_group<vex::motor, vex::motor>(vex::motor&, vex::motor&, vex::motor&)
 .text._Z11vexcodeInitv
                0x03804340        0x4 build/custom/src/robot-config.o
                0x03804340                vexcodeInit()
 .text._GLOBAL__sub_I_robot_config.cpp
                0x03804344      0x540 build/custom/src/robot-config.o
 *fill*         0x03804884        0x4 
 .text._Z13intakeManagerv
                0x03804888      0x228 build/custom/src/user.o
                0x03804888                intakeManager()
 .text._Z11liftManagerv
                0x03804ab0      0x144 build/custom/src/user.o
                0x03804ab0                liftManager()
 *fill*         0x03804bf4        0x4 
 .text._Z12wristManagerv
                0x03804bf8      0x188 build/custom/src/user.o
                0x03804bf8                wristManager()
 .text._Z10conDisplayv
                0x03804d80       0x9c build/custom/src/user.o
                0x03804d80                conDisplay()
 .text._Z10testButtonv
                0x03804e1c       0x3c build/custom/src/user.o
                0x03804e1c                testButton()
 .text._Z13runAutonomousv
                0x03804e58       0x34 build/custom/src/user.o
                0x03804e58                runAutonomous()
 *fill*         0x03804e8c        0x4 
 .text._Z9runDriverv
                0x03804e90      0x358 build/custom/src/user.o
                0x03804e90                runDriver()
 .text._Z16runPreAutonomousv
                0x038051e8      0x138 build/custom/src/user.o
                0x038051e8                runPreAutonomous()
 .text._GLOBAL__sub_I_user.cpp
                0x03805320       0x34 build/custom/src/user.o
 *fill*         0x03805354        0x4 
 .text._Z13getLiftHeightv
                0x03805358       0x68 build/custom/src/lift.o
                0x03805358                getLiftHeight()
 .text._Z11liftToAngledd
                0x038053c0      0x250 build/custom/src/lift.o
                0x038053c0                liftToAngle(double, double)
 .text._Z6liftTobbbdPKcdd
                0x03805610      0x140 build/custom/src/lift.o
                0x03805610                liftTo(bool, bool, bool, double, char const*, double, double)
 .text._Z11liftToStatePKcdd
                0x03805750       0x88 build/custom/src/lift.o
                0x03805750                liftToState(char const*, double, double)
 .text._Z14liftPlusHeightdd
                0x038057d8       0xa8 build/custom/src/lift.o
                0x038057d8                liftPlusHeight(double, double)
 .text._GLOBAL__sub_I_lift.cpp
                0x03805880       0x34 build/custom/src/lift.o
 .text.vexMain  0x038058b4       0xb0 c:\Users\sahil\AppData\Roaming\Code\User\globalStorage\vexrobotics.vexcode\sdk\cpp\V5\V5_20240802_15_00_00/vexv5\libv5rt.a(v5_startup.c.obj)
                0x038058b4                vexMain
 .text.__vex_function_prolog
                0x03805964       0x18 c:\Users\sahil\AppData\Roaming\Code\User\globalStorage\vexrobotics.vexcode\sdk\cpp\V5\V5_20240802_15_00_00/vexv5\libv5rt.a(v5_startup.c.obj)
                0x03805964                __vex_function_prolog
 .text._init    0x0380597c        0x4 c:\Users\sahil\AppData\Roaming\Code\User\globalStorage\vexrobotics.vexcode\sdk\cpp\V5\V5_20240802_15_00_00/vexv5\libv5rt.a(v5_startup.c.obj)
                0x0380597c                _init
 .text._fini    0x03805980        0x4 c:\Users\sahil\AppData\Roaming\Code\User\globalStorage\vexrobotics.vexcode\sdk\cpp\V5\V5_20240802_15_00_00/vexv5\libv5rt.a(v5_startup.c.obj)
                0x03805980                _fini
 .text.vexStdlibVersionLinked
                0x03805984        0xc c:\Users\sahil\AppData\Roaming\Code\User\globalStorage\vexrobotics.vexcode\sdk\cpp\V5\V5_20240802_15_00_00/vexv5\libv5rt.a(v5_util.c.obj)
                0x03805984                vexStdlibVersionLinked
 .text.vexStdlibVersionVerify
                0x03805990       0x30 c:\Users\sahil\AppData\Roaming\Code\User\globalStorage\vexrobotics.vexcode\sdk\cpp\V5\V5_20240802_15_00_00/vexv5\libv5rt.a(v5_util.c.obj)
                0x03805990                vexStdlibVersionVerify
 .text.vexPrivateApiEnable
                0x038059c0       0x10 c:\Users\sahil\AppData\Roaming\Code\User\globalStorage\vexrobotics.vexcode\sdk\cpp\V5\V5_20240802_15_00_00/vexv5\libv5rt.a(v5_apijump.c.obj)
                0x038059c0                vexPrivateApiEnable
 .text.vexStdlibMismatchError
                0x038059d0       0x3c c:\Users\sahil\AppData\Roaming\Code\User\globalStorage\vexrobotics.vexcode\sdk\cpp\V5\V5_20240802_15_00_00/vexv5\libv5rt.a(v5_apijump.c.obj)
                0x038059d0                vexStdlibMismatchError
 .text.vexTaskAdd
                0x03805a0c       0x10 c:\Users\sahil\AppData\Roaming\Code\User\globalStorage\vexrobotics.vexcode\sdk\cpp\V5\V5_20240802_15_00_00/vexv5\libv5rt.a(v5_apijump.c.obj)
                0x03805a0c                vexTaskAdd
 .text.vexTasksRun
                0x03805a1c       0x10 c:\Users\sahil\AppData\Roaming\Code\User\globalStorage\vexrobotics.vexcode\sdk\cpp\V5\V5_20240802_15_00_00/vexv5\libv5rt.a(v5_apijump.c.obj)
                0x03805a1c                vexTasksRun
 .text.vexTaskYield
                0x03805a2c       0x10 c:\Users\sahil\AppData\Roaming\Code\User\globalStorage\vexrobotics.vexcode\sdk\cpp\V5\V5_20240802_15_00_00/vexv5\libv5rt.a(v5_apijump.c.obj)
                0x03805a2c                vexTaskYield
 .text.vexTaskCheckTimeslice
                0x03805a3c       0x10 c:\Users\sahil\AppData\Roaming\Code\User\globalStorage\vexrobotics.vexcode\sdk\cpp\V5\V5_20240802_15_00_00/vexv5\libv5rt.a(v5_apijump.c.obj)
                0x03805a3c                vexTaskCheckTimeslice
 .text.vexTaskSleep
                0x03805a4c       0x10 c:\Users\sahil\AppData\Roaming\Code\User\globalStorage\vexrobotics.vexcode\sdk\cpp\V5\V5_20240802_15_00_00/vexv5\libv5rt.a(v5_apijump.c.obj)
                0x03805a4c                vexTaskSleep
 .text.vexTasksDump
                0x03805a5c       0x1c c:\Users\sahil\AppData\Roaming\Code\User\globalStorage\vexrobotics.vexcode\sdk\cpp\V5\V5_20240802_15_00_00/vexv5\libv5rt.a(v5_apijump.c.obj)
                0x03805a5c                vexTasksDump
 .text.vexTaskGetTaskIndex
                0x03805a78       0x10 c:\Users\sahil\AppData\Roaming\Code\User\globalStorage\vexrobotics.vexcode\sdk\cpp\V5\V5_20240802_15_00_00/vexv5\libv5rt.a(v5_apijump.c.obj)
                0x03805a78                vexTaskGetTaskIndex
 .text.vexTaskStopAll
                0x03805a88       0x10 c:\Users\sahil\AppData\Roaming\Code\User\globalStorage\vexrobotics.vexcode\sdk\cpp\V5\V5_20240802_15_00_00/vexv5\libv5rt.a(v5_apijump.c.obj)
                0x03805a88                vexTaskStopAll
 .text.vexTaskRemoveAllUser
                0x03805a98       0x34 c:\Users\sahil\AppData\Roaming\Code\User\globalStorage\vexrobotics.vexcode\sdk\cpp\V5\V5_20240802_15_00_00/vexv5\libv5rt.a(v5_apijump.c.obj)
                0x03805a98                vexTaskRemoveAllUser
 .text.vexTaskCompletionIdSet
                0x03805acc       0x10 c:\Users\sahil\AppData\Roaming\Code\User\globalStorage\vexrobotics.vexcode\sdk\cpp\V5\V5_20240802_15_00_00/vexv5\libv5rt.a(v5_apijump.c.obj)
                0x03805acc                vexTaskCompletionIdSet
 .text.vexTaskStopWithId
                0x03805adc       0x10 c:\Users\sahil\AppData\Roaming\Code\User\globalStorage\vexrobotics.vexcode\sdk\cpp\V5\V5_20240802_15_00_00/vexv5\libv5rt.a(v5_apijump.c.obj)
                0x03805adc                vexTaskStopWithId
 .text.vexCriticalSection
                0x03805aec       0x2c c:\Users\sahil\AppData\Roaming\Code\User\globalStorage\vexrobotics.vexcode\sdk\cpp\V5\V5_20240802_15_00_00/vexv5\libv5rt.a(v5_apijump.c.obj)
                0x03805aec                vexCriticalSection
 .text.vexEventAdd
                0x03805b18       0x34 c:\Users\sahil\AppData\Roaming\Code\User\globalStorage\vexrobotics.vexcode\sdk\cpp\V5\V5_20240802_15_00_00/vexv5\libv5rt.a(v5_apijump.c.obj)
                0x03805b18                vexEventAdd
 .text.vexEventUserIndexGet
                0x03805b4c       0x1c c:\Users\sahil\AppData\Roaming\Code\User\globalStorage\vexrobotics.vexcode\sdk\cpp\V5\V5_20240802_15_00_00/vexv5\libv5rt.a(v5_apijump.c.obj)
                0x03805b4c                vexEventUserIndexGet
 .text.vexEventAddWithArg
                0x03805b68       0x3c c:\Users\sahil\AppData\Roaming\Code\User\globalStorage\vexrobotics.vexcode\sdk\cpp\V5\V5_20240802_15_00_00/vexv5\libv5rt.a(v5_apijump.c.obj)
                0x03805b68                vexEventAddWithArg
 .text.vexEventsCleanup
                0x03805ba4       0x2c c:\Users\sahil\AppData\Roaming\Code\User\globalStorage\vexrobotics.vexcode\sdk\cpp\V5\V5_20240802_15_00_00/vexv5\libv5rt.a(v5_apijump.c.obj)
                0x03805ba4                vexEventsCleanup
 .text.vexDebug
                0x03805bd0       0x38 c:\Users\sahil\AppData\Roaming\Code\User\globalStorage\vexrobotics.vexcode\sdk\cpp\V5\V5_20240802_15_00_00/vexv5\libv5rt.a(v5_apijump.c.obj)
                0x03805bd0                vexDebug
 .text.vex_sprintf
                0x03805c08       0x40 c:\Users\sahil\AppData\Roaming\Code\User\globalStorage\vexrobotics.vexcode\sdk\cpp\V5\V5_20240802_15_00_00/vexv5\libv5rt.a(v5_apijump.c.obj)
                0x03805c08                vex_sprintf
 .text.vex_vsnprintf
                0x03805c48       0x3c c:\Users\sahil\AppData\Roaming\Code\User\globalStorage\vexrobotics.vexcode\sdk\cpp\V5\V5_20240802_15_00_00/vexv5\libv5rt.a(v5_apijump.c.obj)
                0x03805c48                vex_vsnprintf
 .text.vexSystemTimeGet
                0x03805c84       0x1c c:\Users\sahil\AppData\Roaming\Code\User\globalStorage\vexrobotics.vexcode\sdk\cpp\V5\V5_20240802_15_00_00/vexv5\libv5rt.a(v5_apijump.c.obj)
                0x03805c84                vexSystemTimeGet
 .text.vexSystemExitRequest
                0x03805ca0       0x1c c:\Users\sahil\AppData\Roaming\Code\User\globalStorage\vexrobotics.vexcode\sdk\cpp\V5\V5_20240802_15_00_00/vexv5\libv5rt.a(v5_apijump.c.obj)
                0x03805ca0                vexSystemExitRequest
 .text.vexDeviceGetByIndex
                0x03805cbc       0x24 c:\Users\sahil\AppData\Roaming\Code\User\globalStorage\vexrobotics.vexcode\sdk\cpp\V5\V5_20240802_15_00_00/vexv5\libv5rt.a(v5_apijump.c.obj)
                0x03805cbc                vexDeviceGetByIndex
 .text.vexControllerGet
                0x03805ce0       0x2c c:\Users\sahil\AppData\Roaming\Code\User\globalStorage\vexrobotics.vexcode\sdk\cpp\V5\V5_20240802_15_00_00/vexv5\libv5rt.a(v5_apijump.c.obj)
                0x03805ce0                vexControllerGet
 .text.vexControllerTextSet
                0x03805d0c       0x74 c:\Users\sahil\AppData\Roaming\Code\User\globalStorage\vexrobotics.vexcode\sdk\cpp\V5\V5_20240802_15_00_00/vexv5\libv5rt.a(v5_apijump.c.obj)
                0x03805d0c                vexControllerTextSet
 .text.vexDeviceAdiPortConfigSet
                0x03805d80       0x34 c:\Users\sahil\AppData\Roaming\Code\User\globalStorage\vexrobotics.vexcode\sdk\cpp\V5\V5_20240802_15_00_00/vexv5\libv5rt.a(v5_apijump.c.obj)
                0x03805d80                vexDeviceAdiPortConfigSet
 .text.vexDeviceAdiPortConfigGet
                0x03805db4       0x2c c:\Users\sahil\AppData\Roaming\Code\User\globalStorage\vexrobotics.vexcode\sdk\cpp\V5\V5_20240802_15_00_00/vexv5\libv5rt.a(v5_apijump.c.obj)
                0x03805db4                vexDeviceAdiPortConfigGet
 .text.vexDeviceMotorVelocitySet
                0x03805de0       0x2c c:\Users\sahil\AppData\Roaming\Code\User\globalStorage\vexrobotics.vexcode\sdk\cpp\V5\V5_20240802_15_00_00/vexv5\libv5rt.a(v5_apijump.c.obj)
                0x03805de0                vexDeviceMotorVelocitySet
 .text.vexDeviceMotorVoltageSet
                0x03805e0c       0x2c c:\Users\sahil\AppData\Roaming\Code\User\globalStorage\vexrobotics.vexcode\sdk\cpp\V5\V5_20240802_15_00_00/vexv5\libv5rt.a(v5_apijump.c.obj)
                0x03805e0c                vexDeviceMotorVoltageSet
 .text.vexDeviceMotorActualVelocityGet
                0x03805e38       0x24 c:\Users\sahil\AppData\Roaming\Code\User\globalStorage\vexrobotics.vexcode\sdk\cpp\V5\V5_20240802_15_00_00/vexv5\libv5rt.a(v5_apijump.c.obj)
                0x03805e38                vexDeviceMotorActualVelocityGet
 .text.vexDeviceMotorReverseFlagSet
                0x03805e5c       0x2c c:\Users\sahil\AppData\Roaming\Code\User\globalStorage\vexrobotics.vexcode\sdk\cpp\V5\V5_20240802_15_00_00/vexv5\libv5rt.a(v5_apijump.c.obj)
                0x03805e5c                vexDeviceMotorReverseFlagSet
 .text.vexDeviceMotorEncoderUnitsSet
                0x03805e88       0x2c c:\Users\sahil\AppData\Roaming\Code\User\globalStorage\vexrobotics.vexcode\sdk\cpp\V5\V5_20240802_15_00_00/vexv5\libv5rt.a(v5_apijump.c.obj)
                0x03805e88                vexDeviceMotorEncoderUnitsSet
 .text.vexDeviceMotorBrakeModeSet
                0x03805eb4       0x2c c:\Users\sahil\AppData\Roaming\Code\User\globalStorage\vexrobotics.vexcode\sdk\cpp\V5\V5_20240802_15_00_00/vexv5\libv5rt.a(v5_apijump.c.obj)
                0x03805eb4                vexDeviceMotorBrakeModeSet
 .text.vexDeviceMotorPositionSet
                0x03805ee0       0x34 c:\Users\sahil\AppData\Roaming\Code\User\globalStorage\vexrobotics.vexcode\sdk\cpp\V5\V5_20240802_15_00_00/vexv5\libv5rt.a(v5_apijump.c.obj)
                0x03805ee0                vexDeviceMotorPositionSet
 .text.vexDeviceMotorPositionGet
                0x03805f14       0x24 c:\Users\sahil\AppData\Roaming\Code\User\globalStorage\vexrobotics.vexcode\sdk\cpp\V5\V5_20240802_15_00_00/vexv5\libv5rt.a(v5_apijump.c.obj)
                0x03805f14                vexDeviceMotorPositionGet
 .text.vexDeviceMotorGearingSet
                0x03805f38       0x2c c:\Users\sahil\AppData\Roaming\Code\User\globalStorage\vexrobotics.vexcode\sdk\cpp\V5\V5_20240802_15_00_00/vexv5\libv5rt.a(v5_apijump.c.obj)
                0x03805f38                vexDeviceMotorGearingSet
 .text.vexDeviceMotorGearingGet
                0x03805f64       0x24 c:\Users\sahil\AppData\Roaming\Code\User\globalStorage\vexrobotics.vexcode\sdk\cpp\V5\V5_20240802_15_00_00/vexv5\libv5rt.a(v5_apijump.c.obj)
                0x03805f64                vexDeviceMotorGearingGet
 .text.vexDeviceImuReset
                0x03805f88       0x24 c:\Users\sahil\AppData\Roaming\Code\User\globalStorage\vexrobotics.vexcode\sdk\cpp\V5\V5_20240802_15_00_00/vexv5\libv5rt.a(v5_apijump.c.obj)
                0x03805f88                vexDeviceImuReset
 .text.vexDeviceImuHeadingGet
                0x03805fac       0x24 c:\Users\sahil\AppData\Roaming\Code\User\globalStorage\vexrobotics.vexcode\sdk\cpp\V5\V5_20240802_15_00_00/vexv5\libv5rt.a(v5_apijump.c.obj)
                0x03805fac                vexDeviceImuHeadingGet
 .text.vexDeviceImuDegreesGet
                0x03805fd0       0x24 c:\Users\sahil\AppData\Roaming\Code\User\globalStorage\vexrobotics.vexcode\sdk\cpp\V5\V5_20240802_15_00_00/vexv5\libv5rt.a(v5_apijump.c.obj)
                0x03805fd0                vexDeviceImuDegreesGet
 .text.vexDeviceImuStatusGet
                0x03805ff4       0x24 c:\Users\sahil\AppData\Roaming\Code\User\globalStorage\vexrobotics.vexcode\sdk\cpp\V5\V5_20240802_15_00_00/vexv5\libv5rt.a(v5_apijump.c.obj)
                0x03805ff4                vexDeviceImuStatusGet
 .text.vexDeviceAbsEncPositionSet
                0x03806018       0x2c c:\Users\sahil\AppData\Roaming\Code\User\globalStorage\vexrobotics.vexcode\sdk\cpp\V5\V5_20240802_15_00_00/vexv5\libv5rt.a(v5_apijump.c.obj)
                0x03806018                vexDeviceAbsEncPositionSet
 .text.vexDeviceAbsEncPositionGet
                0x03806044       0x24 c:\Users\sahil\AppData\Roaming\Code\User\globalStorage\vexrobotics.vexcode\sdk\cpp\V5\V5_20240802_15_00_00/vexv5\libv5rt.a(v5_apijump.c.obj)
                0x03806044                vexDeviceAbsEncPositionGet
 .text.vexDeviceAbsEncAngleGet
                0x03806068       0x24 c:\Users\sahil\AppData\Roaming\Code\User\globalStorage\vexrobotics.vexcode\sdk\cpp\V5\V5_20240802_15_00_00/vexv5\libv5rt.a(v5_apijump.c.obj)
                0x03806068                vexDeviceAbsEncAngleGet
 .text.vexDeviceAbsEncReverseFlagSet
                0x0380608c       0x2c c:\Users\sahil\AppData\Roaming\Code\User\globalStorage\vexrobotics.vexcode\sdk\cpp\V5\V5_20240802_15_00_00/vexv5\libv5rt.a(v5_apijump.c.obj)
                0x0380608c                vexDeviceAbsEncReverseFlagSet
 .text.vexDeviceOpticalHueGet
                0x038060b8       0x24 c:\Users\sahil\AppData\Roaming\Code\User\globalStorage\vexrobotics.vexcode\sdk\cpp\V5\V5_20240802_15_00_00/vexv5\libv5rt.a(v5_apijump.c.obj)
                0x038060b8                vexDeviceOpticalHueGet
 .text.vexDeviceOpticalGestureEnable
                0x038060dc       0x24 c:\Users\sahil\AppData\Roaming\Code\User\globalStorage\vexrobotics.vexcode\sdk\cpp\V5\V5_20240802_15_00_00/vexv5\libv5rt.a(v5_apijump.c.obj)
                0x038060dc                vexDeviceOpticalGestureEnable
 .text.vexDeviceOpticalGestureDisable
                0x03806100       0x24 c:\Users\sahil\AppData\Roaming\Code\User\globalStorage\vexrobotics.vexcode\sdk\cpp\V5\V5_20240802_15_00_00/vexv5\libv5rt.a(v5_apijump.c.obj)
                0x03806100                vexDeviceOpticalGestureDisable
 .text.vexDeviceOpticalProximityThreshold
                0x03806124       0x2c c:\Users\sahil\AppData\Roaming\Code\User\globalStorage\vexrobotics.vexcode\sdk\cpp\V5\V5_20240802_15_00_00/vexv5\libv5rt.a(v5_apijump.c.obj)
                0x03806124                vexDeviceOpticalProximityThreshold
 .text.vexDeviceDistanceDistanceGet
                0x03806150       0x24 c:\Users\sahil\AppData\Roaming\Code\User\globalStorage\vexrobotics.vexcode\sdk\cpp\V5\V5_20240802_15_00_00/vexv5\libv5rt.a(v5_apijump.c.obj)
                0x03806150                vexDeviceDistanceDistanceGet
 .text.vexDisplayForegroundColor
                0x03806174       0x24 c:\Users\sahil\AppData\Roaming\Code\User\globalStorage\vexrobotics.vexcode\sdk\cpp\V5\V5_20240802_15_00_00/vexv5\libv5rt.a(v5_apijump.c.obj)
                0x03806174                vexDisplayForegroundColor
 .text.vexDisplayBackgroundColor
                0x03806198       0x24 c:\Users\sahil\AppData\Roaming\Code\User\globalStorage\vexrobotics.vexcode\sdk\cpp\V5\V5_20240802_15_00_00/vexv5\libv5rt.a(v5_apijump.c.obj)
                0x03806198                vexDisplayBackgroundColor
 .text.vexDisplayBackgroundColorGet
                0x038061bc       0x1c c:\Users\sahil\AppData\Roaming\Code\User\globalStorage\vexrobotics.vexcode\sdk\cpp\V5\V5_20240802_15_00_00/vexv5\libv5rt.a(v5_apijump.c.obj)
                0x038061bc                vexDisplayBackgroundColorGet
 .text.vexDisplayPixelSet
                0x038061d8       0x38 c:\Users\sahil\AppData\Roaming\Code\User\globalStorage\vexrobotics.vexcode\sdk\cpp\V5\V5_20240802_15_00_00/vexv5\libv5rt.a(v5_apijump.c.obj)
                0x038061d8                vexDisplayPixelSet
 .text.vexDisplayLineDraw
                0x03806210       0x4c c:\Users\sahil\AppData\Roaming\Code\User\globalStorage\vexrobotics.vexcode\sdk\cpp\V5\V5_20240802_15_00_00/vexv5\libv5rt.a(v5_apijump.c.obj)
                0x03806210                vexDisplayLineDraw
 .text.vexDisplayRectClear
                0x0380625c       0x4c c:\Users\sahil\AppData\Roaming\Code\User\globalStorage\vexrobotics.vexcode\sdk\cpp\V5\V5_20240802_15_00_00/vexv5\libv5rt.a(v5_apijump.c.obj)
                0x0380625c                vexDisplayRectClear
 .text.vexDisplayVPrintf
                0x038062a8       0x50 c:\Users\sahil\AppData\Roaming\Code\User\globalStorage\vexrobotics.vexcode\sdk\cpp\V5\V5_20240802_15_00_00/vexv5\libv5rt.a(v5_apijump.c.obj)
                0x038062a8                vexDisplayVPrintf
 .text.vexDisplayTextReference
                0x038062f8       0x24 c:\Users\sahil\AppData\Roaming\Code\User\globalStorage\vexrobotics.vexcode\sdk\cpp\V5\V5_20240802_15_00_00/vexv5\libv5rt.a(v5_apijump.c.obj)
                0x038062f8                vexDisplayTextReference
 .text.vexDisplayTextSize
                0x0380631c       0x2c c:\Users\sahil\AppData\Roaming\Code\User\globalStorage\vexrobotics.vexcode\sdk\cpp\V5\V5_20240802_15_00_00/vexv5\libv5rt.a(v5_apijump.c.obj)
                0x0380631c                vexDisplayTextSize
 .text.vexDisplayFontNamedSet
                0x03806348       0x24 c:\Users\sahil\AppData\Roaming\Code\User\globalStorage\vexrobotics.vexcode\sdk\cpp\V5\V5_20240802_15_00_00/vexv5\libv5rt.a(v5_apijump.c.obj)
                0x03806348                vexDisplayFontNamedSet
 .text.vexDisplayStringWidthGet
                0x0380636c       0x24 c:\Users\sahil\AppData\Roaming\Code\User\globalStorage\vexrobotics.vexcode\sdk\cpp\V5\V5_20240802_15_00_00/vexv5\libv5rt.a(v5_apijump.c.obj)
                0x0380636c                vexDisplayStringWidthGet
 .text.vexDisplayPenSizeGet
                0x03806390       0x1c c:\Users\sahil\AppData\Roaming\Code\User\globalStorage\vexrobotics.vexcode\sdk\cpp\V5\V5_20240802_15_00_00/vexv5\libv5rt.a(v5_apijump.c.obj)
                0x03806390                vexDisplayPenSizeGet
 .text.vexSystemStdlibImpureDataAddr
                0x038063ac       0x28 c:\Users\sahil\AppData\Roaming\Code\User\globalStorage\vexrobotics.vexcode\sdk\cpp\V5\V5_20240802_15_00_00/vexv5\libv5rt.a(v5_apijump.c.obj)
                0x038063ac                vexSystemStdlibImpureDataAddr
 .text.vexSystemStdlibImpureDataSize
                0x038063d4       0x28 c:\Users\sahil\AppData\Roaming\Code\User\globalStorage\vexrobotics.vexcode\sdk\cpp\V5\V5_20240802_15_00_00/vexv5\libv5rt.a(v5_apijump.c.obj)
                0x038063d4                vexSystemStdlibImpureDataSize
 .text.vexSystemSaveUserData
                0x038063fc       0x3c c:\Users\sahil\AppData\Roaming\Code\User\globalStorage\vexrobotics.vexcode\sdk\cpp\V5\V5_20240802_15_00_00/vexv5\libv5rt.a(v5_apijump.c.obj)
                0x038063fc                vexSystemSaveUserData
 .text.vexDisplayThemeIdGet
                0x03806438       0x38 c:\Users\sahil\AppData\Roaming\Code\User\globalStorage\vexrobotics.vexcode\sdk\cpp\V5\V5_20240802_15_00_00/vexv5\libv5rt.a(v5_apijump.c.obj)
                0x03806438                vexDisplayThemeIdGet
 .text.vexDeviceEventMaskSet
                0x03806470       0x48 c:\Users\sahil\AppData\Roaming\Code\User\globalStorage\vexrobotics.vexcode\sdk\cpp\V5\V5_20240802_15_00_00/vexv5\libv5rt.a(v5_apijump.c.obj)
                0x03806470                vexDeviceEventMaskSet
 .text.vexDeviceEventMaskGet
                0x038064b8       0x3c c:\Users\sahil\AppData\Roaming\Code\User\globalStorage\vexrobotics.vexcode\sdk\cpp\V5\V5_20240802_15_00_00/vexv5\libv5rt.a(v5_apijump.c.obj)
                0x038064b8                vexDeviceEventMaskGet
 .text.vexSystemVersion
                0x038064f4       0x10 c:\Users\sahil\AppData\Roaming\Code\User\globalStorage\vexrobotics.vexcode\sdk\cpp\V5\V5_20240802_15_00_00/vexv5\libv5rt.a(v5_apiversions.c.obj)
                0x038064f4                vexSystemVersion
 .text.vexStdlibVersion
                0x03806504       0x10 c:\Users\sahil\AppData\Roaming\Code\User\globalStorage\vexrobotics.vexcode\sdk\cpp\V5\V5_20240802_15_00_00/vexv5\libv5rt.a(v5_apiversions.c.obj)
                0x03806504                vexStdlibVersion
 *fill*         0x03806514        0x4 
 .text._ZN3vex4waitEdNS_9timeUnitsE
                0x03806518       0x30 c:\Users\sahil\AppData\Roaming\Code\User\globalStorage\vexrobotics.vexcode\sdk\cpp\V5\V5_20240802_15_00_00/vexv5\libv5rt.a(vex_global.cpp.obj)
                0x03806518                vex::wait(double, vex::timeUnits)
 .text._ZN3vex5motorD2Ev
                0x03806548       0x20 c:\Users\sahil\AppData\Roaming\Code\User\globalStorage\vexrobotics.vexcode\sdk\cpp\V5\V5_20240802_15_00_00/vexv5\libv5rt.a(vex_motor.cpp.obj)
                0x03806548                vex::motor::~motor()
                0x03806548                vex::motor::~motor()
 .text._ZN3vex5motorD0Ev
                0x03806568       0x1c c:\Users\sahil\AppData\Roaming\Code\User\globalStorage\vexrobotics.vexcode\sdk\cpp\V5\V5_20240802_15_00_00/vexv5\libv5rt.a(vex_motor.cpp.obj)
                0x03806568                vex::motor::~motor()
 .text._ZN3vex5motor9installedEv
                0x03806584       0x18 c:\Users\sahil\AppData\Roaming\Code\User\globalStorage\vexrobotics.vexcode\sdk\cpp\V5\V5_20240802_15_00_00/vexv5\libv5rt.a(vex_motor.cpp.obj)
                0x03806584                vex::motor::installed()
 .text._ZN3vex5motor15defaultStoppingENS_9brakeTypeE
                0x0380659c       0x30 c:\Users\sahil\AppData\Roaming\Code\User\globalStorage\vexrobotics.vexcode\sdk\cpp\V5\V5_20240802_15_00_00/vexv5\libv5rt.a(vex_motor.cpp.obj)
                0x0380659c                vex::motor::defaultStopping(vex::brakeType)
 .text._ZN3vex5motor11setStoppingENS_9brakeTypeE
                0x038065cc        0x4 c:\Users\sahil\AppData\Roaming\Code\User\globalStorage\vexrobotics.vexcode\sdk\cpp\V5\V5_20240802_15_00_00/vexv5\libv5rt.a(vex_motor.cpp.obj)
                0x038065cc                vex::motor::setStopping(vex::brakeType)
 .text._ZN3vex5motorC2El
                0x038065d0       0x78 c:\Users\sahil\AppData\Roaming\Code\User\globalStorage\vexrobotics.vexcode\sdk\cpp\V5\V5_20240802_15_00_00/vexv5\libv5rt.a(vex_motor.cpp.obj)
                0x038065d0                vex::motor::motor(long)
                0x038065d0                vex::motor::motor(long)
 .text._ZN3vex5motorC2ElNS_11gearSettingEb
                0x03806648       0x34 c:\Users\sahil\AppData\Roaming\Code\User\globalStorage\vexrobotics.vexcode\sdk\cpp\V5\V5_20240802_15_00_00/vexv5\libv5rt.a(vex_motor.cpp.obj)
                0x03806648                vex::motor::motor(long, vex::gearSetting, bool)
                0x03806648                vex::motor::motor(long, vex::gearSetting, bool)
 *fill*         0x0380667c        0x4 
 .text._ZN3vex5motor4spinENS_13directionTypeEdNS_12voltageUnitsE
                0x03806680       0x50 c:\Users\sahil\AppData\Roaming\Code\User\globalStorage\vexrobotics.vexcode\sdk\cpp\V5\V5_20240802_15_00_00/vexv5\libv5rt.a(vex_motor.cpp.obj)
                0x03806680                vex::motor::spin(vex::directionType, double, vex::voltageUnits)
 .text._ZN3vex5motor4stopENS_9brakeTypeE
                0x038066d0       0x30 c:\Users\sahil\AppData\Roaming\Code\User\globalStorage\vexrobotics.vexcode\sdk\cpp\V5\V5_20240802_15_00_00/vexv5\libv5rt.a(vex_motor.cpp.obj)
                0x038066d0                vex::motor::stop(vex::brakeType)
 .text._ZN3vex5motor4stopEv
                0x03806700        0x8 c:\Users\sahil\AppData\Roaming\Code\User\globalStorage\vexrobotics.vexcode\sdk\cpp\V5\V5_20240802_15_00_00/vexv5\libv5rt.a(vex_motor.cpp.obj)
                0x03806700                vex::motor::stop()
 .text._ZN3vex5motor16velocityToScaledEdNS_13velocityUnitsE
                0x03806708       0x5c c:\Users\sahil\AppData\Roaming\Code\User\globalStorage\vexrobotics.vexcode\sdk\cpp\V5\V5_20240802_15_00_00/vexv5\libv5rt.a(vex_motor.cpp.obj)
                0x03806708                vex::motor::velocityToScaled(double, vex::velocityUnits)
 .text._ZN3vex5motor8velocityENS_13velocityUnitsE
                0x03806764       0x30 c:\Users\sahil\AppData\Roaming\Code\User\globalStorage\vexrobotics.vexcode\sdk\cpp\V5\V5_20240802_15_00_00/vexv5\libv5rt.a(vex_motor.cpp.obj)
                0x03806764                vex::motor::velocity(vex::velocityUnits)
 .text._ZN3vex5motor5valueEv
                0x03806794       0x1c c:\Users\sahil\AppData\Roaming\Code\User\globalStorage\vexrobotics.vexcode\sdk\cpp\V5\V5_20240802_15_00_00/vexv5\libv5rt.a(vex_motor.cpp.obj)
                0x03806794                vex::motor::value()
 .text._ZN3vex5motor16scaledToVelocityEdNS_13velocityUnitsE
                0x038067b0       0xa4 c:\Users\sahil\AppData\Roaming\Code\User\globalStorage\vexrobotics.vexcode\sdk\cpp\V5\V5_20240802_15_00_00/vexv5\libv5rt.a(vex_motor.cpp.obj)
                0x038067b0                vex::motor::scaledToVelocity(double, vex::velocityUnits)
 .text._ZN3vex5motor4spinENS_13directionTypeEdNS_13velocityUnitsE
                0x03806854       0x5c c:\Users\sahil\AppData\Roaming\Code\User\globalStorage\vexrobotics.vexcode\sdk\cpp\V5\V5_20240802_15_00_00/vexv5\libv5rt.a(vex_motor.cpp.obj)
                0x03806854                vex::motor::spin(vex::directionType, double, vex::velocityUnits)
 .text._ZN3vex5motor16setRotationUnitsENS_13rotationUnitsE
                0x038068b0       0x1c c:\Users\sahil\AppData\Roaming\Code\User\globalStorage\vexrobotics.vexcode\sdk\cpp\V5\V5_20240802_15_00_00/vexv5\libv5rt.a(vex_motor.cpp.obj)
                0x038068b0                vex::motor::setRotationUnits(vex::rotationUnits)
 .text._ZN3vex5motor11setPositionEdNS_13rotationUnitsE
                0x038068cc       0x44 c:\Users\sahil\AppData\Roaming\Code\User\globalStorage\vexrobotics.vexcode\sdk\cpp\V5\V5_20240802_15_00_00/vexv5\libv5rt.a(vex_motor.cpp.obj)
                0x038068cc                vex::motor::setPosition(double, vex::rotationUnits)
 .text._ZN3vex5motor8positionENS_13rotationUnitsE
                0x03806910       0x44 c:\Users\sahil\AppData\Roaming\Code\User\globalStorage\vexrobotics.vexcode\sdk\cpp\V5\V5_20240802_15_00_00/vexv5\libv5rt.a(vex_motor.cpp.obj)
                0x03806910                vex::motor::position(vex::rotationUnits)
 .text._ZN3vex8inertial11getTurnTypeEv
                0x03806954        0x8 c:\Users\sahil\AppData\Roaming\Code\User\globalStorage\vexrobotics.vexcode\sdk\cpp\V5\V5_20240802_15_00_00/vexv5\libv5rt.a(vex_imu.cpp.obj)
                0x03806954                vex::inertial::getTurnType()
 .text._ZThn16_N3vex8inertial11getTurnTypeEv
                0x0380695c        0x8 c:\Users\sahil\AppData\Roaming\Code\User\globalStorage\vexrobotics.vexcode\sdk\cpp\V5\V5_20240802_15_00_00/vexv5\libv5rt.a(vex_imu.cpp.obj)
                0x0380695c                non-virtual thunk to vex::inertial::getTurnType()
 *fill*         0x03806964        0x4 
 .text._ZN3vex8inertial10setHeadingEdNS_13rotationUnitsE
                0x03806968       0x58 c:\Users\sahil\AppData\Roaming\Code\User\globalStorage\vexrobotics.vexcode\sdk\cpp\V5\V5_20240802_15_00_00/vexv5\libv5rt.a(vex_imu.cpp.obj)
                0x03806968                vex::inertial::setHeading(double, vex::rotationUnits)
 .text._ZThn16_N3vex8inertial10setHeadingEdNS_13rotationUnitsE
                0x038069c0        0x8 c:\Users\sahil\AppData\Roaming\Code\User\globalStorage\vexrobotics.vexcode\sdk\cpp\V5\V5_20240802_15_00_00/vexv5\libv5rt.a(vex_imu.cpp.obj)
                0x038069c0                non-virtual thunk to vex::inertial::setHeading(double, vex::rotationUnits)
 .text._ZN3vex8inertial11setRotationEdNS_13rotationUnitsE
                0x038069c8       0x58 c:\Users\sahil\AppData\Roaming\Code\User\globalStorage\vexrobotics.vexcode\sdk\cpp\V5\V5_20240802_15_00_00/vexv5\libv5rt.a(vex_imu.cpp.obj)
                0x038069c8                vex::inertial::setRotation(double, vex::rotationUnits)
 .text._ZThn16_N3vex8inertial11setRotationEdNS_13rotationUnitsE
                0x03806a20        0x8 c:\Users\sahil\AppData\Roaming\Code\User\globalStorage\vexrobotics.vexcode\sdk\cpp\V5\V5_20240802_15_00_00/vexv5\libv5rt.a(vex_imu.cpp.obj)
                0x03806a20                non-virtual thunk to vex::inertial::setRotation(double, vex::rotationUnits)
 .text._ZN3vex8inertialD2Ev
                0x03806a28       0x20 c:\Users\sahil\AppData\Roaming\Code\User\globalStorage\vexrobotics.vexcode\sdk\cpp\V5\V5_20240802_15_00_00/vexv5\libv5rt.a(vex_imu.cpp.obj)
                0x03806a28                vex::inertial::~inertial()
                0x03806a28                vex::inertial::~inertial()
 .text._ZThn16_N3vex8inertialD1Ev
                0x03806a48        0x8 c:\Users\sahil\AppData\Roaming\Code\User\globalStorage\vexrobotics.vexcode\sdk\cpp\V5\V5_20240802_15_00_00/vexv5\libv5rt.a(vex_imu.cpp.obj)
                0x03806a48                non-virtual thunk to vex::inertial::~inertial()
 .text._ZN3vex8inertialD0Ev
                0x03806a50       0x1c c:\Users\sahil\AppData\Roaming\Code\User\globalStorage\vexrobotics.vexcode\sdk\cpp\V5\V5_20240802_15_00_00/vexv5\libv5rt.a(vex_imu.cpp.obj)
                0x03806a50                vex::inertial::~inertial()
 .text._ZThn16_N3vex8inertialD0Ev
                0x03806a6c        0x8 c:\Users\sahil\AppData\Roaming\Code\User\globalStorage\vexrobotics.vexcode\sdk\cpp\V5\V5_20240802_15_00_00/vexv5\libv5rt.a(vex_imu.cpp.obj)
                0x03806a6c                non-virtual thunk to vex::inertial::~inertial()
 .text._ZN3vex8inertial9installedEv
                0x03806a74       0x18 c:\Users\sahil\AppData\Roaming\Code\User\globalStorage\vexrobotics.vexcode\sdk\cpp\V5\V5_20240802_15_00_00/vexv5\libv5rt.a(vex_imu.cpp.obj)
                0x03806a74                vex::inertial::installed()
 .text._ZN3vex8inertial5angleENS_13rotationUnitsE
                0x03806a8c       0x6c c:\Users\sahil\AppData\Roaming\Code\User\globalStorage\vexrobotics.vexcode\sdk\cpp\V5\V5_20240802_15_00_00/vexv5\libv5rt.a(vex_imu.cpp.obj)
                0x03806a8c                vex::inertial::angle(vex::rotationUnits)
 .text._ZThn16_N3vex8inertial5angleENS_13rotationUnitsE
                0x03806af8        0x8 c:\Users\sahil\AppData\Roaming\Code\User\globalStorage\vexrobotics.vexcode\sdk\cpp\V5\V5_20240802_15_00_00/vexv5\libv5rt.a(vex_imu.cpp.obj)
                0x03806af8                non-virtual thunk to vex::inertial::angle(vex::rotationUnits)
 .text._ZN3vex8inertial7headingENS_13rotationUnitsE
                0x03806b00        0x4 c:\Users\sahil\AppData\Roaming\Code\User\globalStorage\vexrobotics.vexcode\sdk\cpp\V5\V5_20240802_15_00_00/vexv5\libv5rt.a(vex_imu.cpp.obj)
                0x03806b00                vex::inertial::heading(vex::rotationUnits)
 .text._ZThn16_N3vex8inertial7headingENS_13rotationUnitsE
                0x03806b04        0x8 c:\Users\sahil\AppData\Roaming\Code\User\globalStorage\vexrobotics.vexcode\sdk\cpp\V5\V5_20240802_15_00_00/vexv5\libv5rt.a(vex_imu.cpp.obj)
                0x03806b04                non-virtual thunk to vex::inertial::heading(vex::rotationUnits)
 .text._ZN3vex8inertial5valueEv
                0x03806b0c       0x1c c:\Users\sahil\AppData\Roaming\Code\User\globalStorage\vexrobotics.vexcode\sdk\cpp\V5\V5_20240802_15_00_00/vexv5\libv5rt.a(vex_imu.cpp.obj)
                0x03806b0c                vex::inertial::value()
 .text._ZN3vex8inertial8rotationENS_13rotationUnitsE
                0x03806b28       0x48 c:\Users\sahil\AppData\Roaming\Code\User\globalStorage\vexrobotics.vexcode\sdk\cpp\V5\V5_20240802_15_00_00/vexv5\libv5rt.a(vex_imu.cpp.obj)
                0x03806b28                vex::inertial::rotation(vex::rotationUnits)
 .text._ZThn16_N3vex8inertial8rotationENS_13rotationUnitsE
                0x03806b70        0x8 c:\Users\sahil\AppData\Roaming\Code\User\globalStorage\vexrobotics.vexcode\sdk\cpp\V5\V5_20240802_15_00_00/vexv5\libv5rt.a(vex_imu.cpp.obj)
                0x03806b70                non-virtual thunk to vex::inertial::rotation(vex::rotationUnits)
 .text._ZN3vex8inertial13isCalibratingEv
                0x03806b78       0x38 c:\Users\sahil\AppData\Roaming\Code\User\globalStorage\vexrobotics.vexcode\sdk\cpp\V5\V5_20240802_15_00_00/vexv5\libv5rt.a(vex_imu.cpp.obj)
                0x03806b78                vex::inertial::isCalibrating()
 .text._ZThn16_N3vex8inertial13isCalibratingEv
                0x03806bb0        0x8 c:\Users\sahil\AppData\Roaming\Code\User\globalStorage\vexrobotics.vexcode\sdk\cpp\V5\V5_20240802_15_00_00/vexv5\libv5rt.a(vex_imu.cpp.obj)
                0x03806bb0                non-virtual thunk to vex::inertial::isCalibrating()
 .text._ZN3vex8inertialC2ElNS_8turnTypeE
                0x03806bb8       0x4c c:\Users\sahil\AppData\Roaming\Code\User\globalStorage\vexrobotics.vexcode\sdk\cpp\V5\V5_20240802_15_00_00/vexv5\libv5rt.a(vex_imu.cpp.obj)
                0x03806bb8                vex::inertial::inertial(long, vex::turnType)
                0x03806bb8                vex::inertial::inertial(long, vex::turnType)
 .text._ZN3vex8inertial16startCalibrationEl
                0x03806c04       0x20 c:\Users\sahil\AppData\Roaming\Code\User\globalStorage\vexrobotics.vexcode\sdk\cpp\V5\V5_20240802_15_00_00/vexv5\libv5rt.a(vex_imu.cpp.obj)
                0x03806c04                vex::inertial::startCalibration(long)
 .text._ZN3vex8inertial9calibrateEl
                0x03806c24        0xc c:\Users\sahil\AppData\Roaming\Code\User\globalStorage\vexrobotics.vexcode\sdk\cpp\V5\V5_20240802_15_00_00/vexv5\libv5rt.a(vex_imu.cpp.obj)
                0x03806c24                vex::inertial::calibrate(long)
                0x03806c28                non-virtual thunk to vex::inertial::calibrate(long)
 .text._ZN3vex8rotationD2Ev
                0x03806c30       0x20 c:\Users\sahil\AppData\Roaming\Code\User\globalStorage\vexrobotics.vexcode\sdk\cpp\V5\V5_20240802_15_00_00/vexv5\libv5rt.a(vex_rotation.cpp.obj)
                0x03806c30                vex::rotation::~rotation()
                0x03806c30                vex::rotation::~rotation()
 .text._ZN3vex8rotationD0Ev
                0x03806c50       0x1c c:\Users\sahil\AppData\Roaming\Code\User\globalStorage\vexrobotics.vexcode\sdk\cpp\V5\V5_20240802_15_00_00/vexv5\libv5rt.a(vex_rotation.cpp.obj)
                0x03806c50                vex::rotation::~rotation()
 .text._ZN3vex8rotation9installedEv
                0x03806c6c       0x18 c:\Users\sahil\AppData\Roaming\Code\User\globalStorage\vexrobotics.vexcode\sdk\cpp\V5\V5_20240802_15_00_00/vexv5\libv5rt.a(vex_rotation.cpp.obj)
                0x03806c6c                vex::rotation::installed()
 .text._ZN3vex8rotation5valueEv
                0x03806c84        0x8 c:\Users\sahil\AppData\Roaming\Code\User\globalStorage\vexrobotics.vexcode\sdk\cpp\V5\V5_20240802_15_00_00/vexv5\libv5rt.a(vex_rotation.cpp.obj)
                0x03806c84                vex::rotation::value()
 .text._ZN3vex8rotationC2Elb
                0x03806c8c       0x30 c:\Users\sahil\AppData\Roaming\Code\User\globalStorage\vexrobotics.vexcode\sdk\cpp\V5\V5_20240802_15_00_00/vexv5\libv5rt.a(vex_rotation.cpp.obj)
                0x03806c8c                vex::rotation::rotation(long, bool)
                0x03806c8c                vex::rotation::rotation(long, bool)
 *fill*         0x03806cbc        0x4 
 .text._ZN3vex8rotation11setPositionEdNS_13rotationUnitsE
                0x03806cc0       0x48 c:\Users\sahil\AppData\Roaming\Code\User\globalStorage\vexrobotics.vexcode\sdk\cpp\V5\V5_20240802_15_00_00/vexv5\libv5rt.a(vex_rotation.cpp.obj)
                0x03806cc0                vex::rotation::setPosition(double, vex::rotationUnits)
 .text._ZN3vex8rotation8positionENS_13rotationUnitsE
                0x03806d08       0x50 c:\Users\sahil\AppData\Roaming\Code\User\globalStorage\vexrobotics.vexcode\sdk\cpp\V5\V5_20240802_15_00_00/vexv5\libv5rt.a(vex_rotation.cpp.obj)
                0x03806d08                vex::rotation::position(vex::rotationUnits)
 .text._ZN3vex7opticalD2Ev
                0x03806d58       0x20 c:\Users\sahil\AppData\Roaming\Code\User\globalStorage\vexrobotics.vexcode\sdk\cpp\V5\V5_20240802_15_00_00/vexv5\libv5rt.a(vex_optical.cpp.obj)
                0x03806d58                vex::optical::~optical()
                0x03806d58                vex::optical::~optical()
 .text._ZN3vex7opticalD0Ev
                0x03806d78       0x1c c:\Users\sahil\AppData\Roaming\Code\User\globalStorage\vexrobotics.vexcode\sdk\cpp\V5\V5_20240802_15_00_00/vexv5\libv5rt.a(vex_optical.cpp.obj)
                0x03806d78                vex::optical::~optical()
 .text._ZN3vex7optical9installedEv
                0x03806d94       0x18 c:\Users\sahil\AppData\Roaming\Code\User\globalStorage\vexrobotics.vexcode\sdk\cpp\V5\V5_20240802_15_00_00/vexv5\libv5rt.a(vex_optical.cpp.obj)
                0x03806d94                vex::optical::installed()
 .text._ZN3vex7optical3hueEv
                0x03806dac        0x8 c:\Users\sahil\AppData\Roaming\Code\User\globalStorage\vexrobotics.vexcode\sdk\cpp\V5\V5_20240802_15_00_00/vexv5\libv5rt.a(vex_optical.cpp.obj)
                0x03806dac                vex::optical::hue()
 .text._ZN3vex7optical5valueEv
                0x03806db4       0x18 c:\Users\sahil\AppData\Roaming\Code\User\globalStorage\vexrobotics.vexcode\sdk\cpp\V5\V5_20240802_15_00_00/vexv5\libv5rt.a(vex_optical.cpp.obj)
                0x03806db4                vex::optical::value()
 .text._ZN3vex7optical13gestureEnableEv
                0x03806dcc        0x8 c:\Users\sahil\AppData\Roaming\Code\User\globalStorage\vexrobotics.vexcode\sdk\cpp\V5\V5_20240802_15_00_00/vexv5\libv5rt.a(vex_optical.cpp.obj)
                0x03806dcc                vex::optical::gestureEnable()
 .text._ZN3vex7optical14gestureDisableEv
                0x03806dd4        0x8 c:\Users\sahil\AppData\Roaming\Code\User\globalStorage\vexrobotics.vexcode\sdk\cpp\V5\V5_20240802_15_00_00/vexv5\libv5rt.a(vex_optical.cpp.obj)
                0x03806dd4                vex::optical::gestureDisable()
 .text._ZN3vex7opticalC2Elb
                0x03806ddc       0x54 c:\Users\sahil\AppData\Roaming\Code\User\globalStorage\vexrobotics.vexcode\sdk\cpp\V5\V5_20240802_15_00_00/vexv5\libv5rt.a(vex_optical.cpp.obj)
                0x03806ddc                vex::optical::optical(long, bool)
                0x03806ddc                vex::optical::optical(long, bool)
 .text._ZN3vex8distanceD2Ev
                0x03806e30       0x20 c:\Users\sahil\AppData\Roaming\Code\User\globalStorage\vexrobotics.vexcode\sdk\cpp\V5\V5_20240802_15_00_00/vexv5\libv5rt.a(vex_distance.cpp.obj)
                0x03806e30                vex::distance::~distance()
                0x03806e30                vex::distance::~distance()
 .text._ZN3vex8distanceD0Ev
                0x03806e50       0x1c c:\Users\sahil\AppData\Roaming\Code\User\globalStorage\vexrobotics.vexcode\sdk\cpp\V5\V5_20240802_15_00_00/vexv5\libv5rt.a(vex_distance.cpp.obj)
                0x03806e50                vex::distance::~distance()
 .text._ZN3vex8distance9installedEv
                0x03806e6c       0x18 c:\Users\sahil\AppData\Roaming\Code\User\globalStorage\vexrobotics.vexcode\sdk\cpp\V5\V5_20240802_15_00_00/vexv5\libv5rt.a(vex_distance.cpp.obj)
                0x03806e6c                vex::distance::installed()
 .text._ZN3vex8distance5valueEv
                0x03806e84        0x8 c:\Users\sahil\AppData\Roaming\Code\User\globalStorage\vexrobotics.vexcode\sdk\cpp\V5\V5_20240802_15_00_00/vexv5\libv5rt.a(vex_distance.cpp.obj)
                0x03806e84                vex::distance::value()
 .text._ZN3vex8distanceC2El
                0x03806e8c       0x20 c:\Users\sahil\AppData\Roaming\Code\User\globalStorage\vexrobotics.vexcode\sdk\cpp\V5\V5_20240802_15_00_00/vexv5\libv5rt.a(vex_distance.cpp.obj)
                0x03806e8c                vex::distance::distance(long)
                0x03806e8c                vex::distance::distance(long)
 .text._ZN3vex10controllerD2Ev
                0x03806eac        0x4 c:\Users\sahil\AppData\Roaming\Code\User\globalStorage\vexrobotics.vexcode\sdk\cpp\V5\V5_20240802_15_00_00/vexv5\libv5rt.a(vex_controller.cpp.obj)
                0x03806eac                vex::controller::~controller()
                0x03806eac                vex::controller::~controller()
 .text._ZN3vex10controller5valueE19_V5_ControllerIndex
                0x03806eb0        0x8 c:\Users\sahil\AppData\Roaming\Code\User\globalStorage\vexrobotics.vexcode\sdk\cpp\V5\V5_20240802_15_00_00/vexv5\libv5rt.a(vex_controller.cpp.obj)
                0x03806eb0                vex::controller::value(_V5_ControllerIndex)
 .text._ZN3vex10controller6rumbleEPKc
                0x03806eb8       0x4c c:\Users\sahil\AppData\Roaming\Code\User\globalStorage\vexrobotics.vexcode\sdk\cpp\V5\V5_20240802_15_00_00/vexv5\libv5rt.a(vex_controller.cpp.obj)
                0x03806eb8                vex::controller::rumble(char const*)
 .text._ZNK3vex10controller6button8pressingEv
                0x03806f04       0xc8 c:\Users\sahil\AppData\Roaming\Code\User\globalStorage\vexrobotics.vexcode\sdk\cpp\V5\V5_20240802_15_00_00/vexv5\libv5rt.a(vex_controller.cpp.obj)
                0x03806f04                vex::controller::button::pressing() const
 .text._ZNK3vex10controller6button21_buttonToPressedEventEv
                0x03806fcc       0x20 c:\Users\sahil\AppData\Roaming\Code\User\globalStorage\vexrobotics.vexcode\sdk\cpp\V5\V5_20240802_15_00_00/vexv5\libv5rt.a(vex_controller.cpp.obj)
                0x03806fcc                vex::controller::button::_buttonToPressedEvent() const
 .text._ZNK3vex10controller6button22_buttonToReleasedEventEv
                0x03806fec       0x20 c:\Users\sahil\AppData\Roaming\Code\User\globalStorage\vexrobotics.vexcode\sdk\cpp\V5\V5_20240802_15_00_00/vexv5\libv5rt.a(vex_controller.cpp.obj)
                0x03806fec                vex::controller::button::_buttonToReleasedEvent() const
 .text._ZN3vex10controller6buttonC2ENS0_11tButtonTypeEPS0_
                0x0380700c       0x48 c:\Users\sahil\AppData\Roaming\Code\User\globalStorage\vexrobotics.vexcode\sdk\cpp\V5\V5_20240802_15_00_00/vexv5\libv5rt.a(vex_controller.cpp.obj)
                0x0380700c                vex::controller::button::button(vex::controller::tButtonType, vex::controller*)
                0x0380700c                vex::controller::button::button(vex::controller::tButtonType, vex::controller*)
 .text._ZNK3vex10controller4axis5valueEv
                0x03807054       0x58 c:\Users\sahil\AppData\Roaming\Code\User\globalStorage\vexrobotics.vexcode\sdk\cpp\V5\V5_20240802_15_00_00/vexv5\libv5rt.a(vex_controller.cpp.obj)
                0x03807054                vex::controller::axis::value() const
 .text._ZNK3vex10controller4axis23_joystickToChangedEventEv
                0x038070ac       0x20 c:\Users\sahil\AppData\Roaming\Code\User\globalStorage\vexrobotics.vexcode\sdk\cpp\V5\V5_20240802_15_00_00/vexv5\libv5rt.a(vex_controller.cpp.obj)
                0x038070ac                vex::controller::axis::_joystickToChangedEvent() const
 .text._ZN3vex10controller4axisC2ENS0_9tAxisTypeEPS0_
                0x038070cc       0x2c c:\Users\sahil\AppData\Roaming\Code\User\globalStorage\vexrobotics.vexcode\sdk\cpp\V5\V5_20240802_15_00_00/vexv5\libv5rt.a(vex_controller.cpp.obj)
                0x038070cc                vex::controller::axis::axis(vex::controller::tAxisType, vex::controller*)
                0x038070cc                vex::controller::axis::axis(vex::controller::tAxisType, vex::controller*)
 .text._ZN3vex10controllerC2ENS_14controllerTypeE
                0x038070f8      0x16c c:\Users\sahil\AppData\Roaming\Code\User\globalStorage\vexrobotics.vexcode\sdk\cpp\V5\V5_20240802_15_00_00/vexv5\libv5rt.a(vex_controller.cpp.obj)
                0x038070f8                vex::controller::controller(vex::controllerType)
                0x038070f8                vex::controller::controller(vex::controllerType)
 .text._ZN3vex10controller3lcd15getControllerIdEv
                0x03807264       0x10 c:\Users\sahil\AppData\Roaming\Code\User\globalStorage\vexrobotics.vexcode\sdk\cpp\V5\V5_20240802_15_00_00/vexv5\libv5rt.a(vex_controller.cpp.obj)
                0x03807264                vex::controller::lcd::getControllerId()
 .text._ZN3vex10controller3lcd9setCursorEll
                0x03807274       0x40 c:\Users\sahil\AppData\Roaming\Code\User\globalStorage\vexrobotics.vexcode\sdk\cpp\V5\V5_20240802_15_00_00/vexv5\libv5rt.a(vex_controller.cpp.obj)
                0x03807274                vex::controller::lcd::setCursor(long, long)
 .text._ZN3vex10controller3lcd5printEPKcz
                0x038072b4       0x80 c:\Users\sahil\AppData\Roaming\Code\User\globalStorage\vexrobotics.vexcode\sdk\cpp\V5\V5_20240802_15_00_00/vexv5\libv5rt.a(vex_controller.cpp.obj)
                0x038072b4                vex::controller::lcd::print(char const*, ...)
 .text._ZN3vex10controller3lcd9clearLineEi
                0x03807334       0x80 c:\Users\sahil\AppData\Roaming\Code\User\globalStorage\vexrobotics.vexcode\sdk\cpp\V5\V5_20240802_15_00_00/vexv5\libv5rt.a(vex_controller.cpp.obj)
                0x03807334                vex::controller::lcd::clearLine(int)
 .text._ZN3vex10controller3lcd11clearScreenEv
                0x038073b4       0x5c c:\Users\sahil\AppData\Roaming\Code\User\globalStorage\vexrobotics.vexcode\sdk\cpp\V5\V5_20240802_15_00_00/vexv5\libv5rt.a(vex_controller.cpp.obj)
                0x038073b4                vex::controller::lcd::clearScreen()
 .text._ZN3vex6threadC2EPFivE
                0x03807410       0x5c c:\Users\sahil\AppData\Roaming\Code\User\globalStorage\vexrobotics.vexcode\sdk\cpp\V5\V5_20240802_15_00_00/vexv5\libv5rt.a(vex_thread.cpp.obj)
                0x03807410                vex::thread::thread(int (*)())
                0x03807410                vex::thread::thread(int (*)())
 .text._ZN3vex6threadD2Ev
                0x0380746c        0x4 c:\Users\sahil\AppData\Roaming\Code\User\globalStorage\vexrobotics.vexcode\sdk\cpp\V5\V5_20240802_15_00_00/vexv5\libv5rt.a(vex_thread.cpp.obj)
                0x0380746c                vex::thread::~thread()
                0x0380746c                vex::thread::~thread()
 .text._ZN3vex11this_thread9sleep_forEm
                0x03807470        0x4 c:\Users\sahil\AppData\Roaming\Code\User\globalStorage\vexrobotics.vexcode\sdk\cpp\V5\V5_20240802_15_00_00/vexv5\libv5rt.a(vex_thread.cpp.obj)
                0x03807470                vex::this_thread::sleep_for(unsigned long)
 .text._ZN3vex5event4initEmmPFvvE
                0x03807474        0x4 c:\Users\sahil\AppData\Roaming\Code\User\globalStorage\vexrobotics.vexcode\sdk\cpp\V5\V5_20240802_15_00_00/vexv5\libv5rt.a(vex_event.cpp.obj)
                0x03807474                vex::event::init(unsigned long, unsigned long, void (*)())
 .text._ZN3vex5event4initEmmPFvPvES1_
                0x03807478        0x4 c:\Users\sahil\AppData\Roaming\Code\User\globalStorage\vexrobotics.vexcode\sdk\cpp\V5\V5_20240802_15_00_00/vexv5\libv5rt.a(vex_event.cpp.obj)
                0x03807478                vex::event::init(unsigned long, unsigned long, void (*)(void*), void*)
 .text._ZN3vex5event9userindexEv
                0x0380747c        0x4 c:\Users\sahil\AppData\Roaming\Code\User\globalStorage\vexrobotics.vexcode\sdk\cpp\V5\V5_20240802_15_00_00/vexv5\libv5rt.a(vex_event.cpp.obj)
                0x0380747c                vex::event::userindex()
 .text._ZZN3vex6meventC4EmmENUlvE_4_FUNEv
                0x03807480        0x4 c:\Users\sahil\AppData\Roaming\Code\User\globalStorage\vexrobotics.vexcode\sdk\cpp\V5\V5_20240802_15_00_00/vexv5\libv5rt.a(vex_mevent.cpp.obj)
 .text._ZN3vex6meventC2Emm
                0x03807484       0x70 c:\Users\sahil\AppData\Roaming\Code\User\globalStorage\vexrobotics.vexcode\sdk\cpp\V5\V5_20240802_15_00_00/vexv5\libv5rt.a(vex_mevent.cpp.obj)
                0x03807484                vex::mevent::mevent(unsigned long, unsigned long)
                0x03807484                vex::mevent::mevent(unsigned long, unsigned long)
 .text._ZN3vex5brain9_getIndexEv
                0x038074f4       0x10 c:\Users\sahil\AppData\Roaming\Code\User\globalStorage\vexrobotics.vexcode\sdk\cpp\V5\V5_20240802_15_00_00/vexv5\libv5rt.a(vex_brain.cpp.obj)
                0x038074f4                vex::brain::_getIndex()
 .text._ZN3vex5brain5timerENS_9timeUnitsE
                0x03807504        0x8 c:\Users\sahil\AppData\Roaming\Code\User\globalStorage\vexrobotics.vexcode\sdk\cpp\V5\V5_20240802_15_00_00/vexv5\libv5rt.a(vex_brain.cpp.obj)
                0x03807504                vex::brain::timer(vex::timeUnits)
 .text._ZN3vex5brain3lcd9setCursorEll
                0x0380750c       0x44 c:\Users\sahil\AppData\Roaming\Code\User\globalStorage\vexrobotics.vexcode\sdk\cpp\V5\V5_20240802_15_00_00/vexv5\libv5rt.a(vex_brain.cpp.obj)
                0x0380750c                vex::brain::lcd::setCursor(long, long)
 .text._ZN3vex5brain3lcd7setFontENS_8fontTypeE
                0x03807550      0x23c c:\Users\sahil\AppData\Roaming\Code\User\globalStorage\vexrobotics.vexcode\sdk\cpp\V5\V5_20240802_15_00_00/vexv5\libv5rt.a(vex_brain.cpp.obj)
                0x03807550                vex::brain::lcd::setFont(vex::fontType)
 .text._ZN3vex5brain3lcdC2Ev
                0x0380778c       0x94 c:\Users\sahil\AppData\Roaming\Code\User\globalStorage\vexrobotics.vexcode\sdk\cpp\V5\V5_20240802_15_00_00/vexv5\libv5rt.a(vex_brain.cpp.obj)
                0x0380778c                vex::brain::lcd::lcd()
                0x0380778c                vex::brain::lcd::lcd()
 .text._ZN3vex5brainC2Ev
                0x03807820       0x3c c:\Users\sahil\AppData\Roaming\Code\User\globalStorage\vexrobotics.vexcode\sdk\cpp\V5\V5_20240802_15_00_00/vexv5\libv5rt.a(vex_brain.cpp.obj)
                0x03807820                vex::brain::brain()
                0x03807820                vex::brain::brain()
 .text._ZN3vex5brain3lcd11setPenColorERKNS_5colorE
                0x0380785c       0x14 c:\Users\sahil\AppData\Roaming\Code\User\globalStorage\vexrobotics.vexcode\sdk\cpp\V5\V5_20240802_15_00_00/vexv5\libv5rt.a(vex_brain.cpp.obj)
                0x0380785c                vex::brain::lcd::setPenColor(vex::color const&)
 .text._ZN3vex5brain3lcd7printAtEllPKcz
                0x03807870       0x54 c:\Users\sahil\AppData\Roaming\Code\User\globalStorage\vexrobotics.vexcode\sdk\cpp\V5\V5_20240802_15_00_00/vexv5\libv5rt.a(vex_brain.cpp.obj)
                0x03807870                vex::brain::lcd::printAt(long, long, char const*, ...)
 .text._ZN3vex5brain3lcd12_clearScreenEm
                0x038078c4       0x38 c:\Users\sahil\AppData\Roaming\Code\User\globalStorage\vexrobotics.vexcode\sdk\cpp\V5\V5_20240802_15_00_00/vexv5\libv5rt.a(vex_brain.cpp.obj)
                0x038078c4                vex::brain::lcd::_clearScreen(unsigned long)
 .text._ZN3vex5brain3lcd11clearScreenERKNS_5colorE
                0x038078fc       0x20 c:\Users\sahil\AppData\Roaming\Code\User\globalStorage\vexrobotics.vexcode\sdk\cpp\V5\V5_20240802_15_00_00/vexv5\libv5rt.a(vex_brain.cpp.obj)
                0x038078fc                vex::brain::lcd::clearScreen(vex::color const&)
 .text._ZN3vex5brain3lcd11clearScreenEv
                0x0380791c       0x2c c:\Users\sahil\AppData\Roaming\Code\User\globalStorage\vexrobotics.vexcode\sdk\cpp\V5\V5_20240802_15_00_00/vexv5\libv5rt.a(vex_brain.cpp.obj)
                0x0380791c                vex::brain::lcd::clearScreen()
 .text._ZN3vex5brain3lcd9drawPixelEii
                0x03807948       0x14 c:\Users\sahil\AppData\Roaming\Code\User\globalStorage\vexrobotics.vexcode\sdk\cpp\V5\V5_20240802_15_00_00/vexv5\libv5rt.a(vex_brain.cpp.obj)
                0x03807948                vex::brain::lcd::drawPixel(int, int)
 .text._ZN3vex5brain3lcd8drawLineEiiii
                0x0380795c      0x2c4 c:\Users\sahil\AppData\Roaming\Code\User\globalStorage\vexrobotics.vexcode\sdk\cpp\V5\V5_20240802_15_00_00/vexv5\libv5rt.a(vex_brain.cpp.obj)
                0x0380795c                vex::brain::lcd::drawLine(int, int, int, int)
 .text._ZN3vex5brain3lcd10rowToPixelEl
                0x03807c20       0x34 c:\Users\sahil\AppData\Roaming\Code\User\globalStorage\vexrobotics.vexcode\sdk\cpp\V5\V5_20240802_15_00_00/vexv5\libv5rt.a(vex_brain.cpp.obj)
                0x03807c20                vex::brain::lcd::rowToPixel(long)
 .text._ZN3vex5brain3lcd5printEPKcz
                0x03807c54       0xb8 c:\Users\sahil\AppData\Roaming\Code\User\globalStorage\vexrobotics.vexcode\sdk\cpp\V5\V5_20240802_15_00_00/vexv5\libv5rt.a(vex_brain.cpp.obj)
                0x03807c54                vex::brain::lcd::print(char const*, ...)
 .text._ZN3vex5brainD2Ev
                0x03807d0c       0x20 c:\Users\sahil\AppData\Roaming\Code\User\globalStorage\vexrobotics.vexcode\sdk\cpp\V5\V5_20240802_15_00_00/vexv5\libv5rt.a(vex_brain.cpp.obj)
                0x03807d0c                vex::brain::~brain()
                0x03807d0c                vex::brain::~brain()
 .text._ZN3vex11competition8_disableEPv
                0x03807d2c       0xa4 c:\Users\sahil\AppData\Roaming\Code\User\globalStorage\vexrobotics.vexcode\sdk\cpp\V5\V5_20240802_15_00_00/vexv5\libv5rt.a(vex_competition.cpp.obj)
                0x03807d2c                vex::competition::_disable(void*)
 .text._ZN3vex11competition11_autonomousEv
                0x03807dd0       0x80 c:\Users\sahil\AppData\Roaming\Code\User\globalStorage\vexrobotics.vexcode\sdk\cpp\V5\V5_20240802_15_00_00/vexv5\libv5rt.a(vex_competition.cpp.obj)
                0x03807dd0                vex::competition::_autonomous()
 .text._ZN3vex11competition14_drivercontrolEv
                0x03807e50       0x80 c:\Users\sahil\AppData\Roaming\Code\User\globalStorage\vexrobotics.vexcode\sdk\cpp\V5\V5_20240802_15_00_00/vexv5\libv5rt.a(vex_competition.cpp.obj)
                0x03807e50                vex::competition::_drivercontrol()
 .text._ZN3vex11competitionC2Ev
                0x03807ed0      0x13c c:\Users\sahil\AppData\Roaming\Code\User\globalStorage\vexrobotics.vexcode\sdk\cpp\V5\V5_20240802_15_00_00/vexv5\libv5rt.a(vex_competition.cpp.obj)
                0x03807ed0                vex::competition::competition()
                0x03807ed0                vex::competition::competition()
 .text._ZN3vex11competitionD2Ev
                0x0380800c        0x4 c:\Users\sahil\AppData\Roaming\Code\User\globalStorage\vexrobotics.vexcode\sdk\cpp\V5\V5_20240802_15_00_00/vexv5\libv5rt.a(vex_competition.cpp.obj)
                0x0380800c                vex::competition::~competition()
                0x0380800c                vex::competition::~competition()
 .text._ZN3vex11competition10autonomousEPFvvE
                0x03808010       0x44 c:\Users\sahil\AppData\Roaming\Code\User\globalStorage\vexrobotics.vexcode\sdk\cpp\V5\V5_20240802_15_00_00/vexv5\libv5rt.a(vex_competition.cpp.obj)
                0x03808010                vex::competition::autonomous(void (*)())
 .text._ZN3vex11competition13drivercontrolEPFvvE
                0x03808054       0x44 c:\Users\sahil\AppData\Roaming\Code\User\globalStorage\vexrobotics.vexcode\sdk\cpp\V5\V5_20240802_15_00_00/vexv5\libv5rt.a(vex_competition.cpp.obj)
                0x03808054                vex::competition::drivercontrol(void (*)())
 .text._ZN3vex7triportD2Ev
                0x03808098       0x38 c:\Users\sahil\AppData\Roaming\Code\User\globalStorage\vexrobotics.vexcode\sdk\cpp\V5\V5_20240802_15_00_00/vexv5\libv5rt.a(vex_triport.cpp.obj)
                0x03808098                vex::triport::~triport()
                0x03808098                vex::triport::~triport()
 .text._ZN3vex7triportD0Ev
                0x038080d0       0x1c c:\Users\sahil\AppData\Roaming\Code\User\globalStorage\vexrobotics.vexcode\sdk\cpp\V5\V5_20240802_15_00_00/vexv5\libv5rt.a(vex_triport.cpp.obj)
                0x038080d0                vex::triport::~triport()
 .text._ZN3vex7triport9installedEv
                0x038080ec       0x18 c:\Users\sahil\AppData\Roaming\Code\User\globalStorage\vexrobotics.vexcode\sdk\cpp\V5\V5_20240802_15_00_00/vexv5\libv5rt.a(vex_triport.cpp.obj)
                0x038080ec                vex::triport::installed()
 .text._ZN3vex7triport4portC2ElPS0_
                0x03808104       0x74 c:\Users\sahil\AppData\Roaming\Code\User\globalStorage\vexrobotics.vexcode\sdk\cpp\V5\V5_20240802_15_00_00/vexv5\libv5rt.a(vex_triport.cpp.obj)
                0x03808104                vex::triport::port::port(long, vex::triport*)
                0x03808104                vex::triport::port::port(long, vex::triport*)
 .text._ZN3vex7triportC2El
                0x03808178       0xf0 c:\Users\sahil\AppData\Roaming\Code\User\globalStorage\vexrobotics.vexcode\sdk\cpp\V5\V5_20240802_15_00_00/vexv5\libv5rt.a(vex_triport.cpp.obj)
                0x03808178                vex::triport::triport(long)
                0x03808178                vex::triport::triport(long)
 .text._ZN3vex7triport4port4typeENS_11triportTypeE
                0x03808268       0x30 c:\Users\sahil\AppData\Roaming\Code\User\globalStorage\vexrobotics.vexcode\sdk\cpp\V5\V5_20240802_15_00_00/vexv5\libv5rt.a(vex_triport.cpp.obj)
                0x03808268                vex::triport::port::type(vex::triportType)
 .text._ZN3vex7triport4port4typeEv
                0x03808298       0x38 c:\Users\sahil\AppData\Roaming\Code\User\globalStorage\vexrobotics.vexcode\sdk\cpp\V5\V5_20240802_15_00_00/vexv5\libv5rt.a(vex_triport.cpp.obj)
                0x03808298                vex::triport::port::type()
 .text._ZN3vex11__trideviceC2ERNS_7triport4portENS_11triportTypeE
                0x038082d0       0x5c c:\Users\sahil\AppData\Roaming\Code\User\globalStorage\vexrobotics.vexcode\sdk\cpp\V5\V5_20240802_15_00_00/vexv5\libv5rt.a(vex_triport.cpp.obj)
                0x038082d0                vex::__tridevice::__tridevice(vex::triport::port&, vex::triportType)
                0x038082d0                vex::__tridevice::__tridevice(vex::triport::port&, vex::triportType)
 .text._ZN3vex11digital_outC2ERNS_7triport4portE
                0x0380832c       0x18 c:\Users\sahil\AppData\Roaming\Code\User\globalStorage\vexrobotics.vexcode\sdk\cpp\V5\V5_20240802_15_00_00/vexv5\libv5rt.a(vex_triport.cpp.obj)
                0x0380832c                vex::digital_out::digital_out(vex::triport::port&)
                0x0380832c                vex::digital_out::digital_out(vex::triport::port&)
 .text._ZN3vex11digital_outD2Ev
                0x03808344        0x4 c:\Users\sahil\AppData\Roaming\Code\User\globalStorage\vexrobotics.vexcode\sdk\cpp\V5\V5_20240802_15_00_00/vexv5\libv5rt.a(vex_triport.cpp.obj)
                0x03808344                vex::digital_out::~digital_out()
                0x03808344                vex::digital_out::~digital_out()
 .text._ZN3vex5colorD2Ev
                0x03808348        0x4 c:\Users\sahil\AppData\Roaming\Code\User\globalStorage\vexrobotics.vexcode\sdk\cpp\V5\V5_20240802_15_00_00/vexv5\libv5rt.a(vex_color.cpp.obj)
                0x03808348                vex::color::~color()
                0x03808348                vex::color::~color()
 .text._ZNK3vex5colorcvmEv
                0x0380834c        0x8 c:\Users\sahil\AppData\Roaming\Code\User\globalStorage\vexrobotics.vexcode\sdk\cpp\V5\V5_20240802_15_00_00/vexv5\libv5rt.a(vex_color.cpp.obj)
                0x0380834c                vex::color::operator unsigned long() const
 .text.startup._GLOBAL__sub_I__ZN3vex5color5blackE
                0x03808354      0x164 c:\Users\sahil\AppData\Roaming\Code\User\globalStorage\vexrobotics.vexcode\sdk\cpp\V5\V5_20240802_15_00_00/vexv5\libv5rt.a(vex_color.cpp.obj)
 .text._ZN3vex5timerD2Ev
                0x038084b8        0x4 c:\Users\sahil\AppData\Roaming\Code\User\globalStorage\vexrobotics.vexcode\sdk\cpp\V5\V5_20240802_15_00_00/vexv5\libv5rt.a(vex_timer.cpp.obj)
                0x038084b8                vex::timer::~timer()
                0x038084b8                vex::timer::~timer()
 .text._ZN3vex5timer5clearEv
                0x038084bc       0x1c c:\Users\sahil\AppData\Roaming\Code\User\globalStorage\vexrobotics.vexcode\sdk\cpp\V5\V5_20240802_15_00_00/vexv5\libv5rt.a(vex_timer.cpp.obj)
                0x038084bc                vex::timer::clear()
 .text._ZN3vex5timerC2Ev
                0x038084d8       0x14 c:\Users\sahil\AppData\Roaming\Code\User\globalStorage\vexrobotics.vexcode\sdk\cpp\V5\V5_20240802_15_00_00/vexv5\libv5rt.a(vex_timer.cpp.obj)
                0x038084d8                vex::timer::timer()
                0x038084d8                vex::timer::timer()
 *fill*         0x038084ec        0x4 
 .text._ZNK3vex5timer4timeENS_9timeUnitsE
                0x038084f0       0x40 c:\Users\sahil\AppData\Roaming\Code\User\globalStorage\vexrobotics.vexcode\sdk\cpp\V5\V5_20240802_15_00_00/vexv5\libv5rt.a(vex_timer.cpp.obj)
                0x038084f0                vex::timer::time(vex::timeUnits) const
 .text._ZN3vex11motor_group18motor_group_motorsC2Ev
                0x03808530       0x28 c:\Users\sahil\AppData\Roaming\Code\User\globalStorage\vexrobotics.vexcode\sdk\cpp\V5\V5_20240802_15_00_00/vexv5\libv5rt.a(vex_motorgroup.cpp.obj)
                0x03808530                vex::motor_group::motor_group_motors::motor_group_motors()
                0x03808530                vex::motor_group::motor_group_motors::motor_group_motors()
 .text._ZN3vex11motor_groupC2Ev
                0x03808558       0x1c c:\Users\sahil\AppData\Roaming\Code\User\globalStorage\vexrobotics.vexcode\sdk\cpp\V5\V5_20240802_15_00_00/vexv5\libv5rt.a(vex_motorgroup.cpp.obj)
                0x03808558                vex::motor_group::motor_group()
                0x03808558                vex::motor_group::motor_group()
 .text._ZN3vex11motor_groupD2Ev
                0x03808574        0x4 c:\Users\sahil\AppData\Roaming\Code\User\globalStorage\vexrobotics.vexcode\sdk\cpp\V5\V5_20240802_15_00_00/vexv5\libv5rt.a(vex_motorgroup.cpp.obj)
                0x03808574                vex::motor_group::~motor_group()
                0x03808574                vex::motor_group::~motor_group()
 .text._ZN3vex11motor_group9_addMotorERNS_5motorE
                0x03808578       0x20 c:\Users\sahil\AppData\Roaming\Code\User\globalStorage\vexrobotics.vexcode\sdk\cpp\V5\V5_20240802_15_00_00/vexv5\libv5rt.a(vex_motorgroup.cpp.obj)
                0x03808578                vex::motor_group::_addMotor(vex::motor&)
 .text._ZN3vex11motor_group11setPositionEdNS_13rotationUnitsE
                0x03808598       0x4c c:\Users\sahil\AppData\Roaming\Code\User\globalStorage\vexrobotics.vexcode\sdk\cpp\V5\V5_20240802_15_00_00/vexv5\libv5rt.a(vex_motorgroup.cpp.obj)
                0x03808598                vex::motor_group::setPosition(double, vex::rotationUnits)
 .text._ZN3vex11motor_group4spinENS_13directionTypeEdNS_12voltageUnitsE
                0x038085e4       0x54 c:\Users\sahil\AppData\Roaming\Code\User\globalStorage\vexrobotics.vexcode\sdk\cpp\V5\V5_20240802_15_00_00/vexv5\libv5rt.a(vex_motorgroup.cpp.obj)
                0x038085e4                vex::motor_group::spin(vex::directionType, double, vex::voltageUnits)
 .text._ZN3vex11motor_group4stopENS_9brakeTypeE
                0x03808638       0x38 c:\Users\sahil\AppData\Roaming\Code\User\globalStorage\vexrobotics.vexcode\sdk\cpp\V5\V5_20240802_15_00_00/vexv5\libv5rt.a(vex_motorgroup.cpp.obj)
                0x03808638                vex::motor_group::stop(vex::brakeType)
 .text._ZN3vex11motor_group8positionENS_13rotationUnitsE
                0x03808670        0xc c:\Users\sahil\AppData\Roaming\Code\User\globalStorage\vexrobotics.vexcode\sdk\cpp\V5\V5_20240802_15_00_00/vexv5\libv5rt.a(vex_motorgroup.cpp.obj)
                0x03808670                vex::motor_group::position(vex::rotationUnits)
 .text.vexAdiPortConfigSet
                0x0380867c       0x28 c:\Users\sahil\AppData\Roaming\Code\User\globalStorage\vexrobotics.vexcode\sdk\cpp\V5\V5_20240802_15_00_00/vexv5\libv5rt.a(v5_apiuser.c.obj)
                0x0380867c                vexAdiPortConfigSet
 .text.vexAdiPortConfigGet
                0x038086a4       0x28 c:\Users\sahil\AppData\Roaming\Code\User\globalStorage\vexrobotics.vexcode\sdk\cpp\V5\V5_20240802_15_00_00/vexv5\libv5rt.a(v5_apiuser.c.obj)
                0x038086a4                vexAdiPortConfigGet
 .text.vexMotorVelocitySet
                0x038086cc       0x20 c:\Users\sahil\AppData\Roaming\Code\User\globalStorage\vexrobotics.vexcode\sdk\cpp\V5\V5_20240802_15_00_00/vexv5\libv5rt.a(v5_apiuser.c.obj)
                0x038086cc                vexMotorVelocitySet
 .text.vexMotorVoltageSet
                0x038086ec       0x20 c:\Users\sahil\AppData\Roaming\Code\User\globalStorage\vexrobotics.vexcode\sdk\cpp\V5\V5_20240802_15_00_00/vexv5\libv5rt.a(v5_apiuser.c.obj)
                0x038086ec                vexMotorVoltageSet
 .text.vexMotorActualVelocityGet
                0x0380870c       0x24 c:\Users\sahil\AppData\Roaming\Code\User\globalStorage\vexrobotics.vexcode\sdk\cpp\V5\V5_20240802_15_00_00/vexv5\libv5rt.a(v5_apiuser.c.obj)
                0x0380870c                vexMotorActualVelocityGet
 .text.vexMotorReverseFlagSet
                0x03808730       0x20 c:\Users\sahil\AppData\Roaming\Code\User\globalStorage\vexrobotics.vexcode\sdk\cpp\V5\V5_20240802_15_00_00/vexv5\libv5rt.a(v5_apiuser.c.obj)
                0x03808730                vexMotorReverseFlagSet
 .text.vexMotorEncoderUnitsSet
                0x03808750       0x20 c:\Users\sahil\AppData\Roaming\Code\User\globalStorage\vexrobotics.vexcode\sdk\cpp\V5\V5_20240802_15_00_00/vexv5\libv5rt.a(v5_apiuser.c.obj)
                0x03808750                vexMotorEncoderUnitsSet
 .text.vexMotorBrakeModeSet
                0x03808770       0x20 c:\Users\sahil\AppData\Roaming\Code\User\globalStorage\vexrobotics.vexcode\sdk\cpp\V5\V5_20240802_15_00_00/vexv5\libv5rt.a(v5_apiuser.c.obj)
                0x03808770                vexMotorBrakeModeSet
 .text.vexMotorPositionSet
                0x03808790       0x28 c:\Users\sahil\AppData\Roaming\Code\User\globalStorage\vexrobotics.vexcode\sdk\cpp\V5\V5_20240802_15_00_00/vexv5\libv5rt.a(v5_apiuser.c.obj)
                0x03808790                vexMotorPositionSet
 .text.vexMotorPositionGet
                0x038087b8       0x24 c:\Users\sahil\AppData\Roaming\Code\User\globalStorage\vexrobotics.vexcode\sdk\cpp\V5\V5_20240802_15_00_00/vexv5\libv5rt.a(v5_apiuser.c.obj)
                0x038087b8                vexMotorPositionGet
 .text.vexMotorGearingSet
                0x038087dc       0x20 c:\Users\sahil\AppData\Roaming\Code\User\globalStorage\vexrobotics.vexcode\sdk\cpp\V5\V5_20240802_15_00_00/vexv5\libv5rt.a(v5_apiuser.c.obj)
                0x038087dc                vexMotorGearingSet
 .text.vexMotorGearingGet
                0x038087fc       0x18 c:\Users\sahil\AppData\Roaming\Code\User\globalStorage\vexrobotics.vexcode\sdk\cpp\V5\V5_20240802_15_00_00/vexv5\libv5rt.a(v5_apiuser.c.obj)
                0x038087fc                vexMotorGearingGet
 .text.vexImuReset
                0x03808814       0x10 c:\Users\sahil\AppData\Roaming\Code\User\globalStorage\vexrobotics.vexcode\sdk\cpp\V5\V5_20240802_15_00_00/vexv5\libv5rt.a(v5_apiuser.c.obj)
                0x03808814                vexImuReset
 .text.vexImuHeadingGet
                0x03808824       0x10 c:\Users\sahil\AppData\Roaming\Code\User\globalStorage\vexrobotics.vexcode\sdk\cpp\V5\V5_20240802_15_00_00/vexv5\libv5rt.a(v5_apiuser.c.obj)
                0x03808824                vexImuHeadingGet
 .text.vexImuDegreesGet
                0x03808834       0x10 c:\Users\sahil\AppData\Roaming\Code\User\globalStorage\vexrobotics.vexcode\sdk\cpp\V5\V5_20240802_15_00_00/vexv5\libv5rt.a(v5_apiuser.c.obj)
                0x03808834                vexImuDegreesGet
 .text.vexImuStatusGet
                0x03808844       0x10 c:\Users\sahil\AppData\Roaming\Code\User\globalStorage\vexrobotics.vexcode\sdk\cpp\V5\V5_20240802_15_00_00/vexv5\libv5rt.a(v5_apiuser.c.obj)
                0x03808844                vexImuStatusGet
 .text.vexAbsEncPositionSet
                0x03808854       0x18 c:\Users\sahil\AppData\Roaming\Code\User\globalStorage\vexrobotics.vexcode\sdk\cpp\V5\V5_20240802_15_00_00/vexv5\libv5rt.a(v5_apiuser.c.obj)
                0x03808854                vexAbsEncPositionSet
 .text.vexAbsEncPositionGet
                0x0380886c       0x10 c:\Users\sahil\AppData\Roaming\Code\User\globalStorage\vexrobotics.vexcode\sdk\cpp\V5\V5_20240802_15_00_00/vexv5\libv5rt.a(v5_apiuser.c.obj)
                0x0380886c                vexAbsEncPositionGet
 .text.vexAbsEncAngleGet
                0x0380887c       0x10 c:\Users\sahil\AppData\Roaming\Code\User\globalStorage\vexrobotics.vexcode\sdk\cpp\V5\V5_20240802_15_00_00/vexv5\libv5rt.a(v5_apiuser.c.obj)
                0x0380887c                vexAbsEncAngleGet
 .text.vexAbsEncReverseFlagSet
                0x0380888c       0x18 c:\Users\sahil\AppData\Roaming\Code\User\globalStorage\vexrobotics.vexcode\sdk\cpp\V5\V5_20240802_15_00_00/vexv5\libv5rt.a(v5_apiuser.c.obj)
                0x0380888c                vexAbsEncReverseFlagSet
 .text.vexOpticalHueGet
                0x038088a4       0x10 c:\Users\sahil\AppData\Roaming\Code\User\globalStorage\vexrobotics.vexcode\sdk\cpp\V5\V5_20240802_15_00_00/vexv5\libv5rt.a(v5_apiuser.c.obj)
                0x038088a4                vexOpticalHueGet
 .text.vexOpticalGestureEnable
                0x038088b4       0x10 c:\Users\sahil\AppData\Roaming\Code\User\globalStorage\vexrobotics.vexcode\sdk\cpp\V5\V5_20240802_15_00_00/vexv5\libv5rt.a(v5_apiuser.c.obj)
                0x038088b4                vexOpticalGestureEnable
 .text.vexOpticalGestureDisable
                0x038088c4       0x10 c:\Users\sahil\AppData\Roaming\Code\User\globalStorage\vexrobotics.vexcode\sdk\cpp\V5\V5_20240802_15_00_00/vexv5\libv5rt.a(v5_apiuser.c.obj)
                0x038088c4                vexOpticalGestureDisable
 .text.vexOpticalProximityThreshold
                0x038088d4       0x18 c:\Users\sahil\AppData\Roaming\Code\User\globalStorage\vexrobotics.vexcode\sdk\cpp\V5\V5_20240802_15_00_00/vexv5\libv5rt.a(v5_apiuser.c.obj)
                0x038088d4                vexOpticalProximityThreshold
 .text.vexDistanceDistanceGet
                0x038088ec       0x10 c:\Users\sahil\AppData\Roaming\Code\User\globalStorage\vexrobotics.vexcode\sdk\cpp\V5\V5_20240802_15_00_00/vexv5\libv5rt.a(v5_apiuser.c.obj)
                0x038088ec                vexDistanceDistanceGet
 .text.vexEventMaskSet
                0x038088fc       0x28 c:\Users\sahil\AppData\Roaming\Code\User\globalStorage\vexrobotics.vexcode\sdk\cpp\V5\V5_20240802_15_00_00/vexv5\libv5rt.a(v5_apiuser.c.obj)
                0x038088fc                vexEventMaskSet
 .text.vexEventMaskGet
                0x03808924       0x18 c:\Users\sahil\AppData\Roaming\Code\User\globalStorage\vexrobotics.vexcode\sdk\cpp\V5\V5_20240802_15_00_00/vexv5\libv5rt.a(v5_apiuser.c.obj)
                0x03808924                vexEventMaskGet
 .text._ZN3vex6deviceD2Ev
                0x0380893c        0x4 c:\Users\sahil\AppData\Roaming\Code\User\globalStorage\vexrobotics.vexcode\sdk\cpp\V5\V5_20240802_15_00_00/vexv5\libv5rt.a(vex_device.cpp.obj)
                0x0380893c                vex::device::~device()
                0x0380893c                vex::device::~device()
 .text._ZN3vex6device5valueEv
                0x03808940        0x8 c:\Users\sahil\AppData\Roaming\Code\User\globalStorage\vexrobotics.vexcode\sdk\cpp\V5\V5_20240802_15_00_00/vexv5\libv5rt.a(vex_device.cpp.obj)
                0x03808940                vex::device::value()
 .text._ZN3vex6deviceD0Ev
                0x03808948       0x14 c:\Users\sahil\AppData\Roaming\Code\User\globalStorage\vexrobotics.vexcode\sdk\cpp\V5\V5_20240802_15_00_00/vexv5\libv5rt.a(vex_device.cpp.obj)
                0x03808948                vex::device::~device()
 .text._ZN3vex6device4initEl
                0x0380895c       0x30 c:\Users\sahil\AppData\Roaming\Code\User\globalStorage\vexrobotics.vexcode\sdk\cpp\V5\V5_20240802_15_00_00/vexv5\libv5rt.a(vex_device.cpp.obj)
                0x0380895c                vex::device::init(long)
 .text._ZN3vex6deviceC2El
                0x0380898c       0x20 c:\Users\sahil\AppData\Roaming\Code\User\globalStorage\vexrobotics.vexcode\sdk\cpp\V5\V5_20240802_15_00_00/vexv5\libv5rt.a(vex_device.cpp.obj)
                0x0380898c                vex::device::device(long)
                0x0380898c                vex::device::device(long)
 .text._ZN3vex6device4typeEv
                0x038089ac       0x10 c:\Users\sahil\AppData\Roaming\Code\User\globalStorage\vexrobotics.vexcode\sdk\cpp\V5\V5_20240802_15_00_00/vexv5\libv5rt.a(vex_device.cpp.obj)
                0x038089ac                vex::device::type()
 .text._ZN3vex6device9installedEv
                0x038089bc       0x14 c:\Users\sahil\AppData\Roaming\Code\User\globalStorage\vexrobotics.vexcode\sdk\cpp\V5\V5_20240802_15_00_00/vexv5\libv5rt.a(vex_device.cpp.obj)
                0x038089bc                vex::device::installed()
 .text._ZN3vex4taskC2EPFivE
                0x038089d0       0x5c c:\Users\sahil\AppData\Roaming\Code\User\globalStorage\vexrobotics.vexcode\sdk\cpp\V5\V5_20240802_15_00_00/vexv5\libv5rt.a(vex_task.cpp.obj)
                0x038089d0                vex::task::task(int (*)())
                0x038089d0                vex::task::task(int (*)())
 .text._ZN3vex4taskD2Ev
                0x03808a2c        0x4 c:\Users\sahil\AppData\Roaming\Code\User\globalStorage\vexrobotics.vexcode\sdk\cpp\V5\V5_20240802_15_00_00/vexv5\libv5rt.a(vex_task.cpp.obj)
                0x03808a2c                vex::task::~task()
                0x03808a2c                vex::task::~task()
 .text._ZN3vex4task4stopEPvi
                0x03808a30       0x1c c:\Users\sahil\AppData\Roaming\Code\User\globalStorage\vexrobotics.vexcode\sdk\cpp\V5\V5_20240802_15_00_00/vexv5\libv5rt.a(vex_task.cpp.obj)
                0x03808a30                vex::task::stop(void*, int)
 .text._ZN3vex4task6_indexEPFivE
                0x03808a4c       0x14 c:\Users\sahil\AppData\Roaming\Code\User\globalStorage\vexrobotics.vexcode\sdk\cpp\V5\V5_20240802_15_00_00/vexv5\libv5rt.a(vex_task.cpp.obj)
                0x03808a4c                vex::task::_index(int (*)())
 .text._ZN3vex4task8_stopAllEv
                0x03808a60       0x3c c:\Users\sahil\AppData\Roaming\Code\User\globalStorage\vexrobotics.vexcode\sdk\cpp\V5\V5_20240802_15_00_00/vexv5\libv5rt.a(vex_task.cpp.obj)
                0x03808a60                vex::task::_stopAll()
 .text.__libc_fini_array
                0x03808a9c       0x30 c:\Users\sahil\AppData\Roaming\Code\User\globalStorage\vexrobotics.vexcode\sdk\cpp\V5\V5_20240802_15_00_00/vexv5/gcc/libs\libc.a(lib_a-fini.o)
                0x03808a9c                __libc_fini_array
 .text.__libc_init_array
                0x03808acc       0x58 c:\Users\sahil\AppData\Roaming\Code\User\globalStorage\vexrobotics.vexcode\sdk\cpp\V5\V5_20240802_15_00_00/vexv5/gcc/libs\libc.a(lib_a-init.o)
                0x03808acc                __libc_init_array
 .text.hypot    0x03808b24       0xb4 c:\Users\sahil\AppData\Roaming\Code\User\globalStorage\vexrobotics.vexcode\sdk\cpp\V5\V5_20240802_15_00_00/vexv5/gcc/libs\libm.a(lib_a-w_hypot.o)
                0x03808b24                hypot
 .text.__ieee754_hypot
                0x03808bd8      0x198 c:\Users\sahil\AppData\Roaming\Code\User\globalStorage\vexrobotics.vexcode\sdk\cpp\V5\V5_20240802_15_00_00/vexv5/gcc/libs\libm.a(lib_a-e_hypot.o)
                0x03808bd8                __ieee754_hypot
 .text.__ieee754_hypot.__stub
                0x03808d70       0x20 linker stubs
 *(.gnu.linkonce.t.*)
 *(.plt)
 *(.gnu_warning)
 *(.gcc_except_table)
 *(.glue_7)
 .glue_7        0x00000000        0x0 linker stubs
 *(.glue_7t)
 .glue_7t       0x00000000        0x0 linker stubs
 *(.vfp11_veneer)
 .vfp11_veneer  0x00000000        0x0 linker stubs
 *(.ARM.extab)
 *(.gnu.linkonce.armextab.*)

.v4_bx          0x03808d90        0x0
 .v4_bx         0x00000000        0x0 linker stubs

.iplt           0x03808d90        0x0
 .iplt          0x00000000        0x0 build/src/main.o

.init
 *(.init)

.fini
 *(.fini)

.rodata         0x03808d90      0x300
                0x03808d90                __rodata_start = .
 *(.rodata)
 *(.rodata.*)
 .rodata.str1.1
                0x03808d90       0x50 build/custom/src/autonomous.o
                                 0x52 (size before relaxing)
 .rodata.str1.1
                0x03808de0       0x2e build/custom/src/user.o
                                 0x38 (size before relaxing)
 .rodata.str1.1
                0x03808e0e       0x12 build/custom/src/lift.o
                                 0x2a (size before relaxing)
 .rodata.str1.1
                0x03808e20       0x2e c:\Users\sahil\AppData\Roaming\Code\User\globalStorage\vexrobotics.vexcode\sdk\cpp\V5\V5_20240802_15_00_00/vexv5\libv5rt.a(v5_startup.c.obj)
 *fill*         0x03808e4e        0x2 
 .rodata._ZN3vex6PORT20E
                0x03808e50        0x4 c:\Users\sahil\AppData\Roaming\Code\User\globalStorage\vexrobotics.vexcode\sdk\cpp\V5\V5_20240802_15_00_00/vexv5\libv5rt.a(vex_global.cpp.obj)
                0x03808e50                vex::PORT20
 .rodata._ZN3vex3fwdE
                0x03808e54        0x4 c:\Users\sahil\AppData\Roaming\Code\User\globalStorage\vexrobotics.vexcode\sdk\cpp\V5\V5_20240802_15_00_00/vexv5\libv5rt.a(vex_global.cpp.obj)
                0x03808e54                vex::fwd
 .rodata._ZN3vex5PORT1E
                0x03808e58        0x4 c:\Users\sahil\AppData\Roaming\Code\User\globalStorage\vexrobotics.vexcode\sdk\cpp\V5\V5_20240802_15_00_00/vexv5\libv5rt.a(vex_global.cpp.obj)
                0x03808e58                vex::PORT1
 .rodata._ZN3vex7reverseE
                0x03808e5c        0x4 c:\Users\sahil\AppData\Roaming\Code\User\globalStorage\vexrobotics.vexcode\sdk\cpp\V5\V5_20240802_15_00_00/vexv5\libv5rt.a(vex_global.cpp.obj)
                0x03808e5c                vex::reverse
 .rodata._ZN3vex4voltE
                0x03808e60        0x4 c:\Users\sahil\AppData\Roaming\Code\User\globalStorage\vexrobotics.vexcode\sdk\cpp\V5\V5_20240802_15_00_00/vexv5\libv5rt.a(vex_global.cpp.obj)
                0x03808e60                vex::volt
 .rodata._ZN3vex6PORT10E
                0x03808e64        0x4 c:\Users\sahil\AppData\Roaming\Code\User\globalStorage\vexrobotics.vexcode\sdk\cpp\V5\V5_20240802_15_00_00/vexv5\libv5rt.a(vex_global.cpp.obj)
                0x03808e64                vex::PORT10
 .rodata._ZN3vex5PORT5E
                0x03808e68        0x4 c:\Users\sahil\AppData\Roaming\Code\User\globalStorage\vexrobotics.vexcode\sdk\cpp\V5\V5_20240802_15_00_00/vexv5\libv5rt.a(vex_global.cpp.obj)
                0x03808e68                vex::PORT5
 .rodata._ZN3vex6PORT14E
                0x03808e6c        0x4 c:\Users\sahil\AppData\Roaming\Code\User\globalStorage\vexrobotics.vexcode\sdk\cpp\V5\V5_20240802_15_00_00/vexv5\libv5rt.a(vex_global.cpp.obj)
                0x03808e6c                vex::PORT14
 .rodata._ZN3vex3pctE
                0x03808e70        0x4 c:\Users\sahil\AppData\Roaming\Code\User\globalStorage\vexrobotics.vexcode\sdk\cpp\V5\V5_20240802_15_00_00/vexv5\libv5rt.a(vex_global.cpp.obj)
                0x03808e70                vex::pct
 .rodata._ZN3vex3secE
                0x03808e74        0x4 c:\Users\sahil\AppData\Roaming\Code\User\globalStorage\vexrobotics.vexcode\sdk\cpp\V5\V5_20240802_15_00_00/vexv5\libv5rt.a(vex_global.cpp.obj)
                0x03808e74                vex::sec
 .rodata._ZN3vex3redE
                0x03808e78        0x4 c:\Users\sahil\AppData\Roaming\Code\User\globalStorage\vexrobotics.vexcode\sdk\cpp\V5\V5_20240802_15_00_00/vexv5\libv5rt.a(vex_global.cpp.obj)
                0x03808e78                vex::red
 .rodata._ZN3vex5blackE
                0x03808e7c        0x4 c:\Users\sahil\AppData\Roaming\Code\User\globalStorage\vexrobotics.vexcode\sdk\cpp\V5\V5_20240802_15_00_00/vexv5\libv5rt.a(vex_global.cpp.obj)
                0x03808e7c                vex::black
 .rodata._ZN3vex4msecE
                0x03808e80        0x4 c:\Users\sahil\AppData\Roaming\Code\User\globalStorage\vexrobotics.vexcode\sdk\cpp\V5\V5_20240802_15_00_00/vexv5\libv5rt.a(vex_global.cpp.obj)
                0x03808e80                vex::msec
 .rodata._ZN3vex6PORT18E
                0x03808e84        0x4 c:\Users\sahil\AppData\Roaming\Code\User\globalStorage\vexrobotics.vexcode\sdk\cpp\V5\V5_20240802_15_00_00/vexv5\libv5rt.a(vex_global.cpp.obj)
                0x03808e84                vex::PORT18
 .rodata._ZN3vex9ratio36_1E
                0x03808e88        0x4 c:\Users\sahil\AppData\Roaming\Code\User\globalStorage\vexrobotics.vexcode\sdk\cpp\V5\V5_20240802_15_00_00/vexv5\libv5rt.a(vex_global.cpp.obj)
                0x03808e88                vex::ratio36_1
 .rodata._ZN3vex5PORT9E
                0x03808e8c        0x4 c:\Users\sahil\AppData\Roaming\Code\User\globalStorage\vexrobotics.vexcode\sdk\cpp\V5\V5_20240802_15_00_00/vexv5\libv5rt.a(vex_global.cpp.obj)
                0x03808e8c                vex::PORT9
 .rodata._ZN3vex6PORT21E
                0x03808e90        0x4 c:\Users\sahil\AppData\Roaming\Code\User\globalStorage\vexrobotics.vexcode\sdk\cpp\V5\V5_20240802_15_00_00/vexv5\libv5rt.a(vex_global.cpp.obj)
                0x03808e90                vex::PORT21
 .rodata._ZN3vex5PORT6E
                0x03808e94        0x4 c:\Users\sahil\AppData\Roaming\Code\User\globalStorage\vexrobotics.vexcode\sdk\cpp\V5\V5_20240802_15_00_00/vexv5\libv5rt.a(vex_global.cpp.obj)
                0x03808e94                vex::PORT6
 .rodata._ZN3vex7primaryE
                0x03808e98        0x4 c:\Users\sahil\AppData\Roaming\Code\User\globalStorage\vexrobotics.vexcode\sdk\cpp\V5\V5_20240802_15_00_00/vexv5\libv5rt.a(vex_global.cpp.obj)
                0x03808e98                vex::primary
 .rodata._ZN3vex3degE
                0x03808e9c        0x4 c:\Users\sahil\AppData\Roaming\Code\User\globalStorage\vexrobotics.vexcode\sdk\cpp\V5\V5_20240802_15_00_00/vexv5\libv5rt.a(vex_global.cpp.obj)
                0x03808e9c                vex::deg
 .rodata._ZN3vex5greenE
                0x03808ea0        0x4 c:\Users\sahil\AppData\Roaming\Code\User\globalStorage\vexrobotics.vexcode\sdk\cpp\V5\V5_20240802_15_00_00/vexv5\libv5rt.a(vex_global.cpp.obj)
                0x03808ea0                vex::green
 .rodata._ZN3vex6PORT15E
                0x03808ea4        0x4 c:\Users\sahil\AppData\Roaming\Code\User\globalStorage\vexrobotics.vexcode\sdk\cpp\V5\V5_20240802_15_00_00/vexv5\libv5rt.a(vex_global.cpp.obj)
                0x03808ea4                vex::PORT15
 .rodata._ZN3vex6PORT19E