Archive member included to satisfy reference by file (symbol)

/Users/dragonix22/Library/Application Support/Code/User/globalStorage/vexrobotics.vexcode/sdk/cpp/V5/V5_20240802_15_00_00/vexv5/libv5rt.a(v5_startup.c.obj)
                              (vexStartup)
/Users/dragonix22/Library/Application Support/Code/User/globalStorage/vexrobotics.vexcode/sdk/cpp/V5/V5_20240802_15_00_00/vexv5/libv5rt.a(v5_util.c.obj)
                              /Users/dragonix22/Library/Application Support/Code/User/globalStorage/vexrobotics.vexcode/sdk/cpp/V5/V5_20240802_15_00_00/vexv5/libv5rt.a(v5_startup.c.obj) (vexStdlibVersionLinked)
/Users/dragonix22/Library/Application Support/Code/User/globalStorage/vexrobotics.vexcode/sdk/cpp/V5/V5_20240802_15_00_00/vexv5/libv5rt.a(v5_apijump.c.obj)
                              /Users/dragonix22/Library/Application Support/Code/User/globalStorage/vexrobotics.vexcode/sdk/cpp/V5/V5_20240802_15_00_00/vexv5/libv5rt.a(v5_startup.c.obj) (vexPrivateApiEnable)
/Users/dragonix22/Library/Application Support/Code/User/globalStorage/vexrobotics.vexcode/sdk/cpp/V5/V5_20240802_15_00_00/vexv5/libv5rt.a(v5_apiversions.c.obj)
                              /Users/dragonix22/Library/Application Support/Code/User/globalStorage/vexrobotics.vexcode/sdk/cpp/V5/V5_20240802_15_00_00/vexv5/libv5rt.a(v5_apijump.c.obj) (vexSystemVersion)
/Users/dragonix22/Library/Application Support/Code/User/globalStorage/vexrobotics.vexcode/sdk/cpp/V5/V5_20240802_15_00_00/vexv5/libv5rt.a(vex_global.cpp.obj)
                              build/src/main.o (vex::wait(double, vex::timeUnits))
/Users/dragonix22/Library/Application Support/Code/User/globalStorage/vexrobotics.vexcode/sdk/cpp/V5/V5_20240802_15_00_00/vexv5/libv5rt.a(vex_motor.cpp.obj)
                              build/custom/src/robot-config.o (vex::motor::~motor())
/Users/dragonix22/Library/Application Support/Code/User/globalStorage/vexrobotics.vexcode/sdk/cpp/V5/V5_20240802_15_00_00/vexv5/libv5rt.a(vex_imu.cpp.obj)
                              build/custom/src/robot-config.o (vex::inertial::~inertial())
/Users/dragonix22/Library/Application Support/Code/User/globalStorage/vexrobotics.vexcode/sdk/cpp/V5/V5_20240802_15_00_00/vexv5/libv5rt.a(vex_rotation.cpp.obj)
                              build/custom/src/robot-config.o (vex::rotation::~rotation())
/Users/dragonix22/Library/Application Support/Code/User/globalStorage/vexrobotics.vexcode/sdk/cpp/V5/V5_20240802_15_00_00/vexv5/libv5rt.a(vex_optical.cpp.obj)
                              build/custom/src/robot-config.o (vex::optical::~optical())
/Users/dragonix22/Library/Application Support/Code/User/globalStorage/vexrobotics.vexcode/sdk/cpp/V5/V5_20240802_15_00_00/vexv5/libv5rt.a(vex_distance.cpp.obj)
                              build/custom/src/robot-config.o (vex::distance::~distance())
/Users/dragonix22/Library/Application Support/Code/User/globalStorage/vexrobotics.vexcode/sdk/cpp/V5/V5_20240802_15_00_00/vexv5/libv5rt.a(vex_controller.cpp.obj)
                              build/custom/src/robot-config.o (vex::controller::~controller())
/Users/dragonix22/Library/Application Support/Code/User/globalStorage/vexrobotics.vexcode/sdk/cpp/V5/V5_20240802_15_00_00/vexv5/libv5rt.a(vex_thread.cpp.obj)
                              build/custom/src/user.o (vex::thread::thread(int (*)()))
/Users/dragonix22/Library/Application Support/Code/User/globalStorage/vexrobotics.vexcode/sdk/cpp/V5/V5_20240802_15_00_00/vexv5/libv5rt.a(vex_event.cpp.obj)
                              /Users/dragonix22/Library/Application Support/Code/User/globalStorage/vexrobotics.vexcode/sdk/cpp/V5/V5_20240802_15_00_00/vexv5/libv5rt.a(vex_imu.cpp.obj) (vex::event::init(unsigned long, unsigned long, void (*)()))
/Users/dragonix22/Library/Application Support/Code/User/globalStorage/vexrobotics.vexcode/sdk/cpp/V5/V5_20240802_15_00_00/vexv5/libv5rt.a(vex_mevent.cpp.obj)
                              /Users/dragonix22/Library/Application Support/Code/User/globalStorage/vexrobotics.vexcode/sdk/cpp/V5/V5_20240802_15_00_00/vexv5/libv5rt.a(vex_controller.cpp.obj) (vex::mevent::mevent(unsigned long, unsigned long))
/Users/dragonix22/Library/Application Support/Code/User/globalStorage/vexrobotics.vexcode/sdk/cpp/V5/V5_20240802_15_00_00/vexv5/libv5rt.a(vex_brain.cpp.obj)
                              build/src/motor-control.o (vex::brain::timer(vex::timeUnits))
/Users/dragonix22/Library/Application Support/Code/User/globalStorage/vexrobotics.vexcode/sdk/cpp/V5/V5_20240802_15_00_00/vexv5/libv5rt.a(vex_competition.cpp.obj)
                              build/src/main.o (vex::competition::competition())
/Users/dragonix22/Library/Application Support/Code/User/globalStorage/vexrobotics.vexcode/sdk/cpp/V5/V5_20240802_15_00_00/vexv5/libv5rt.a(vex_triport.cpp.obj)
[...]
Memory Configuration

Name             Origin             Length             Attributes
ps7_ddr_0_S_AXI_BASEADDR 0x0000000003800000 0x0000000004800000
*default*        0x0000000000000000 0xffffffffffffffff

Linker script and memory map

                0x0000000000002000                _STACK_SIZE = DEFINED (_STACK_SIZE)?_STACK_SIZE:0x2000
                0x0000000000100000                _HEAP_SIZE = DEFINED (_HEAP_SIZE)?_HEAP_SIZE:0x100000
                0x0000000000000400                _ABORT_STACK_SIZE = DEFINED (_ABORT_STACK_SIZE)?_ABORT_STACK_SIZE:0x400
                0x0000000000000800                _SUPERVISOR_STACK_SIZE = DEFINED (_SUPERVISOR_STACK_SIZE)?_SUPERVISOR_STACK_SIZE:0x800
                0x0000000000000400                _IRQ_STACK_SIZE = DEFINED (_IRQ_STACK_SIZE)?_IRQ_STACK_SIZE:0x400
                0x0000000000000400                _FIQ_STACK_SIZE = DEFINED (_FIQ_STACK_SIZE)?_FIQ_STACK_SIZE:0x400
                0x0000000000000400                _UNDEF_STACK_SIZE = DEFINED (_UNDEF_STACK_SIZE)?_UNDEF_STACK_SIZE:0x400

.text           0x0000000003800000     0x5a10
 *(.vectors)
 *(.boot_data)
 .boot_data     0x0000000003800000       0x20 /Users/dragonix22/Library/Application Support/Code/User/globalStorage/vexrobotics.vexcode/sdk/cpp/V5/V5_20240802_15_00_00/vexv5/libv5rt.a(v5_startup.c.obj)
                0x0000000003800000                vexCodeSig
                0x0000000000000020                . = 0x20
 *(.boot)
 .boot          0x0000000003800020       0xbc /Users/dragonix22/Library/Application Support/Code/User/globalStorage/vexrobotics.vexcode/sdk/cpp/V5/V5_20240802_15_00_00/vexv5/libv5rt.a(v5_startup.c.obj)
                0x0000000003800020                vexStartup
                0x0000000003800100                . = ALIGN (0x40)
 *fill*         0x00000000038000dc       0x24 
 *(.freertos_vectors)
 *(.text)
 *(.text.*)
 .text._Z10autonomousv
                0x0000000003800100        0x4 build/src/main.o
                0x0000000003800100                autonomous()
 .text._Z11usercontrolv
                0x0000000003800104        0x4 build/src/main.o
                0x0000000003800104                usercontrol()
 .text.main     0x0000000003800108       0x68 build/src/main.o
                0x0000000003800108                main
 .text._GLOBAL__sub_I_main.cpp
                0x0000000003800170       0x34 build/src/main.o
 .text._Z12driveChassisdd
                0x00000000038001a4       0x64 build/src/motor-control.o
                0x00000000038001a4                driveChassis(double, double)
 .text._Z11stopChassisN3vex9brakeTypeE
                0x0000000003800208       0x30 build/src/motor-control.o
                0x0000000003800208                stopChassis(vex::brakeType)
 .text._Z12resetChassisv
                0x0000000003800238       0x58 build/src/motor-control.o
                0x0000000003800238                resetChassis()
 .text._Z15normalizeTargetd
                0x0000000003800290      0x138 build/src/motor-control.o
                0x0000000003800290                normalizeTarget(double)
 .text._Z10scaleToMinRdS_d
                0x00000000038003c8       0xe4 build/src/motor-control.o
                0x00000000038003c8                scaleToMin(double&, double&, double)
 .text._Z10scaleToMaxRdS_d
                0x00000000038004ac       0xb4 build/src/motor-control.o
                0x00000000038004ac                scaleToMax(double&, double&, double)
 .text._Z11turnToAngleddbd
                0x0000000003800560      0x750 build/src/motor-control.o
                0x0000000003800560                turnToAngle(double, double, bool, double)
 .text._Z7driveToddbd
                0x0000000003800cb0      0x6e8 build/src/motor-control.o
                0x0000000003800cb0                driveTo(double, double, bool, double)
 .text._Z16trackNoOdomWheelv
                0x0000000003801398      0x1d0 build/src/motor-control.o
                0x0000000003801398                trackNoOdomWheel()
 .text._Z16trackXYOdomWheelv
                0x0000000003801568      0x240 build/src/motor-control.o
                0x0000000003801568                trackXYOdomWheel()
 .text._Z15trackXOdomWheelv
                0x00000000038017a8      0x298 build/src/motor-control.o
                0x00000000038017a8                trackXOdomWheel()
 .text._Z15trackYOdomWheelv
                0x0000000003801a40      0x190 build/src/motor-control.o
                0x0000000003801a40                trackYOdomWheel()
 .text._GLOBAL__sub_I_motor_control.cpp
                0x0000000003801bd0       0x34 build/src/motor-control.o
 .text._ZN3PIDC2Eddd
                0x0000000003801c04       0x98 build/src/pid.o
                0x0000000003801c04                PID::PID(double, double, double)
                0x0000000003801c04                PID::PID(double, double, double)
 .text._ZN3PID9setTargetEd
                0x0000000003801c9c       0x10 build/src/pid.o
                0x0000000003801c9c                PID::setTarget(double)
 .text._ZN3PID25setSmallBigErrorToleranceEdd
                0x0000000003801cac       0x18 build/src/pid.o
                0x0000000003801cac                PID::setSmallBigErrorTolerance(double, double)
 .text._ZN3PID14setIntegralMaxEd
                0x0000000003801cc4       0x10 build/src/pid.o
                0x0000000003801cc4                PID::setIntegralMax(double)
 .text._ZN3PID16setIntegralRangeEd
                0x0000000003801cd4       0x10 build/src/pid.o
                0x0000000003801cd4                PID::setIntegralRange(double)
 .text._ZN3PID22setDerivativeToleranceEd
                0x0000000003801ce4       0x10 build/src/pid.o
                0x0000000003801ce4                PID::setDerivativeTolerance(double)
 .text._ZN3PID24setSmallBigErrorDurationEdd
                0x0000000003801cf4       0x18 build/src/pid.o
                0x0000000003801cf4                PID::setSmallBigErrorDuration(double, double)
 .text._ZN3PID9setArriveEb
                0x0000000003801d0c        0x8 build/src/pid.o
                0x0000000003801d0c                PID::setArrive(bool)
 .text._ZN3PID13targetArrivedEv
                0x0000000003801d14        0x8 build/src/pid.o
                0x0000000003801d14                PID::targetArrived()
 .text._ZN3PID6updateEd
                0x0000000003801d1c      0x2ac build/src/pid.o
                0x0000000003801d1c                PID::update(double)
 .text._GLOBAL__sub_I_pid.cpp
                0x0000000003801fc8       0x34 build/src/pid.o
 *fill*         0x0000000003801ffc        0x4 
 .text._Z8degToRadd
                0x0000000003802000       0x30 build/src/utils.o
                0x0000000003802000                degToRad(double)
 .text._GLOBAL__sub_I_utils.cpp
                0x0000000003802030       0x34 build/src/utils.o
 *fill*         0x0000000003802064        0x4 
 .text._Z12exampleAutonv
                0x0000000003802068      0x1a0 build/custom/src/autonomous.o
                0x0000000003802068                exampleAuton()
 .text._GLOBAL__sub_I_autonomous.cpp
                0x0000000003802208       0x34 build/custom/src/autonomous.o
 .text._Z4liftv
                0x000000000380223c       0xbc build/custom/src/lift.o
                0x000000000380223c                lift()
 .text._Z10run_intakev
                0x00000000038022f8       0xbc build/custom/src/lift.o
                0x00000000038022f8                run_intake()
 .text._ZN3vex11motor_groupC2IJNS_5motorES2_EEERS2_DpRT_
                0x00000000038023b4       0x44 build/custom/src/robot-config.o
                0x00000000038023b4                vex::motor_group::motor_group<vex::motor, vex::motor>(vex::motor&, vex::motor&, vex::motor&)
 .text._Z11vexcodeInitv
                0x00000000038023f8        0x4 build/custom/src/robot-config.o
                0x00000000038023f8                vexcodeInit()
 .text._GLOBAL__sub_I_robot_config.cpp
                0x00000000038023fc      0x4ec build/custom/src/robot-config.o
 .text._Z13runAutonomousv
                0x00000000038028e8        0x4 build/custom/src/user.o
                0x00000000038028e8                runAutonomous()
 *fill*         0x00000000038028ec        0x4 
 .text._Z9runDriverv
                0x00000000038028f0      0x200 build/custom/src/user.o
                0x00000000038028f0                runDriver()
 .text._Z16runPreAutonomousv
                0x0000000003802af0      0x114 build/custom/src/user.o
                0x0000000003802af0                runPreAutonomous()
 .text.vexMain  0x0000000003802c04       0xb0 /Users/dragonix22/Library/Application Support/Code/User/globalStorage/vexrobotics.vexcode/sdk/cpp/V5/V5_20240802_15_00_00/vexv5/libv5rt.a(v5_startup.c.obj)
                0x0000000003802c04                vexMain
 .text.__vex_function_prolog
                0x0000000003802cb4       0x18 /Users/dragonix22/Library/Application Support/Code/User/globalStorage/vexrobotics.vexcode/sdk/cpp/V5/V5_20240802_15_00_00/vexv5/libv5rt.a(v5_startup.c.obj)
                0x0000000003802cb4                __vex_function_prolog
 .text._init    0x0000000003802ccc        0x4 /Users/dragonix22/Library/Application Support/Code/User/globalStorage/vexrobotics.vexcode/sdk/cpp/V5/V5_20240802_15_00_00/vexv5/libv5rt.a(v5_startup.c.obj)
                0x0000000003802ccc                _init
 .text._fini    0x0000000003802cd0        0x4 /Users/dragonix22/Library/Application Support/Code/User/globalStorage/vexrobotics.vexcode/sdk/cpp/V5/V5_20240802_15_00_00/vexv5/libv5rt.a(v5_startup.c.obj)
                0x0000000003802cd0                _fini
 .text.vexStdlibVersionLinked
                0x0000000003802cd4        0xc /Users/dragonix22/Library/Application Support/Code/User/globalStorage/vexrobotics.vexcode/sdk/cpp/V5/V5_20240802_15_00_00/vexv5/libv5rt.a(v5_util.c.obj)
                0x0000000003802cd4                vexStdlibVersionLinked
 .text.vexStdlibVersionVerify
                0x0000000003802ce0       0x30 /Users/dragonix22/Library/Application Support/Code/User/globalStorage/vexrobotics.vexcode/sdk/cpp/V5/V5_20240802_15_00_00/vexv5/libv5rt.a(v5_util.c.obj)
                0x0000000003802ce0                vexStdlibVersionVerify
 .text.vexPrivateApiEnable
                0x0000000003802d10       0x10 /Users/dragonix22/Library/Application Support/Code/User/globalStorage/vexrobotics.vexcode/sdk/cpp/V5/V5_20240802_15_00_00/vexv5/libv5rt.a(v5_apijump.c.obj)
                0x0000000003802d10                vexPrivateApiEnable
 .text.vexStdlibMismatchError
                0x0000000003802d20       0x3c /Users/dragonix22/Library/Application Support/Code/User/globalStorage/vexrobotics.vexcode/sdk/cpp/V5/V5_20240802_15_00_00/vexv5/libv5rt.a(v5_apijump.c.obj)
                0x0000000003802d20                vexStdlibMismatchError
 .text.vexTaskAdd
                0x0000000003802d5c       0x10 /Users/dragonix22/Library/Application Support/Code/User/globalStorage/vexrobotics.vexcode/sdk/cpp/V5/V5_20240802_15_00_00/vexv5/libv5rt.a(v5_apijump.c.obj)
                0x0000000003802d5c                vexTaskAdd
 .text.vexTasksRun
                0x0000000003802d6c       0x10 /Users/dragonix22/Library/Application Support/Code/User/globalStorage/vexrobotics.vexcode/sdk/cpp/V5/V5_20240802_15_00_00/vexv5/libv5rt.a(v5_apijump.c.obj)
                0x0000000003802d6c                vexTasksRun
 .text.vexTaskYield
                0x0000000003802d7c       0x10 /Users/dragonix22/Library/Application Support/Code/User/globalStorage/vexrobotics.vexcode/sdk/cpp/V5/V5_20240802_15_00_00/vexv5/libv5rt.a(v5_apijump.c.obj)
                0x0000000003802d7c                vexTaskYield
 .text.vexTaskCheckTimeslice
                0x0000000003802d8c       0x10 /Users/dragonix22/Library/Application Support/Code/User/globalStorage/vexrobotics.vexcode/sdk/cpp/V5/V5_20240802_15_00_00/vexv5/libv5rt.a(v5_apijump.c.obj)
                0x0000000003802d8c                vexTaskCheckTimeslice
 .text.vexTaskSleep
                0x0000000003802d9c       0x10 /Users/dragonix22/Library/Application Support/Code/User/globalStorage/vexrobotics.vexcode/sdk/cpp/V5/V5_20240802_15_00_00/vexv5/libv5rt.a(v5_apijump.c.obj)
                0x0000000003802d9c                vexTaskSleep
 .text.vexTasksDump
                0x0000000003802dac       0x1c /Users/dragonix22/Library/Application Support/Code/User/globalStorage/vexrobotics.vexcode/sdk/cpp/V5/V5_20240802_15_00_00/vexv5/libv5rt.a(v5_apijump.c.obj)
                0x0000000003802dac                vexTasksDump
 .text.vexTaskGetTaskIndex
                0x0000000003802dc8       0x10 /Users/dragonix22/Library/Application Support/Code/User/globalStorage/vexrobotics.vexcode/sdk/cpp/V5/V5_20240802_15_00_00/vexv5/libv5rt.a(v5_apijump.c.obj)
                0x0000000003802dc8                vexTaskGetTaskIndex
 .text.vexTaskStopAll
                0x0000000003802dd8       0x10 /Users/dragonix22/Library/Application Support/Code/User/globalStorage/vexrobotics.vexcode/sdk/cpp/V5/V5_20240802_15_00_00/vexv5/libv5rt.a(v5_apijump.c.obj)
                0x0000000003802dd8                vexTaskStopAll
 .text.vexTaskRemoveAllUser
                0x0000000003802de8       0x34 /Users/dragonix22/Library/Application Support/Code/User/globalStorage/vexrobotics.vexcode/sdk/cpp/V5/V5_20240802_15_00_00/vexv5/libv5rt.a(v5_apijump.c.obj)
                0x0000000003802de8                vexTaskRemoveAllUser
 .text.vexTaskCompletionIdSet
                0x0000000003802e1c       0x10 /Users/dragonix22/Library/Application Support/Code/User/globalStorage/vexrobotics.vexcode/sdk/cpp/V5/V5_20240802_15_00_00/vexv5/libv5rt.a(v5_apijump.c.obj)
                0x0000000003802e1c                vexTaskCompletionIdSet
 .text.vexTaskStopWithId
                0x0000000003802e2c       0x10 /Users/dragonix22/Library/Application Support/Code/User/globalStorage/vexrobotics.vexcode/sdk/cpp/V5/V5_20240802_15_00_00/vexv5/libv5rt.a(v5_apijump.c.obj)
                0x0000000003802e2c                vexTaskStopWithId
 .text.vexCriticalSection
                0x0000000003802e3c       0x2c /Users/dragonix22/Library/Application Support/Code/User/globalStorage/vexrobotics.vexcode/sdk/cpp/V5/V5_20240802_15_00_00/vexv5/libv5rt.a(v5_apijump.c.obj)
                0x0000000003802e3c                vexCriticalSection
 .text.vexEventAdd
                0x0000000003802e68       0x34 /Users/dragonix22/Library/Application Support/Code/User/globalStorage/vexrobotics.vexcode/sdk/cpp/V5/V5_20240802_15_00_00/vexv5/libv5rt.a(v5_apijump.c.obj)
                0x0000000003802e68                vexEventAdd
 .text.vexEventUserIndexGet
                0x0000000003802e9c       0x1c /Users/dragonix22/Library/Application Support/Code/User/globalStorage/vexrobotics.vexcode/sdk/cpp/V5/V5_20240802_15_00_00/vexv5/libv5rt.a(v5_apijump.c.obj)
                0x0000000003802e9c                vexEventUserIndexGet
 .text.vexEventAddWithArg
                0x0000000003802eb8       0x3c /Users/dragonix22/Library/Application Support/Code/User/globalStorage/vexrobotics.vexcode/sdk/cpp/V5/V5_20240802_15_00_00/vexv5/libv5rt.a(v5_apijump.c.obj)
                0x0000000003802eb8                vexEventAddWithArg
 .text.vexEventsCleanup
                0x0000000003802ef4       0x2c /Users/dragonix22/Library/Application Support/Code/User/globalStorage/vexrobotics.vexcode/sdk/cpp/V5/V5_20240802_15_00_00/vexv5/libv5rt.a(v5_apijump.c.obj)
                0x0000000003802ef4                vexEventsCleanup
 .text.vexDebug
                0x0000000003802f20       0x38 /Users/dragonix22/Library/Application Support/Code/User/globalStorage/vexrobotics.vexcode/sdk/cpp/V5/V5_20240802_15_00_00/vexv5/libv5rt.a(v5_apijump.c.obj)
                0x0000000003802f20                vexDebug
 .text.vex_sprintf
                0x0000000003802f58       0x40 /Users/dragonix22/Library/Application Support/Code/User/globalStorage/vexrobotics.vexcode/sdk/cpp/V5/V5_20240802_15_00_00/vexv5/libv5rt.a(v5_apijump.c.obj)
                0x0000000003802f58                vex_sprintf
 .text.vex_vsnprintf
                0x0000000003802f98       0x3c /Users/dragonix22/Library/Application Support/Code/User/globalStorage/vexrobotics.vexcode/sdk/cpp/V5/V5_20240802_15_00_00/vexv5/libv5rt.a(v5_apijump.c.obj)
                0x0000000003802f98                vex_vsnprintf
 .text.vexSystemTimeGet
                0x0000000003802fd4       0x1c /Users/dragonix22/Library/Application Support/Code/User/globalStorage/vexrobotics.vexcode/sdk/cpp/V5/V5_20240802_15_00_00/vexv5/libv5rt.a(v5_apijump.c.obj)
                0x0000000003802fd4                vexSystemTimeGet
 .text.vexSystemExitRequest
                0x0000000003802ff0       0x1c /Users/dragonix22/Library/Application Support/Code/User/globalStorage/vexrobotics.vexcode/sdk/cpp/V5/V5_20240802_15_00_00/vexv5/libv5rt.a(v5_apijump.c.obj)
                0x0000000003802ff0                vexSystemExitRequest
 .text.vexDeviceGetByIndex
                0x000000000380300c       0x24 /Users/dragonix22/Library/Application Support/Code/User/globalStorage/vexrobotics.vexcode/sdk/cpp/V5/V5_20240802_15_00_00/vexv5/libv5rt.a(v5_apijump.c.obj)
                0x000000000380300c                vexDeviceGetByIndex
 .text.vexControllerGet
                0x0000000003803030       0x2c /Users/dragonix22/Library/Application Support/Code/User/globalStorage/vexrobotics.vexcode/sdk/cpp/V5/V5_20240802_15_00_00/vexv5/libv5rt.a(v5_apijump.c.obj)
                0x0000000003803030                vexControllerGet
 .text.vexDeviceAdiPortConfigSet
                0x000000000380305c       0x34 /Users/dragonix22/Library/Application Support/Code/User/globalStorage/vexrobotics.vexcode/sdk/cpp/V5/V5_20240802_15_00_00/vexv5/libv5rt.a(v5_apijump.c.obj)
                0x000000000380305c                vexDeviceAdiPortConfigSet
 .text.vexDeviceAdiPortConfigGet
                0x0000000003803090       0x2c /Users/dragonix22/Library/Application Support/Code/User/globalStorage/vexrobotics.vexcode/sdk/cpp/V5/V5_20240802_15_00_00/vexv5/libv5rt.a(v5_apijump.c.obj)
                0x0000000003803090                vexDeviceAdiPortConfigGet
 .text.vexDeviceMotorVelocitySet
                0x00000000038030bc       0x2c /Users/dragonix22/Library/Application Support/Code/User/globalStorage/vexrobotics.vexcode/sdk/cpp/V5/V5_20240802_15_00_00/vexv5/libv5rt.a(v5_apijump.c.obj)
                0x00000000038030bc                vexDeviceMotorVelocitySet
 .text.vexDeviceMotorVoltageSet
                0x00000000038030e8       0x2c /Users/dragonix22/Library/Application Support/Code/User/globalStorage/vexrobotics.vexcode/sdk/cpp/V5/V5_20240802_15_00_00/vexv5/libv5rt.a(v5_apijump.c.obj)
                0x00000000038030e8                vexDeviceMotorVoltageSet
 .text.vexDeviceMotorActualVelocityGet
                0x0000000003803114       0x24 /Users/dragonix22/Library/Application Support/Code/User/globalStorage/vexrobotics.vexcode/sdk/cpp/V5/V5_20240802_15_00_00/vexv5/libv5rt.a(v5_apijump.c.obj)
                0x0000000003803114                vexDeviceMotorActualVelocityGet
 .text.vexDeviceMotorReverseFlagSet
                0x0000000003803138       0x2c /Users/dragonix22/Library/Application Support/Code/User/globalStorage/vexrobotics.vexcode/sdk/cpp/V5/V5_20240802_15_00_00/vexv5/libv5rt.a(v5_apijump.c.obj)
                0x0000000003803138                vexDeviceMotorReverseFlagSet
 .text.vexDeviceMotorEncoderUnitsSet
                0x0000000003803164       0x2c /Users/dragonix22/Library/Application Support/Code/User/globalStorage/vexrobotics.vexcode/sdk/cpp/V5/V5_20240802_15_00_00/vexv5/libv5rt.a(v5_apijump.c.obj)
                0x0000000003803164                vexDeviceMotorEncoderUnitsSet
 .text.vexDeviceMotorBrakeModeSet
                0x0000000003803190       0x2c /Users/dragonix22/Library/Application Support/Code/User/globalStorage/vexrobotics.vexcode/sdk/cpp/V5/V5_20240802_15_00_00/vexv5/libv5rt.a(v5_apijump.c.obj)
                0x0000000003803190                vexDeviceMotorBrakeModeSet
 .text.vexDeviceMotorPositionSet
                0x00000000038031bc       0x34 /Users/dragonix22/Library/Application Support/Code/User/globalStorage/vexrobotics.vexcode/sdk/cpp/V5/V5_20240802_15_00_00/vexv5/libv5rt.a(v5_apijump.c.obj)
                0x00000000038031bc                vexDeviceMotorPositionSet
 .text.vexDeviceMotorPositionGet
                0x00000000038031f0       0x24 /Users/dragonix22/Library/Application Support/Code/User/globalStorage/vexrobotics.vexcode/sdk/cpp/V5/V5_20240802_15_00_00/vexv5/libv5rt.a(v5_apijump.c.obj)
                0x00000000038031f0                vexDeviceMotorPositionGet
 .text.vexDeviceMotorGearingSet
                0x0000000003803214       0x2c /Users/dragonix22/Library/Application Support/Code/User/globalStorage/vexrobotics.vexcode/sdk/cpp/V5/V5_20240802_15_00_00/vexv5/libv5rt.a(v5_apijump.c.obj)
                0x0000000003803214                vexDeviceMotorGearingSet
 .text.vexDeviceMotorGearingGet
                0x0000000003803240       0x24 /Users/dragonix22/Library/Application Support/Code/User/globalStorage/vexrobotics.vexcode/sdk/cpp/V5/V5_20240802_15_00_00/vexv5/libv5rt.a(v5_apijump.c.obj)
                0x0000000003803240                vexDeviceMotorGearingGet
 .text.vexDeviceImuReset
                0x0000000003803264       0x24 /Users/dragonix22/Library/Application Support/Code/User/globalStorage/vexrobotics.vexcode/sdk/cpp/V5/V5_20240802_15_00_00/vexv5/libv5rt.a(v5_apijump.c.obj)
                0x0000000003803264                vexDeviceImuReset
 .text.vexDeviceImuHeadingGet
                0x0000000003803288       0x24 /Users/dragonix22/Library/Application Support/Code/User/globalStorage/vexrobotics.vexcode/sdk/cpp/V5/V5_20240802_15_00_00/vexv5/libv5rt.a(v5_apijump.c.obj)
                0x0000000003803288                vexDeviceImuHeadingGet
 .text.vexDeviceImuDegreesGet
                0x00000000038032ac       0x24 /Users/dragonix22/Library/Application Support/Code/User/globalStorage/vexrobotics.vexcode/sdk/cpp/V5/V5_20240802_15_00_00/vexv5/libv5rt.a(v5_apijump.c.obj)
                0x00000000038032ac                vexDeviceImuDegreesGet
 .text.vexDeviceImuStatusGet
                0x00000000038032d0       0x24 /Users/dragonix22/Library/Application Support/Code/User/globalStorage/vexrobotics.vexcode/sdk/cpp/V5/V5_20240802_15_00_00/vexv5/libv5rt.a(v5_apijump.c.obj)
                0x00000000038032d0                vexDeviceImuStatusGet
 .text.vexDeviceAbsEncPositionGet
                0x00000000038032f4       0x24 /Users/dragonix22/Library/Application Support/Code/User/globalStorage/vexrobotics.vexcode/sdk/cpp/V5/V5_20240802_15_00_00/vexv5/libv5rt.a(v5_apijump.c.obj)
                0x00000000038032f4                vexDeviceAbsEncPositionGet
 .text.vexDeviceAbsEncAngleGet
                0x0000000003803318       0x24 /Users/dragonix22/Library/Application Support/Code/User/globalStorage/vexrobotics.vexcode/sdk/cpp/V5/V5_20240802_15_00_00/vexv5/libv5rt.a(v5_apijump.c.obj)
                0x0000000003803318                vexDeviceAbsEncAngleGet
 .text.vexDeviceAbsEncReverseFlagSet
                0x000000000380333c       0x2c /Users/dragonix22/Library/Application Support/Code/User/globalStorage/vexrobotics.vexcode/sdk/cpp/V5/V5_20240802_15_00_00/vexv5/libv5rt.a(v5_apijump.c.obj)
                0x000000000380333c                vexDeviceAbsEncReverseFlagSet
 .text.vexDeviceOpticalHueGet
                0x0000000003803368       0x24 /Users/dragonix22/Library/Application Support/Code/User/globalStorage/vexrobotics.vexcode/sdk/cpp/V5/V5_20240802_15_00_00/vexv5/libv5rt.a(v5_apijump.c.obj)
                0x0000000003803368                vexDeviceOpticalHueGet
 .text.vexDeviceOpticalGestureEnable
                0x000000000380338c       0x24 /Users/dragonix22/Library/Application Support/Code/User/globalStorage/vexrobotics.vexcode/sdk/cpp/V5/V5_20240802_15_00_00/vexv5/libv5rt.a(v5_apijump.c.obj)
                0x000000000380338c                vexDeviceOpticalGestureEnable
 .text.vexDeviceOpticalGestureDisable
                0x00000000038033b0       0x24 /Users/dragonix22/Library/Application Support/Code/User/globalStorage/vexrobotics.vexcode/sdk/cpp/V5/V5_20240802_15_00_00/vexv5/libv5rt.a(v5_apijump.c.obj)
                0x00000000038033b0                vexDeviceOpticalGestureDisable
 .text.vexDeviceOpticalProximityThreshold
                0x00000000038033d4       0x2c /Users/dragonix22/Library/Application Support/Code/User/globalStorage/vexrobotics.vexcode/sdk/cpp/V5/V5_20240802_15_00_00/vexv5/libv5rt.a(v5_apijump.c.obj)
                0x00000000038033d4                vexDeviceOpticalProximityThreshold
 .text.vexDeviceDistanceDistanceGet
                0x0000000003803400       0x24 /Users/dragonix22/Library/Application Support/Code/User/globalStorage/vexrobotics.vexcode/sdk/cpp/V5/V5_20240802_15_00_00/vexv5/libv5rt.a(v5_apijump.c.obj)
                0x0000000003803400                vexDeviceDistanceDistanceGet
 .text.vexDisplayForegroundColor
                0x0000000003803424       0x24 /Users/dragonix22/Library/Application Support/Code/User/globalStorage/vexrobotics.vexcode/sdk/cpp/V5/V5_20240802_15_00_00/vexv5/libv5rt.a(v5_apijump.c.obj)
                0x0000000003803424                vexDisplayForegroundColor
 .text.vexDisplayBackgroundColor
                0x0000000003803448       0x24 /Users/dragonix22/Library/Application Support/Code/User/globalStorage/vexrobotics.vexcode/sdk/cpp/V5/V5_20240802_15_00_00/vexv5/libv5rt.a(v5_apijump.c.obj)
                0x0000000003803448                vexDisplayBackgroundColor
 .text.vexDisplayBackgroundColorGet
                0x000000000380346c       0x1c /Users/dragonix22/Library/Application Support/Code/User/globalStorage/vexrobotics.vexcode/sdk/cpp/V5/V5_20240802_15_00_00/vexv5/libv5rt.a(v5_apijump.c.obj)
                0x000000000380346c                vexDisplayBackgroundColorGet
 .text.vexDisplayPixelSet
                0x0000000003803488       0x38 /Users/dragonix22/Library/Application Support/Code/User/globalStorage/vexrobotics.vexcode/sdk/cpp/V5/V5_20240802_15_00_00/vexv5/libv5rt.a(v5_apijump.c.obj)
                0x0000000003803488                vexDisplayPixelSet
 .text.vexDisplayLineDraw
                0x00000000038034c0       0x4c /Users/dragonix22/Library/Application Support/Code/User/globalStorage/vexrobotics.vexcode/sdk/cpp/V5/V5_20240802_15_00_00/vexv5/libv5rt.a(v5_apijump.c.obj)
                0x00000000038034c0                vexDisplayLineDraw
 .text.vexDisplayRectClear
                0x000000000380350c       0x4c /Users/dragonix22/Library/Application Support/Code/User/globalStorage/vexrobotics.vexcode/sdk/cpp/V5/V5_20240802_15_00_00/vexv5/libv5rt.a(v5_apijump.c.obj)
                0x000000000380350c                vexDisplayRectClear
 .text.vexDisplayVPrintf
                0x0000000003803558       0x50 /Users/dragonix22/Library/Application Support/Code/User/globalStorage/vexrobotics.vexcode/sdk/cpp/V5/V5_20240802_15_00_00/vexv5/libv5rt.a(v5_apijump.c.obj)
                0x0000000003803558                vexDisplayVPrintf
 .text.vexDisplayTextReference
                0x00000000038035a8       0x24 /Users/dragonix22/Library/Application Support/Code/User/globalStorage/vexrobotics.vexcode/sdk/cpp/V5/V5_20240802_15_00_00/vexv5/libv5rt.a(v5_apijump.c.obj)
                0x00000000038035a8                vexDisplayTextReference
 .text.vexDisplayTextSize
                0x00000000038035cc       0x2c /Users/dragonix22/Library/Application Support/Code/User/globalStorage/vexrobotics.vexcode/sdk/cpp/V5/V5_20240802_15_00_00/vexv5/libv5rt.a(v5_apijump.c.obj)
                0x00000000038035cc                vexDisplayTextSize
 .text.vexDisplayFontNamedSet
                0x00000000038035f8       0x24 /Users/dragonix22/Library/Application Support/Code/User/globalStorage/vexrobotics.vexcode/sdk/cpp/V5/V5_20240802_15_00_00/vexv5/libv5rt.a(v5_apijump.c.obj)
                0x00000000038035f8                vexDisplayFontNamedSet
 .text.vexDisplayStringWidthGet
                0x000000000380361c       0x24 /Users/dragonix22/Library/Application Support/Code/User/globalStorage/vexrobotics.vexcode/sdk/cpp/V5/V5_20240802_15_00_00/vexv5/libv5rt.a(v5_apijump.c.obj)
                0x000000000380361c                vexDisplayStringWidthGet
 .text.vexDisplayPenSizeGet
                0x0000000003803640       0x1c /Users/dragonix22/Library/Application Support/Code/User/globalStorage/vexrobotics.vexcode/sdk/cpp/V5/V5_20240802_15_00_00/vexv5/libv5rt.a(v5_apijump.c.obj)
                0x0000000003803640                vexDisplayPenSizeGet
 .text.vexSystemStdlibImpureDataAddr
                0x000000000380365c       0x28 /Users/dragonix22/Library/Application Support/Code/User/globalStorage/vexrobotics.vexcode/sdk/cpp/V5/V5_20240802_15_00_00/vexv5/libv5rt.a(v5_apijump.c.obj)
                0x000000000380365c                vexSystemStdlibImpureDataAddr
 .text.vexSystemStdlibImpureDataSize
                0x0000000003803684       0x28 /Users/dragonix22/Library/Application Support/Code/User/globalStorage/vexrobotics.vexcode/sdk/cpp/V5/V5_20240802_15_00_00/vexv5/libv5rt.a(v5_apijump.c.obj)
                0x0000000003803684                vexSystemStdlibImpureDataSize
 .text.vexSystemSaveUserData
                0x00000000038036ac       0x3c /Users/dragonix22/Library/Application Support/Code/User/globalStorage/vexrobotics.vexcode/sdk/cpp/V5/V5_20240802_15_00_00/vexv5/libv5rt.a(v5_apijump.c.obj)
                0x00000000038036ac                vexSystemSaveUserData
 .text.vexDisplayThemeIdGet
                0x00000000038036e8       0x38 /Users/dragonix22/Library/Application Support/Code/User/globalStorage/vexrobotics.vexcode/sdk/cpp/V5/V5_20240802_15_00_00/vexv5/libv5rt.a(v5_apijump.c.obj)
                0x00000000038036e8                vexDisplayThemeIdGet
 .text.vexDeviceEventMaskSet
                0x0000000003803720       0x48 /Users/dragonix22/Library/Application Support/Code/User/globalStorage/vexrobotics.vexcode/sdk/cpp/V5/V5_20240802_15_00_00/vexv5/libv5rt.a(v5_apijump.c.obj)
                0x0000000003803720                vexDeviceEventMaskSet
 .text.vexDeviceEventMaskGet
                0x0000000003803768       0x3c /Users/dragonix22/Library/Application Support/Code/User/globalStorage/vexrobotics.vexcode/sdk/cpp/V5/V5_20240802_15_00_00/vexv5/libv5rt.a(v5_apijump.c.obj)
                0x0000000003803768                vexDeviceEventMaskGet
 .text.vexSystemVersion
                0x00000000038037a4       0x10 /Users/dragonix22/Library/Application Support/Code/User/globalStorage/vexrobotics.vexcode/sdk/cpp/V5/V5_20240802_15_00_00/vexv5/libv5rt.a(v5_apiversions.c.obj)
                0x00000000038037a4                vexSystemVersion
 .text.vexStdlibVersion
                0x00000000038037b4       0x10 /Users/dragonix22/Library/Application Support/Code/User/globalStorage/vexrobotics.vexcode/sdk/cpp/V5/V5_20240802_15_00_00/vexv5/libv5rt.a(v5_apiversions.c.obj)
                0x00000000038037b4                vexStdlibVersion
 *fill*         0x00000000038037c4        0x4 
 .text._ZN3vex4waitEdNS_9timeUnitsE
                0x00000000038037c8       0x30 /Users/dragonix22/Library/Application Support/Code/User/globalStorage/vexrobotics.vexcode/sdk/cpp/V5/V5_20240802_15_00_00/vexv5/libv5rt.a(vex_global.cpp.obj)
                0x00000000038037c8                vex::wait(double, vex::timeUnits)
 .text._ZN3vex5motorD2Ev
                0x00000000038037f8       0x20 /Users/dragonix22/Library/Application Support/Code/User/globalStorage/vexrobotics.vexcode/sdk/cpp/V5/V5_20240802_15_00_00/vexv5/libv5rt.a(vex_motor.cpp.obj)
                0x00000000038037f8                vex::motor::~motor()
                0x00000000038037f8                vex::motor::~motor()
 .text._ZN3vex5motorD0Ev
                0x0000000003803818       0x1c /Users/dragonix22/Library/Application Support/Code/User/globalStorage/vexrobotics.vexcode/sdk/cpp/V5/V5_20240802_15_00_00/vexv5/libv5rt.a(vex_motor.cpp.obj)
                0x0000000003803818                vex::motor::~motor()
 .text._ZN3vex5motor9installedEv
                0x0000000003803834       0x18 /Users/dragonix22/Library/Application Support/Code/User/globalStorage/vexrobotics.vexcode/sdk/cpp/V5/V5_20240802_15_00_00/vexv5/libv5rt.a(vex_motor.cpp.obj)
                0x0000000003803834                vex::motor::installed()
 .text._ZN3vex5motor15defaultStoppingENS_9brakeTypeE
                0x000000000380384c       0x30 /Users/dragonix22/Library/Application Support/Code/User/globalStorage/vexrobotics.vexcode/sdk/cpp/V5/V5_20240802_15_00_00/vexv5/libv5rt.a(vex_motor.cpp.obj)
                0x000000000380384c                vex::motor::defaultStopping(vex::brakeType)
 .text._ZN3vex5motorC2El
                0x000000000380387c       0x78 /Users/dragonix22/Library/Application Support/Code/User/globalStorage/vexrobotics.vexcode/sdk/cpp/V5/V5_20240802_15_00_00/vexv5/libv5rt.a(vex_motor.cpp.obj)
                0x000000000380387c                vex::motor::motor(long)
                0x000000000380387c                vex::motor::motor(long)
 .text._ZN3vex5motorC2ElNS_11gearSettingEb
                0x00000000038038f4       0x34 /Users/dragonix22/Library/Application Support/Code/User/globalStorage/vexrobotics.vexcode/sdk/cpp/V5/V5_20240802_15_00_00/vexv5/libv5rt.a(vex_motor.cpp.obj)
                0x00000000038038f4                vex::motor::motor(long, vex::gearSetting, bool)
                0x00000000038038f4                vex::motor::motor(long, vex::gearSetting, bool)
 .text._ZN3vex5motor4spinENS_13directionTypeEdNS_12voltageUnitsE
                0x0000000003803928       0x50 /Users/dragonix22/Library/Application Support/Code/User/globalStorage/vexrobotics.vexcode/sdk/cpp/V5/V5_20240802_15_00_00/vexv5/libv5rt.a(vex_motor.cpp.obj)
                0x0000000003803928                vex::motor::spin(vex::directionType, double, vex::voltageUnits)
 .text._ZN3vex5motor4stopENS_9brakeTypeE
                0x0000000003803978       0x30 /Users/dragonix22/Library/Application Support/Code/User/globalStorage/vexrobotics.vexcode/sdk/cpp/V5/V5_20240802_15_00_00/vexv5/libv5rt.a(vex_motor.cpp.obj)
                0x0000000003803978                vex::motor::stop(vex::brakeType)
 .text._ZN3vex5motor16velocityToScaledEdNS_13velocityUnitsE
                0x00000000038039a8       0x5c /Users/dragonix22/Library/Application Support/Code/User/globalStorage/vexrobotics.vexcode/sdk/cpp/V5/V5_20240802_15_00_00/vexv5/libv5rt.a(vex_motor.cpp.obj)
                0x00000000038039a8                vex::motor::velocityToScaled(double, vex::velocityUnits)
 .text._ZN3vex5motor8velocityENS_13velocityUnitsE
                0x0000000003803a04       0x30 /Users/dragonix22/Library/Application Support/Code/User/globalStorage/vexrobotics.vexcode/sdk/cpp/V5/V5_20240802_15_00_00/vexv5/libv5rt.a(vex_motor.cpp.obj)
                0x0000000003803a04                vex::motor::velocity(vex::velocityUnits)
 .text._ZN3vex5motor5valueEv
                0x0000000003803a34       0x1c /Users/dragonix22/Library/Application Support/Code/User/globalStorage/vexrobotics.vexcode/sdk/cpp/V5/V5_20240802_15_00_00/vexv5/libv5rt.a(vex_motor.cpp.obj)
                0x0000000003803a34                vex::motor::value()
 .text._ZN3vex5motor16setRotationUnitsENS_13rotationUnitsE
                0x0000000003803a50       0x1c /Users/dragonix22/Library/Application Support/Code/User/globalStorage/vexrobotics.vexcode/sdk/cpp/V5/V5_20240802_15_00_00/vexv5/libv5rt.a(vex_motor.cpp.obj)
                0x0000000003803a50                vex::motor::setRotationUnits(vex::rotationUnits)
 .text._ZN3vex5motor11setPositionEdNS_13rotationUnitsE
                0x0000000003803a6c       0x44 /Users/dragonix22/Library/Application Support/Code/User/globalStorage/vexrobotics.vexcode/sdk/cpp/V5/V5_20240802_15_00_00/vexv5/libv5rt.a(vex_motor.cpp.obj)
                0x0000000003803a6c                vex::motor::setPosition(double, vex::rotationUnits)
 .text._ZN3vex5motor8positionENS_13rotationUnitsE
                0x0000000003803ab0       0x44 /Users/dragonix22/Library/Application Support/Code/User/globalStorage/vexrobotics.vexcode/sdk/cpp/V5/V5_20240802_15_00_00/vexv5/libv5rt.a(vex_motor.cpp.obj)
                0x0000000003803ab0                vex::motor::position(vex::rotationUnits)
 .text._ZN3vex8inertial11getTurnTypeEv
                0x0000000003803af4        0x8 /Users/dragonix22/Library/Application Support/Code/User/globalStorage/vexrobotics.vexcode/sdk/cpp/V5/V5_20240802_15_00_00/vexv5/libv5rt.a(vex_imu.cpp.obj)
                0x0000000003803af4                vex::inertial::getTurnType()
 .text._ZThn16_N3vex8inertial11getTurnTypeEv
                0x0000000003803afc        0x8 /Users/dragonix22/Library/Application Support/Code/User/globalStorage/vexrobotics.vexcode/sdk/cpp/V5/V5_20240802_15_00_00/vexv5/libv5rt.a(vex_imu.cpp.obj)
                0x0000000003803afc                non-virtual thunk to vex::inertial::getTurnType()
 *fill*         0x0000000003803b04        0x4 
 .text._ZN3vex8inertial10setHeadingEdNS_13rotationUnitsE
                0x0000000003803b08       0x58 /Users/dragonix22/Library/Application Support/Code/User/globalStorage/vexrobotics.vexcode/sdk/cpp/V5/V5_20240802_15_00_00/vexv5/libv5rt.a(vex_imu.cpp.obj)
                0x0000000003803b08                vex::inertial::setHeading(double, vex::rotationUnits)
 .text._ZThn16_N3vex8inertial10setHeadingEdNS_13rotationUnitsE
                0x0000000003803b60        0x8 /Users/dragonix22/Library/Application Support/Code/User/globalStorage/vexrobotics.vexcode/sdk/cpp/V5/V5_20240802_15_00_00/vexv5/libv5rt.a(vex_imu.cpp.obj)
                0x0000000003803b60                non-virtual thunk to vex::inertial::setHeading(double, vex::rotationUnits)
 .text._ZN3vex8inertial11setRotationEdNS_13rotationUnitsE
                0x0000000003803b68       0x58 /Users/dragonix22/Library/Application Support/Code/User/globalStorage/vexrobotics.vexcode/sdk/cpp/V5/V5_20240802_15_00_00/vexv5/libv5rt.a(vex_imu.cpp.obj)
                0x0000000003803b68                vex::inertial::setRotation(double, vex::rotationUnits)
 .text._ZThn16_N3vex8inertial11setRotationEdNS_13rotationUnitsE
                0x0000000003803bc0        0x8 /Users/dragonix22/Library/Application Support/Code/User/globalStorage/vexrobotics.vexcode/sdk/cpp/V5/V5_20240802_15_00_00/vexv5/libv5rt.a(vex_imu.cpp.obj)
                0x0000000003803bc0                non-virtual thunk to vex::inertial::setRotation(double, vex::rotationUnits)
 .text._ZN3vex8inertialD2Ev
                0x0000000003803bc8       0x20 /Users/dragonix22/Library/Application Support/Code/User/globalStorage/vexrobotics.vexcode/sdk/cpp/V5/V5_20240802_15_00_00/vexv5/libv5rt.a(vex_imu.cpp.obj)
                0x0000000003803bc8                vex::inertial::~inertial()
                0x0000000003803bc8                vex::inertial::~inertial()
 .text._ZThn16_N3vex8inertialD1Ev
                0x0000000003803be8        0x8 /Users/dragonix22/Library/Application Support/Code/User/globalStorage/vexrobotics.vexcode/sdk/cpp/V5/V5_20240802_15_00_00/vexv5/libv5rt.a(vex_imu.cpp.obj)
                0x0000000003803be8                non-virtual thunk to vex::inertial::~inertial()
 .text._ZN3vex8inertialD0Ev
                0x0000000003803bf0       0x1c /Users/dragonix22/Library/Application Support/Code/User/globalStorage/vexrobotics.vexcode/sdk/cpp/V5/V5_20240802_15_00_00/vexv5/libv5rt.a(vex_imu.cpp.obj)
                0x0000000003803bf0                vex::inertial::~inertial()
 .text._ZThn16_N3vex8inertialD0Ev
                0x0000000003803c0c        0x8 /Users/dragonix22/Library/Application Support/Code/User/globalStorage/vexrobotics.vexcode/sdk/cpp/V5/V5_20240802_15_00_00/vexv5/libv5rt.a(vex_imu.cpp.obj)
                0x0000000003803c0c                non-virtual thunk to vex::inertial::~inertial()
 .text._ZN3vex8inertial9installedEv
                0x0000000003803c14       0x18 /Users/dragonix22/Library/Application Support/Code/User/globalStorage/vexrobotics.vexcode/sdk/cpp/V5/V5_20240802_15_00_00/vexv5/libv5rt.a(vex_imu.cpp.obj)
                0x0000000003803c14                vex::inertial::installed()
 .text._ZN3vex8inertial5angleENS_13rotationUnitsE
                0x0000000003803c2c       0x6c /Users/dragonix22/Library/Application Support/Code/User/globalStorage/vexrobotics.vexcode/sdk/cpp/V5/V5_20240802_15_00_00/vexv5/libv5rt.a(vex_imu.cpp.obj)
                0x0000000003803c2c                vex::inertial::angle(vex::rotationUnits)
 .text._ZThn16_N3vex8inertial5angleENS_13rotationUnitsE
                0x0000000003803c98        0x8 /Users/dragonix22/Library/Application Support/Code/User/globalStorage/vexrobotics.vexcode/sdk/cpp/V5/V5_20240802_15_00_00/vexv5/libv5rt.a(vex_imu.cpp.obj)
                0x0000000003803c98                non-virtual thunk to vex::inertial::angle(vex::rotationUnits)
 .text._ZN3vex8inertial7headingENS_13rotationUnitsE
                0x0000000003803ca0        0x4 /Users/dragonix22/Library/Application Support/Code/User/globalStorage/vexrobotics.vexcode/sdk/cpp/V5/V5_20240802_15_00_00/vexv5/libv5rt.a(vex_imu.cpp.obj)
                0x0000000003803ca0                vex::inertial::heading(vex::rotationUnits)
 .text._ZThn16_N3vex8inertial7headingENS_13rotationUnitsE
                0x0000000003803ca4        0x8 /Users/dragonix22/Library/Application Support/Code/User/globalStorage/vexrobotics.vexcode/sdk/cpp/V5/V5_20240802_15_00_00/vexv5/libv5rt.a(vex_imu.cpp.obj)
                0x0000000003803ca4                non-virtual thunk to vex::inertial::heading(vex::rotationUnits)
 .text._ZN3vex8inertial5valueEv
                0x0000000003803cac       0x1c /Users/dragonix22/Library/Application Support/Code/User/globalStorage/vexrobotics.vexcode/sdk/cpp/V5/V5_20240802_15_00_00/vexv5/libv5rt.a(vex_imu.cpp.obj)
                0x0000000003803cac                vex::inertial::value()
 .text._ZN3vex8inertial8rotationENS_13rotationUnitsE
                0x0000000003803cc8       0x48 /Users/dragonix22/Library/Application Support/Code/User/globalStorage/vexrobotics.vexcode/sdk/cpp/V5/V5_20240802_15_00_00/vexv5/libv5rt.a(vex_imu.cpp.obj)
                0x0000000003803cc8                vex::inertial::rotation(vex::rotationUnits)
 .text._ZThn16_N3vex8inertial8rotationENS_13rotationUnitsE
                0x0000000003803d10        0x8 /Users/dragonix22/Library/Application Support/Code/User/globalStorage/vexrobotics.vexcode/sdk/cpp/V5/V5_20240802_15_00_00/vexv5/libv5rt.a(vex_imu.cpp.obj)
                0x0000000003803d10                non-virtual thunk to vex::inertial::rotation(vex::rotationUnits)
 .text._ZN3vex8inertial13isCalibratingEv
                0x0000000003803d18       0x38 /Users/dragonix22/Library/Application Support/Code/User/globalStorage/vexrobotics.vexcode/sdk/cpp/V5/V5_20240802_15_00_00/vexv5/libv5rt.a(vex_imu.cpp.obj)
                0x0000000003803d18                vex::inertial::isCalibrating()
 .text._ZThn16_N3vex8inertial13isCalibratingEv
                0x0000000003803d50        0x8 /Users/dragonix22/Library/Application Support/Code/User/globalStorage/vexrobotics.vexcode/sdk/cpp/V5/V5_20240802_15_00_00/vexv5/libv5rt.a(vex_imu.cpp.obj)
                0x0000000003803d50                non-virtual thunk to vex::inertial::isCalibrating()
 .text._ZN3vex8inertialC2ElNS_8turnTypeE
                0x0000000003803d58       0x4c /Users/dragonix22/Library/Application Support/Code/User/globalStorage/vexrobotics.vexcode/sdk/cpp/V5/V5_20240802_15_00_00/vexv5/libv5rt.a(vex_imu.cpp.obj)
                0x0000000003803d58                vex::inertial::inertial(long, vex::turnType)
                0x0000000003803d58                vex::inertial::inertial(long, vex::turnType)
 .text._ZN3vex8inertial16startCalibrationEl
                0x0000000003803da4       0x20 /Users/dragonix22/Library/Application Support/Code/User/globalStorage/vexrobotics.vexcode/sdk/cpp/V5/V5_20240802_15_00_00/vexv5/libv5rt.a(vex_imu.cpp.obj)
                0x0000000003803da4                vex::inertial::startCalibration(long)
 .text._ZN3vex8inertial9calibrateEl
                0x0000000003803dc4        0xc /Users/dragonix22/Library/Application Support/Code/User/globalStorage/vexrobotics.vexcode/sdk/cpp/V5/V5_20240802_15_00_00/vexv5/libv5rt.a(vex_imu.cpp.obj)
                0x0000000003803dc4                vex::inertial::calibrate(long)
                0x0000000003803dc8                non-virtual thunk to vex::inertial::calibrate(long)
 .text._ZN3vex8rotationD2Ev
                0x0000000003803dd0       0x20 /Users/dragonix22/Library/Application Support/Code/User/globalStorage/vexrobotics.vexcode/sdk/cpp/V5/V5_20240802_15_00_00/vexv5/libv5rt.a(vex_rotation.cpp.obj)
                0x0000000003803dd0                vex::rotation::~rotation()
                0x0000000003803dd0                vex::rotation::~rotation()
 .text._ZN3vex8rotationD0Ev
                0x0000000003803df0       0x1c /Users/dragonix22/Library/Application Support/Code/User/globalStorage/vexrobotics.vexcode/sdk/cpp/V5/V5_20240802_15_00_00/vexv5/libv5rt.a(vex_rotation.cpp.obj)
                0x0000000003803df0                vex::rotation::~rotation()
 .text._ZN3vex8rotation9installedEv
                0x0000000003803e0c       0x18 /Users/dragonix22/Library/Application Support/Code/User/globalStorage/vexrobotics.vexcode/sdk/cpp/V5/V5_20240802_15_00_00/vexv5/libv5rt.a(vex_rotation.cpp.obj)
                0x0000000003803e0c                vex::rotation::installed()
 .text._ZN3vex8rotation5valueEv
                0x0000000003803e24        0x8 /Users/dragonix22/Library/Application Support/Code/User/globalStorage/vexrobotics.vexcode/sdk/cpp/V5/V5_20240802_15_00_00/vexv5/libv5rt.a(vex_rotation.cpp.obj)
                0x0000000003803e24                vex::rotation::value()
 .text._ZN3vex8rotationC2Elb
                0x0000000003803e2c       0x30 /Users/dragonix22/Library/Application Support/Code/User/globalStorage/vexrobotics.vexcode/sdk/cpp/V5/V5_20240802_15_00_00/vexv5/libv5rt.a(vex_rotation.cpp.obj)
                0x0000000003803e2c                vex::rotation::rotation(long, bool)
                0x0000000003803e2c                vex::rotation::rotation(long, bool)
 *fill*         0x0000000003803e5c        0x4 
 .text._ZN3vex8rotation8positionENS_13rotationUnitsE
                0x0000000003803e60       0x50 /Users/dragonix22/Library/Application Support/Code/User/globalStorage/vexrobotics.vexcode/sdk/cpp/V5/V5_20240802_15_00_00/vexv5/libv5rt.a(vex_rotation.cpp.obj)
                0x0000000003803e60                vex::rotation::position(vex::rotationUnits)
 .text._ZN3vex7opticalD2Ev
                0x0000000003803eb0       0x20 /Users/dragonix22/Library/Application Support/Code/User/globalStorage/vexrobotics.vexcode/sdk/cpp/V5/V5_20240802_15_00_00/vexv5/libv5rt.a(vex_optical.cpp.obj)
                0x0000000003803eb0                vex::optical::~optical()
                0x0000000003803eb0                vex::optical::~optical()
 .text._ZN3vex7opticalD0Ev
                0x0000000003803ed0       0x1c /Users/dragonix22/Library/Application Support/Code/User/globalStorage/vexrobotics.vexcode/sdk/cpp/V5/V5_20240802_15_00_00/vexv5/libv5rt.a(vex_optical.cpp.obj)
                0x0000000003803ed0                vex::optical::~optical()
 .text._ZN3vex7optical9installedEv
                0x0000000003803eec       0x18 /Users/dragonix22/Library/Application Support/Code/User/globalStorage/vexrobotics.vexcode/sdk/cpp/V5/V5_20240802_15_00_00/vexv5/libv5rt.a(vex_optical.cpp.obj)
                0x0000000003803eec                vex::optical::installed()
 .text._ZN3vex7optical3hueEv
                0x0000000003803f04        0x8 /Users/dragonix22/Library/Application Support/Code/User/globalStorage/vexrobotics.vexcode/sdk/cpp/V5/V5_20240802_15_00_00/vexv5/libv5rt.a(vex_optical.cpp.obj)
                0x0000000003803f04                vex::optical::hue()
 .text._ZN3vex7optical5valueEv
                0x0000000003803f0c       0x18 /Users/dragonix22/Library/Application Support/Code/User/globalStorage/vexrobotics.vexcode/sdk/cpp/V5/V5_20240802_15_00_00/vexv5/libv5rt.a(vex_optical.cpp.obj)
                0x0000000003803f0c                vex::optical::value()
 .text._ZN3vex7optical13gestureEnableEv
                0x0000000003803f24        0x8 /Users/dragonix22/Library/Application Support/Code/User/globalStorage/vexrobotics.vexcode/sdk/cpp/V5/V5_20240802_15_00_00/vexv5/libv5rt.a(vex_optical.cpp.obj)
                0x0000000003803f24                vex::optical::gestureEnable()
 .text._ZN3vex7optical14gestureDisableEv
                0x0000000003803f2c        0x8 /Users/dragonix22/Library/Application Support/Code/User/globalStorage/vexrobotics.vexcode/sdk/cpp/V5/V5_20240802_15_00_00/vexv5/libv5rt.a(vex_optical.cpp.obj)
                0x0000000003803f2c                vex::optical::gestureDisable()
 .text._ZN3vex7opticalC2Elb
                0x0000000003803f34       0x54 /Users/dragonix22/Library/Application Support/Code/User/globalStorage/vexrobotics.vexcode/sdk/cpp/V5/V5_20240802_15_00_00/vexv5/libv5rt.a(vex_optical.cpp.obj)
                0x0000000003803f34                vex::optical::optical(long, bool)
                0x0000000003803f34                vex::optical::optical(long, bool)
 .text._ZN3vex8distanceD2Ev
                0x0000000003803f88       0x20 /Users/dragonix22/Library/Application Support/Code/User/globalStorage/vexrobotics.vexcode/sdk/cpp/V5/V5_20240802_15_00_00/vexv5/libv5rt.a(vex_distance.cpp.obj)
                0x0000000003803f88                vex::distance::~distance()
                0x0000000003803f88                vex::distance::~distance()
 .text._ZN3vex8distanceD0Ev
                0x0000000003803fa8       0x1c /Users/dragonix22/Library/Application Support/Code/User/globalStorage/vexrobotics.vexcode/sdk/cpp/V5/V5_20240802_15_00_00/vexv5/libv5rt.a(vex_distance.cpp.obj)
                0x0000000003803fa8                vex::distance::~distance()
 .text._ZN3vex8distance9installedEv
                0x0000000003803fc4       0x18 /Users/dragonix22/Library/Application Support/Code/User/globalStorage/vexrobotics.vexcode/sdk/cpp/V5/V5_20240802_15_00_00/vexv5/libv5rt.a(vex_distance.cpp.obj)
                0x0000000003803fc4                vex::distance::installed()
 .text._ZN3vex8distance5valueEv
                0x0000000003803fdc        0x8 /Users/dragonix22/Library/Application Support/Code/User/globalStorage/vexrobotics.vexcode/sdk/cpp/V5/V5_20240802_15_00_00/vexv5/libv5rt.a(vex_distance.cpp.obj)
                0x0000000003803fdc                vex::distance::value()
 .text._ZN3vex8distanceC2El
                0x0000000003803fe4       0x20 /Users/dragonix22/Library/Application Support/Code/User/globalStorage/vexrobotics.vexcode/sdk/cpp/V5/V5_20240802_15_00_00/vexv5/libv5rt.a(vex_distance.cpp.obj)
                0x0000000003803fe4                vex::distance::distance(long)
                0x0000000003803fe4                vex::distance::distance(long)
 .text._ZN3vex10controllerD2Ev
                0x0000000003804004        0x4 /Users/dragonix22/Library/Application Support/Code/User/globalStorage/vexrobotics.vexcode/sdk/cpp/V5/V5_20240802_15_00_00/vexv5/libv5rt.a(vex_controller.cpp.obj)
                0x0000000003804004                vex::controller::~controller()
                0x0000000003804004                vex::controller::~controller()
 .text._ZN3vex10controller5valueE19_V5_ControllerIndex
                0x0000000003804008        0x8 /Users/dragonix22/Library/Application Support/Code/User/globalStorage/vexrobotics.vexcode/sdk/cpp/V5/V5_20240802_15_00_00/vexv5/libv5rt.a(vex_controller.cpp.obj)
                0x0000000003804008                vex::controller::value(_V5_ControllerIndex)
 .text._ZNK3vex10controller6button8pressingEv
                0x0000000003804010       0xc8 /Users/dragonix22/Library/Application Support/Code/User/globalStorage/vexrobotics.vexcode/sdk/cpp/V5/V5_20240802_15_00_00/vexv5/libv5rt.a(vex_controller.cpp.obj)
                0x0000000003804010                vex::controller::button::pressing() const
 .text._ZNK3vex10controller6button21_buttonToPressedEventEv
                0x00000000038040d8       0x20 /Users/dragonix22/Library/Application Support/Code/User/globalStorage/vexrobotics.vexcode/sdk/cpp/V5/V5_20240802_15_00_00/vexv5/libv5rt.a(vex_controller.cpp.obj)
                0x00000000038040d8                vex::controller::button::_buttonToPressedEvent() const
 .text._ZNK3vex10controller6button22_buttonToReleasedEventEv
                0x00000000038040f8       0x20 /Users/dragonix22/Library/Application Support/Code/User/globalStorage/vexrobotics.vexcode/sdk/cpp/V5/V5_20240802_15_00_00/vexv5/libv5rt.a(vex_controller.cpp.obj)
                0x00000000038040f8                vex::controller::button::_buttonToReleasedEvent() const
 .text._ZN3vex10controller6buttonC2ENS0_11tButtonTypeEPS0_
                0x0000000003804118       0x48 /Users/dragonix22/Library/Application Support/Code/User/globalStorage/vexrobotics.vexcode/sdk/cpp/V5/V5_20240802_15_00_00/vexv5/libv5rt.a(vex_controller.cpp.obj)
                0x0000000003804118                vex::controller::button::button(vex::controller::tButtonType, vex::controller*)
                0x0000000003804118                vex::controller::button::button(vex::controller::tButtonType, vex::controller*)
 .text._ZNK3vex10controller4axis5valueEv
                0x0000000003804160       0x58 /Users/dragonix22/Library/Application Support/Code/User/globalStorage/vexrobotics.vexcode/sdk/cpp/V5/V5_20240802_15_00_00/vexv5/libv5rt.a(vex_controller.cpp.obj)
                0x0000000003804160                vex::controller::axis::value() const
 .text._ZNK3vex10controller4axis23_joystickToChangedEventEv
                0x00000000038041b8       0x20 /Users/dragonix22/Library/Application Support/Code/User/globalStorage/vexrobotics.vexcode/sdk/cpp/V5/V5_20240802_15_00_00/vexv5/libv5rt.a(vex_controller.cpp.obj)
                0x00000000038041b8                vex::controller::axis::_joystickToChangedEvent() const
 .text._ZN3vex10controller4axisC2ENS0_9tAxisTypeEPS0_
                0x00000000038041d8       0x2c /Users/dragonix22/Library/Application Support/Code/User/globalStorage/vexrobotics.vexcode/sdk/cpp/V5/V5_20240802_15_00_00/vexv5/libv5rt.a(vex_controller.cpp.obj)
                0x00000000038041d8                vex::controller::axis::axis(vex::controller::tAxisType, vex::controller*)
                0x00000000038041d8                vex::controller::axis::axis(vex::controller::tAxisType, vex::controller*)
 .text._ZN3vex10controllerC2ENS_14controllerTypeE
                0x0000000003804204      0x16c /Users/dragonix22/Library/Application Support/Code/User/globalStorage/vexrobotics.vexcode/sdk/cpp/V5/V5_20240802_15_00_00/vexv5/libv5rt.a(vex_controller.cpp.obj)
                0x0000000003804204                vex::controller::controller(vex::controllerType)
                0x0000000003804204                vex::controller::controller(vex::controllerType)
 .text._ZN3vex6threadC2EPFivE
                0x0000000003804370       0x5c /Users/dragonix22/Library/Application Support/Code/User/globalStorage/vexrobotics.vexcode/sdk/cpp/V5/V5_20240802_15_00_00/vexv5/libv5rt.a(vex_thread.cpp.obj)
                0x0000000003804370                vex::thread::thread(int (*)())
                0x0000000003804370                vex::thread::thread(int (*)())
 .text._ZN3vex6threadD2Ev
                0x00000000038043cc        0x4 /Users/dragonix22/Library/Application Support/Code/User/globalStorage/vexrobotics.vexcode/sdk/cpp/V5/V5_20240802_15_00_00/vexv5/libv5rt.a(vex_thread.cpp.obj)
                0x00000000038043cc                vex::thread::~thread()
                0x00000000038043cc                vex::thread::~thread()
 .text._ZN3vex11this_thread9sleep_forEm
                0x00000000038043d0        0x4 /Users/dragonix22/Library/Application Support/Code/User/globalStorage/vexrobotics.vexcode/sdk/cpp/V5/V5_20240802_15_00_00/vexv5/libv5rt.a(vex_thread.cpp.obj)
                0x00000000038043d0                vex::this_thread::sleep_for(unsigned long)
 .text._ZN3vex5event4initEmmPFvvE
                0x00000000038043d4        0x4 /Users/dragonix22/Library/Application Support/Code/User/globalStorage/vexrobotics.vexcode/sdk/cpp/V5/V5_20240802_15_00_00/vexv5/libv5rt.a(vex_event.cpp.obj)
                0x00000000038043d4                vex::event::init(unsigned long, unsigned long, void (*)())
 .text._ZN3vex5event4initEmmPFvPvES1_
                0x00000000038043d8        0x4 /Users/dragonix22/Library/Application Support/Code/User/globalStorage/vexrobotics.vexcode/sdk/cpp/V5/V5_20240802_15_00_00/vexv5/libv5rt.a(vex_event.cpp.obj)
                0x00000000038043d8                vex::event::init(unsigned long, unsigned long, void (*)(void*), void*)
 .text._ZN3vex5event9userindexEv
                0x00000000038043dc        0x4 /Users/dragonix22/Library/Application Support/Code/User/globalStorage/vexrobotics.vexcode/sdk/cpp/V5/V5_20240802_15_00_00/vexv5/libv5rt.a(vex_event.cpp.obj)
                0x00000000038043dc                vex::event::userindex()
 .text._ZZN3vex6meventC4EmmENUlvE_4_FUNEv
                0x00000000038043e0        0x4 /Users/dragonix22/Library/Application Support/Code/User/globalStorage/vexrobotics.vexcode/sdk/cpp/V5/V5_20240802_15_00_00/vexv5/libv5rt.a(vex_mevent.cpp.obj)
 .text._ZN3vex6meventC2Emm
                0x00000000038043e4       0x70 /Users/dragonix22/Library/Application Support/Code/User/globalStorage/vexrobotics.vexcode/sdk/cpp/V5/V5_20240802_15_00_00/vexv5/libv5rt.a(vex_mevent.cpp.obj)
                0x00000000038043e4                vex::mevent::mevent(unsigned long, unsigned long)
                0x00000000038043e4                vex::mevent::mevent(unsigned long, unsigned long)
 .text._ZN3vex5brain9_getIndexEv
                0x0000000003804454       0x10 /Users/dragonix22/Library/Application Support/Code/User/globalStorage/vexrobotics.vexcode/sdk/cpp/V5/V5_20240802_15_00_00/vexv5/libv5rt.a(vex_brain.cpp.obj)
                0x0000000003804454                vex::brain::_getIndex()
 .text._ZN3vex5brain5timerENS_9timeUnitsE
                0x0000000003804464        0x8 /Users/dragonix22/Library/Application Support/Code/User/globalStorage/vexrobotics.vexcode/sdk/cpp/V5/V5_20240802_15_00_00/vexv5/libv5rt.a(vex_brain.cpp.obj)
                0x0000000003804464                vex::brain::timer(vex::timeUnits)
 .text._ZN3vex5brain3lcd9setCursorEll
                0x000000000380446c       0x44 /Users/dragonix22/Library/Application Support/Code/User/globalStorage/vexrobotics.vexcode/sdk/cpp/V5/V5_20240802_15_00_00/vexv5/libv5rt.a(vex_brain.cpp.obj)
                0x000000000380446c                vex::brain::lcd::setCursor(long, long)
 .text._ZN3vex5brain3lcd7setFontENS_8fontTypeE
                0x00000000038044b0      0x23c /Users/dragonix22/Library/Application Support/Code/User/globalStorage/vexrobotics.vexcode/sdk/cpp/V5/V5_20240802_15_00_00/vexv5/libv5rt.a(vex_brain.cpp.obj)
                0x00000000038044b0                vex::brain::lcd::setFont(vex::fontType)
 .text._ZN3vex5brain3lcdC2Ev
                0x00000000038046ec       0x94 /Users/dragonix22/Library/Application Support/Code/User/globalStorage/vexrobotics.vexcode/sdk/cpp/V5/V5_20240802_15_00_00/vexv5/libv5rt.a(vex_brain.cpp.obj)
                0x00000000038046ec                vex::brain::lcd::lcd()
                0x00000000038046ec                vex::brain::lcd::lcd()
 .text._ZN3vex5brainC2Ev
                0x0000000003804780       0x3c /Users/dragonix22/Library/Application Support/Code/User/globalStorage/vexrobotics.vexcode/sdk/cpp/V5/V5_20240802_15_00_00/vexv5/libv5rt.a(vex_brain.cpp.obj)
                0x0000000003804780                vex::brain::brain()
                0x0000000003804780                vex::brain::brain()
 .text._ZN3vex5brain3lcd11setPenColorERKNS_5colorE
                0x00000000038047bc       0x14 /Users/dragonix22/Library/Application Support/Code/User/globalStorage/vexrobotics.vexcode/sdk/cpp/V5/V5_20240802_15_00_00/vexv5/libv5rt.a(vex_brain.cpp.obj)
                0x00000000038047bc                vex::brain::lcd::setPenColor(vex::color const&)
 .text._ZN3vex5brain3lcd12_clearScreenEm
                0x00000000038047d0       0x38 /Users/dragonix22/Library/Application Support/Code/User/globalStorage/vexrobotics.vexcode/sdk/cpp/V5/V5_20240802_15_00_00/vexv5/libv5rt.a(vex_brain.cpp.obj)
                0x00000000038047d0                vex::brain::lcd::_clearScreen(unsigned long)
 .text._ZN3vex5brain3lcd11clearScreenERKNS_5colorE
                0x0000000003804808       0x20 /Users/dragonix22/Library/Application Support/Code/User/globalStorage/vexrobotics.vexcode/sdk/cpp/V5/V5_20240802_15_00_00/vexv5/libv5rt.a(vex_brain.cpp.obj)
                0x0000000003804808                vex::brain::lcd::clearScreen(vex::color const&)
 .text._ZN3vex5brain3lcd9drawPixelEii
                0x0000000003804828       0x14 /Users/dragonix22/Library/Application Support/Code/User/globalStorage/vexrobotics.vexcode/sdk/cpp/V5/V5_20240802_15_00_00/vexv5/libv5rt.a(vex_brain.cpp.obj)
                0x0000000003804828                vex::brain::lcd::drawPixel(int, int)
 .text._ZN3vex5brain3lcd8drawLineEiiii
                0x000000000380483c      0x2c4 /Users/dragonix22/Library/Application Support/Code/User/globalStorage/vexrobotics.vexcode/sdk/cpp/V5/V5_20240802_15_00_00/vexv5/libv5rt.a(vex_brain.cpp.obj)
                0x000000000380483c                vex::brain::lcd::drawLine(int, int, int, int)
 .text._ZN3vex5brain3lcd10rowToPixelEl
                0x0000000003804b00       0x34 /Users/dragonix22/Library/Application Support/Code/User/globalStorage/vexrobotics.vexcode/sdk/cpp/V5/V5_20240802_15_00_00/vexv5/libv5rt.a(vex_brain.cpp.obj)
                0x0000000003804b00                vex::brain::lcd::rowToPixel(long)
 .text._ZN3vex5brain3lcd5printEPKcz
                0x0000000003804b34       0xb8 /Users/dragonix22/Library/Application Support/Code/User/globalStorage/vexrobotics.vexcode/sdk/cpp/V5/V5_20240802_15_00_00/vexv5/libv5rt.a(vex_brain.cpp.obj)
                0x0000000003804b34                vex::brain::lcd::print(char const*, ...)
 .text._ZN3vex5brainD2Ev
                0x0000000003804bec       0x20 /Users/dragonix22/Library/Application Support/Code/User/globalStorage/vexrobotics.vexcode/sdk/cpp/V5/V5_20240802_15_00_00/vexv5/libv5rt.a(vex_brain.cpp.obj)
                0x0000000003804bec                vex::brain::~brain()
                0x0000000003804bec                vex::brain::~brain()
 .text._ZN3vex11competition8_disableEPv
                0x0000000003804c0c       0xa4 /Users/dragonix22/Library/Application Support/Code/User/globalStorage/vexrobotics.vexcode/sdk/cpp/V5/V5_20240802_15_00_00/vexv5/libv5rt.a(vex_competition.cpp.obj)
                0x0000000003804c0c                vex::competition::_disable(void*)
 .text._ZN3vex11competition11_autonomousEv
                0x0000000003804cb0       0x80 /Users/dragonix22/Library/Application Support/Code/User/globalStorage/vexrobotics.vexcode/sdk/cpp/V5/V5_20240802_15_00_00/vexv5/libv5rt.a(vex_competition.cpp.obj)
                0x0000000003804cb0                vex::competition::_autonomous()
 .text._ZN3vex11competition14_drivercontrolEv
                0x0000000003804d30       0x80 /Users/dragonix22/Library/Application Support/Code/User/globalStorage/vexrobotics.vexcode/sdk/cpp/V5/V5_20240802_15_00_00/vexv5/libv5rt.a(vex_competition.cpp.obj)
                0x0000000003804d30                vex::competition::_drivercontrol()
 .text._ZN3vex11competitionC2Ev
                0x0000000003804db0      0x13c /Users/dragonix22/Library/Application Support/Code/User/globalStorage/vexrobotics.vexcode/sdk/cpp/V5/V5_20240802_15_00_00/vexv5/libv5rt.a(vex_competition.cpp.obj)
                0x0000000003804db0                vex::competition::competition()
                0x0000000003804db0                vex::competition::competition()
 .text._ZN3vex11competitionD2Ev
                0x0000000003804eec        0x4 /Users/dragonix22/Library/Application Support/Code/User/globalStorage/vexrobotics.vexcode/sdk/cpp/V5/V5_20240802_15_00_00/vexv5/libv5rt.a(vex_competition.cpp.obj)
                0x0000000003804eec                vex::competition::~competition()
                0x0000000003804eec                vex::competition::~competition()
 .text._ZN3vex11competition10autonomousEPFvvE
                0x0000000003804ef0       0x44 /Users/dragonix22/Library/Application Support/Code/User/globalStorage/vexrobotics.vexcode/sdk/cpp/V5/V5_20240802_15_00_00/vexv5/libv5rt.a(vex_competition.cpp.obj)
                0x0000000003804ef0                vex::competition::autonomous(void (*)())
 .text._ZN3vex11competition13drivercontrolEPFvvE
                0x0000000003804f34       0x44 /Users/dragonix22/Library/Application Support/Code/User/globalStorage/vexrobotics.vexcode/sdk/cpp/V5/V5_20240802_15_00_00/vexv5/libv5rt.a(vex_competition.cpp.obj)
                0x0000000003804f34                vex::competition::drivercontrol(void (*)())
 .text._ZN3vex7triportD2Ev
                0x0000000003804f78       0x38 /Users/dragonix22/Library/Application Support/Code/User/globalStorage/vexrobotics.vexcode/sdk/cpp/V5/V5_20240802_15_00_00/vexv5/libv5rt.a(vex_triport.cpp.obj)
                0x0000000003804f78                vex::triport::~triport()
                0x0000000003804f78                vex::triport::~triport()
 .text._ZN3vex7triportD0Ev
                0x0000000003804fb0       0x1c /Users/dragonix22/Library/Application Support/Code/User/globalStorage/vexrobotics.vexcode/sdk/cpp/V5/V5_20240802_15_00_00/vexv5/libv5rt.a(vex_triport.cpp.obj)
                0x0000000003804fb0                vex::triport::~triport()
 .text._ZN3vex7triport9installedEv
                0x0000000003804fcc       0x18 /Users/dragonix22/Library/Application Support/Code/User/globalStorage/vexrobotics.vexcode/sdk/cpp/V5/V5_20240802_15_00_00/vexv5/libv5rt.a(vex_triport.cpp.obj)
                0x0000000003804fcc                vex::triport::installed()
 .text._ZN3vex7triport4portC2ElPS0_
                0x0000000003804fe4       0x74 /Users/dragonix22/Library/Application Support/Code/User/globalStorage/vexrobotics.vexcode/sdk/cpp/V5/V5_20240802_15_00_00/vexv5/libv5rt.a(vex_triport.cpp.obj)
                0x0000000003804fe4                vex::triport::port::port(long, vex::triport*)
                0x0000000003804fe4                vex::triport::port::port(long, vex::triport*)
 .text._ZN3vex7triportC2El
                0x0000000003805058       0xf0 /Users/dragonix22/Library/Application Support/Code/User/globalStorage/vexrobotics.vexcode/sdk/cpp/V5/V5_20240802_15_00_00/vexv5/libv5rt.a(vex_triport.cpp.obj)
                0x0000000003805058                vex::triport::triport(long)
                0x0000000003805058                vex::triport::triport(long)
 .text._ZN3vex7triport4port4typeENS_11triportTypeE
                0x0000000003805148       0x30 /Users/dragonix22/Library/Application Support/Code/User/globalStorage/vexrobotics.vexcode/sdk/cpp/V5/V5_20240802_15_00_00/vexv5/libv5rt.a(vex_triport.cpp.obj)
                0x0000000003805148                vex::triport::port::type(vex::triportType)
 .text._ZN3vex7triport4port4typeEv
                0x0000000003805178       0x38 /Users/dragonix22/Library/Application Support/Code/User/globalStorage/vexrobotics.vexcode/sdk/cpp/V5/V5_20240802_15_00_00/vexv5/libv5rt.a(vex_triport.cpp.obj)
                0x0000000003805178                vex::triport::port::type()
 .text._ZN3vex11__trideviceC2ERNS_7triport4portENS_11triportTypeE
                0x00000000038051b0       0x5c /Users/dragonix22/Library/Application Support/Code/User/globalStorage/vexrobotics.vexcode/sdk/cpp/V5/V5_20240802_15_00_00/vexv5/libv5rt.a(vex_triport.cpp.obj)
                0x00000000038051b0                vex::__tridevice::__tridevice(vex::triport::port&, vex::triportType)
                0x00000000038051b0                vex::__tridevice::__tridevice(vex::triport::port&, vex::triportType)
 .text._ZN3vex11digital_outC2ERNS_7triport4portE
                0x000000000380520c       0x18 /Users/dragonix22/Library/Application Support/Code/User/globalStorage/vexrobotics.vexcode/sdk/cpp/V5/V5_20240802_15_00_00/vexv5/libv5rt.a(vex_triport.cpp.obj)
                0x000000000380520c                vex::digital_out::digital_out(vex::triport::port&)
                0x000000000380520c                vex::digital_out::digital_out(vex::triport::port&)
 .text._ZN3vex11digital_outD2Ev
                0x0000000003805224        0x4 /Users/dragonix22/Library/Application Support/Code/User/globalStorage/vexrobotics.vexcode/sdk/cpp/V5/V5_20240802_15_00_00/vexv5/libv5rt.a(vex_triport.cpp.obj)
                0x0000000003805224                vex::digital_out::~digital_out()
                0x0000000003805224                vex::digital_out::~digital_out()
 .text._ZN3vex5colorD2Ev
                0x0000000003805228        0x4 /Users/dragonix22/Library/Application Support/Code/User/globalStorage/vexrobotics.vexcode/sdk/cpp/V5/V5_20240802_15_00_00/vexv5/libv5rt.a(vex_color.cpp.obj)
                0x0000000003805228                vex::color::~color()
                0x0000000003805228                vex::color::~color()
 .text._ZNK3vex5colorcvmEv
                0x000000000380522c        0x8 /Users/dragonix22/Library/Application Support/Code/User/globalStorage/vexrobotics.vexcode/sdk/cpp/V5/V5_20240802_15_00_00/vexv5/libv5rt.a(vex_color.cpp.obj)
                0x000000000380522c                vex::color::operator unsigned long() const
 .text.startup._GLOBAL__sub_I__ZN3vex5color5blackE
                0x0000000003805234      0x164 /Users/dragonix22/Library/Application Support/Code/User/globalStorage/vexrobotics.vexcode/sdk/cpp/V5/V5_20240802_15_00_00/vexv5/libv5rt.a(vex_color.cpp.obj)
 .text._ZN3vex5timerD2Ev
                0x0000000003805398        0x4 /Users/dragonix22/Library/Application Support/Code/User/globalStorage/vexrobotics.vexcode/sdk/cpp/V5/V5_20240802_15_00_00/vexv5/libv5rt.a(vex_timer.cpp.obj)
                0x0000000003805398                vex::timer::~timer()
                0x0000000003805398                vex::timer::~timer()
 .text._ZN3vex5timer5clearEv
                0x000000000380539c       0x1c /Users/dragonix22/Library/Application Support/Code/User/globalStorage/vexrobotics.vexcode/sdk/cpp/V5/V5_20240802_15_00_00/vexv5/libv5rt.a(vex_timer.cpp.obj)
                0x000000000380539c                vex::timer::clear()
 .text._ZN3vex5timerC2Ev
                0x00000000038053b8       0x14 /Users/dragonix22/Library/Application Support/Code/User/globalStorage/vexrobotics.vexcode/sdk/cpp/V5/V5_20240802_15_00_00/vexv5/libv5rt.a(vex_timer.cpp.obj)
                0x00000000038053b8                vex::timer::timer()
                0x00000000038053b8                vex::timer::timer()
 *fill*         0x00000000038053cc        0x4 
 .text._ZNK3vex5timer4timeENS_9timeUnitsE
                0x00000000038053d0       0x40 /Users/dragonix22/Library/Application Support/Code/User/globalStorage/vexrobotics.vexcode/sdk/cpp/V5/V5_20240802_15_00_00/vexv5/libv5rt.a(vex_timer.cpp.obj)
                0x00000000038053d0                vex::timer::time(vex::timeUnits) const
 .text._ZN3vex11motor_group18motor_group_motorsC2Ev
                0x0000000003805410       0x28 /Users/dragonix22/Library/Application Support/Code/User/globalStorage/vexrobotics.vexcode/sdk/cpp/V5/V5_20240802_15_00_00/vexv5/libv5rt.a(vex_motorgroup.cpp.obj)
                0x0000000003805410                vex::motor_group::motor_group_motors::motor_group_motors()
                0x0000000003805410                vex::motor_group::motor_group_motors::motor_group_motors()
 .text._ZN3vex11motor_groupC2Ev
                0x0000000003805438       0x1c /Users/dragonix22/Library/Application Support/Code/User/globalStorage/vexrobotics.vexcode/sdk/cpp/V5/V5_20240802_15_00_00/vexv5/libv5rt.a(vex_motorgroup.cpp.obj)
                0x0000000003805438                vex::motor_group::motor_group()
                0x0000000003805438                vex::motor_group::motor_group()
 .text._ZN3vex11motor_groupD2Ev
                0x0000000003805454        0x4 /Users/dragonix22/Library/Application Support/Code/User/globalStorage/vexrobotics.vexcode/sdk/cpp/V5/V5_20240802_15_00_00/vexv5/libv5rt.a(vex_motorgroup.cpp.obj)
                0x0000000003805454                vex::motor_group::~motor_group()
                0x0000000003805454                vex::motor_group::~motor_group()
 .text._ZN3vex11motor_group9_addMotorERNS_5motorE
                0x0000000003805458       0x20 /Users/dragonix22/Library/Application Support/Code/User/globalStorage/vexrobotics.vexcode/sdk/cpp/V5/V5_20240802_15_00_00/vexv5/libv5rt.a(vex_motorgroup.cpp.obj)
                0x0000000003805458                vex::motor_group::_addMotor(vex::motor&)
 .text._ZN3vex11motor_group11setPositionEdNS_13rotationUnitsE
                0x0000000003805478       0x4c /Users/dragonix22/Library/Application Support/Code/User/globalStorage/vexrobotics.vexcode/sdk/cpp/V5/V5_20240802_15_00_00/vexv5/libv5rt.a(vex_motorgroup.cpp.obj)
                0x0000000003805478                vex::motor_group::setPosition(double, vex::rotationUnits)
 .text._ZN3vex11motor_group4spinENS_13directionTypeEdNS_12voltageUnitsE
                0x00000000038054c4       0x54 /Users/dragonix22/Library/Application Support/Code/User/globalStorage/vexrobotics.vexcode/sdk/cpp/V5/V5_20240802_15_00_00/vexv5/libv5rt.a(vex_motorgroup.cpp.obj)
                0x00000000038054c4                vex::motor_group::spin(vex::directionType, double, vex::voltageUnits)
 .text._ZN3vex11motor_group4stopENS_9brakeTypeE
                0x0000000003805518       0x38 /Users/dragonix22/Library/Application Support/Code/User/globalStorage/vexrobotics.vexcode/sdk/cpp/V5/V5_20240802_15_00_00/vexv5/libv5rt.a(vex_motorgroup.cpp.obj)
                0x0000000003805518                vex::motor_group::stop(vex::brakeType)
 .text._ZN3vex11motor_group8positionENS_13rotationUnitsE
                0x0000000003805550        0xc /Users/dragonix22/Library/Application Support/Code/User/globalStorage/vexrobotics.vexcode/sdk/cpp/V5/V5_20240802_15_00_00/vexv5/libv5rt.a(vex_motorgroup.cpp.obj)
                0x0000000003805550                vex::motor_group::position(vex::rotationUnits)
 .text.vexAdiPortConfigSet
                0x000000000380555c       0x28 /Users/dragonix22/Library/Application Support/Code/User/globalStorage/vexrobotics.vexcode/sdk/cpp/V5/V5_20240802_15_00_00/vexv5/libv5rt.a(v5_apiuser.c.obj)
                0x000000000380555c                vexAdiPortConfigSet
 .text.vexAdiPortConfigGet
                0x0000000003805584       0x28 /Users/dragonix22/Library/Application Support/Code/User/globalStorage/vexrobotics.vexcode/sdk/cpp/V5/V5_20240802_15_00_00/vexv5/libv5rt.a(v5_apiuser.c.obj)
                0x0000000003805584                vexAdiPortConfigGet
 .text.vexMotorVelocitySet
                0x00000000038055ac       0x20 /Users/dragonix22/Library/Application Support/Code/User/globalStorage/vexrobotics.vexcode/sdk/cpp/V5/V5_20240802_15_00_00/vexv5/libv5rt.a(v5_apiuser.c.obj)
                0x00000000038055ac                vexMotorVelocitySet
 .text.vexMotorVoltageSet
                0x00000000038055cc       0x20 /Users/dragonix22/Library/Application Support/Code/User/globalStorage/vexrobotics.vexcode/sdk/cpp/V5/V5_20240802_15_00_00/vexv5/libv5rt.a(v5_apiuser.c.obj)
                0x00000000038055cc                vexMotorVoltageSet
 .text.vexMotorActualVelocityGet
                0x00000000038055ec       0x24 /Users/dragonix22/Library/Application Support/Code/User/globalStorage/vexrobotics.vexcode/sdk/cpp/V5/V5_20240802_15_00_00/vexv5/libv5rt.a(v5_apiuser.c.obj)
                0x00000000038055ec                vexMotorActualVelocityGet
 .text.vexMotorReverseFlagSet
                0x0000000003805610       0x20 /Users/dragonix22/Library/Application Support/Code/User/globalStorage/vexrobotics.vexcode/sdk/cpp/V5/V5_20240802_15_00_00/vexv5/libv5rt.a(v5_apiuser.c.obj)
                0x0000000003805610                vexMotorReverseFlagSet
 .text.vexMotorEncoderUnitsSet
                0x0000000003805630       0x20 /Users/dragonix22/Library/Application Support/Code/User/globalStorage/vexrobotics.vexcode/sdk/cpp/V5/V5_20240802_15_00_00/vexv5/libv5rt.a(v5_apiuser.c.obj)
                0x0000000003805630                vexMotorEncoderUnitsSet
 .text.vexMotorBrakeModeSet
                0x0000000003805650       0x20 /Users/dragonix22/Library/Application Support/Code/User/globalStorage/vexrobotics.vexcode/sdk/cpp/V5/V5_20240802_15_00_00/vexv5/libv5rt.a(v5_apiuser.c.obj)
                0x0000000003805650                vexMotorBrakeModeSet
 .text.vexMotorPositionSet
                0x0000000003805670       0x28 /Users/dragonix22/Library/Application Support/Code/User/globalStorage/vexrobotics.vexcode/sdk/cpp/V5/V5_20240802_15_00_00/vexv5/libv5rt.a(v5_apiuser.c.obj)
                0x0000000003805670                vexMotorPositionSet
 .text.vexMotorPositionGet
                0x0000000003805698       0x24 /Users/dragonix22/Library/Application Support/Code/User/globalStorage/vexrobotics.vexcode/sdk/cpp/V5/V5_20240802_15_00_00/vexv5/libv5rt.a(v5_apiuser.c.obj)
                0x0000000003805698                vexMotorPositionGet
 .text.vexMotorGearingSet
                0x00000000038056bc       0x20 /Users/dragonix22/Library/Application Support/Code/User/globalStorage/vexrobotics.vexcode/sdk/cpp/V5/V5_20240802_15_00_00/vexv5/libv5rt.a(v5_apiuser.c.obj)
                0x00000000038056bc                vexMotorGearingSet
 .text.vexMotorGearingGet
                0x00000000038056dc       0x18 /Users/dragonix22/Library/Application Support/Code/User/globalStorage/vexrobotics.vexcode/sdk/cpp/V5/V5_20240802_15_00_00/vexv5/libv5rt.a(v5_apiuser.c.obj)
                0x00000000038056dc                vexMotorGearingGet
 .text.vexImuReset
                0x00000000038056f4       0x10 /Users/dragonix22/Library/Application Support/Code/User/globalStorage/vexrobotics.vexcode/sdk/cpp/V5/V5_20240802_15_00_00/vexv5/libv5rt.a(v5_apiuser.c.obj)
                0x00000000038056f4                vexImuReset
 .text.vexImuHeadingGet
                0x0000000003805704       0x10 /Users/dragonix22/Library/Application Support/Code/User/globalStorage/vexrobotics.vexcode/sdk/cpp/V5/V5_20240802_15_00_00/vexv5/libv5rt.a(v5_apiuser.c.obj)
                0x0000000003805704                vexImuHeadingGet
 .text.vexImuDegreesGet
                0x0000000003805714       0x10 /Users/dragonix22/Library/Application Support/Code/User/globalStorage/vexrobotics.vexcode/sdk/cpp/V5/V5_20240802_15_00_00/vexv5/libv5rt.a(v5_apiuser.c.obj)
                0x0000000003805714                vexImuDegreesGet
 .text.vexImuStatusGet
                0x0000000003805724       0x10 /Users/dragonix22/Library/Application Support/Code/User/globalStorage/vexrobotics.vexcode/sdk/cpp/V5/V5_20240802_15_00_00/vexv5/libv5rt.a(v5_apiuser.c.obj)
                0x0000000003805724                vexImuStatusGet
 .text.vexAbsEncPositionGet
                0x0000000003805734       0x10 /Users/dragonix22/Library/Application Support/Code/User/globalStorage/vexrobotics.vexcode/sdk/cpp/V5/V5_20240802_15_00_00/vexv5/libv5rt.a(v5_apiuser.c.obj)
                0x0000000003805734                vexAbsEncPositionGet
 .text.vexAbsEncAngleGet
                0x0000000003805744       0x10 /Users/dragonix22/Library/Application Support/Code/User/globalStorage/vexrobotics.vexcode/sdk/cpp/V5/V5_20240802_15_00_00/vexv5/libv5rt.a(v5_apiuser.c.obj)
                0x0000000003805744                vexAbsEncAngleGet
 .text.vexAbsEncReverseFlagSet
                0x0000000003805754       0x18 /Users/dragonix22/Library/Application Support/Code/User/globalStorage/vexrobotics.vexcode/sdk/cpp/V5/V5_20240802_15_00_00/vexv5/libv5rt.a(v5_apiuser.c.obj)
                0x0000000003805754                vexAbsEncReverseFlagSet
 .text.vexOpticalHueGet
                0x000000000380576c       0x10 /Users/dragonix22/Library/Application Support/Code/User/globalStorage/vexrobotics.vexcode/sdk/cpp/V5/V5_20240802_15_00_00/vexv5/libv5rt.a(v5_apiuser.c.obj)
                0x000000000380576c                vexOpticalHueGet
 .text.vexOpticalGestureEnable
                0x000000000380577c       0x10 /Users/dragonix22/Library/Application Support/Code/User/globalStorage/vexrobotics.vexcode/sdk/cpp/V5/V5_20240802_15_00_00/vexv5/libv5rt.a(v5_apiuser.c.obj)
                0x000000000380577c                vexOpticalGestureEnable
 .text.vexOpticalGestureDisable
                0x000000000380578c       0x10 /Users/dragonix22/Library/Application Support/Code/User/globalStorage/vexrobotics.vexcode/sdk/cpp/V5/V5_20240802_15_00_00/vexv5/libv5rt.a(v5_apiuser.c.obj)
                0x000000000380578c                vexOpticalGestureDisable
 .text.vexOpticalProximityThreshold
                0x000000000380579c       0x18 /Users/dragonix22/Library/Application Support/Code/User/globalStorage/vexrobotics.vexcode/sdk/cpp/V5/V5_20240802_15_00_00/vexv5/libv5rt.a(v5_apiuser.c.obj)
                0x000000000380579c                vexOpticalProximityThreshold
 .text.vexDistanceDistanceGet
                0x00000000038057b4       0x10 /Users/dragonix22/Library/Application Support/Code/User/globalStorage/vexrobotics.vexcode/sdk/cpp/V5/V5_20240802_15_00_00/vexv5/libv5rt.a(v5_apiuser.c.obj)
                0x00000000038057b4                vexDistanceDistanceGet
 .text.vexEventMaskSet
                0x00000000038057c4       0x28 /Users/dragonix22/Library/Application Support/Code/User/globalStorage/vexrobotics.vexcode/sdk/cpp/V5/V5_20240802_15_00_00/vexv5/libv5rt.a(v5_apiuser.c.obj)
                0x00000000038057c4                vexEventMaskSet
 .text.vexEventMaskGet
                0x00000000038057ec       0x18 /Users/dragonix22/Library/Application Support/Code/User/globalStorage/vexrobotics.vexcode/sdk/cpp/V5/V5_20240802_15_00_00/vexv5/libv5rt.a(v5_apiuser.c.obj)
                0x00000000038057ec                vexEventMaskGet
 .text._ZN3vex6deviceD2Ev
                0x0000000003805804        0x4 /Users/dragonix22/Library/Application Support/Code/User/globalStorage/vexrobotics.vexcode/sdk/cpp/V5/V5_20240802_15_00_00/vexv5/libv5rt.a(vex_device.cpp.obj)
                0x0000000003805804                vex::device::~device()
                0x0000000003805804                vex::device::~device()
 .text._ZN3vex6device5valueEv
                0x0000000003805808        0x8 /Users/dragonix22/Library/Application Support/Code/User/globalStorage/vexrobotics.vexcode/sdk/cpp/V5/V5_20240802_15_00_00/vexv5/libv5rt.a(vex_device.cpp.obj)
                0x0000000003805808                vex::device::value()
 .text._ZN3vex6deviceD0Ev
                0x0000000003805810       0x14 /Users/dragonix22/Library/Application Support/Code/User/globalStorage/vexrobotics.vexcode/sdk/cpp/V5/V5_20240802_15_00_00/vexv5/libv5rt.a(vex_device.cpp.obj)
                0x0000000003805810                vex::device::~device()
 .text._ZN3vex6device4initEl
                0x0000000003805824       0x30 /Users/dragonix22/Library/Application Support/Code/User/globalStorage/vexrobotics.vexcode/sdk/cpp/V5/V5_20240802_15_00_00/vexv5/libv5rt.a(vex_device.cpp.obj)
                0x0000000003805824                vex::device::init(long)
 .text._ZN3vex6deviceC2El
                0x0000000003805854       0x20 /Users/dragonix22/Library/Application Support/Code/User/globalStorage/vexrobotics.vexcode/sdk/cpp/V5/V5_20240802_15_00_00/vexv5/libv5rt.a(vex_device.cpp.obj)
                0x0000000003805854                vex::device::device(long)
                0x0000000003805854                vex::device::device(long)
 .text._ZN3vex6device4typeEv
                0x0000000003805874       0x10 /Users/dragonix22/Library/Application Support/Code/User/globalStorage/vexrobotics.vexcode/sdk/cpp/V5/V5_20240802_15_00_00/vexv5/libv5rt.a(vex_device.cpp.obj)
                0x0000000003805874                vex::device::type()
 .text._ZN3vex6device9installedEv
                0x0000000003805884       0x14 /Users/dragonix22/Library/Application Support/Code/User/globalStorage/vexrobotics.vexcode/sdk/cpp/V5/V5_20240802_15_00_00/vexv5/libv5rt.a(vex_device.cpp.obj)
                0x0000000003805884                vex::device::installed()
 .text._ZN3vex4taskC2EPFivE
                0x0000000003805898       0x5c /Users/dragonix22/Library/Application Support/Code/User/globalStorage/vexrobotics.vexcode/sdk/cpp/V5/V5_20240802_15_00_00/vexv5/libv5rt.a(vex_task.cpp.obj)
                0x0000000003805898                vex::task::task(int (*)())
                0x0000000003805898                vex::task::task(int (*)())
 .text._ZN3vex4taskD2Ev
                0x00000000038058f4        0x4 /Users/dragonix22/Library/Application Support/Code/User/globalStorage/vexrobotics.vexcode/sdk/cpp/V5/V5_20240802_15_00_00/vexv5/libv5rt.a(vex_task.cpp.obj)
                0x00000000038058f4                vex::task::~task()
                0x00000000038058f4                vex::task::~task()
 .text._ZN3vex4task4stopEPvi
                0x00000000038058f8       0x1c /Users/dragonix22/Library/Application Support/Code/User/globalStorage/vexrobotics.vexcode/sdk/cpp/V5/V5_20240802_15_00_00/vexv5/libv5rt.a(vex_task.cpp.obj)
                0x00000000038058f8                vex::task::stop(void*, int)
 .text._ZN3vex4task6_indexEPFivE
                0x0000000003805914       0x14 /Users/dragonix22/Library/Application Support/Code/User/globalStorage/vexrobotics.vexcode/sdk/cpp/V5/V5_20240802_15_00_00/vexv5/libv5rt.a(vex_task.cpp.obj)
                0x0000000003805914                vex::task::_index(int (*)())
 .text._ZN3vex4task8_stopAllEv
                0x0000000003805928       0x3c /Users/dragonix22/Library/Application Support/Code/User/globalStorage/vexrobotics.vexcode/sdk/cpp/V5/V5_20240802_15_00_00/vexv5/libv5rt.a(vex_task.cpp.obj)
                0x0000000003805928                vex::task::_stopAll()
 .text.__libc_fini_array
                0x0000000003805964       0x30 /Users/dragonix22/Library/Application Support/Code/User/globalStorage/vexrobotics.vexcode/sdk/cpp/V5/V5_20240802_15_00_00/vexv5/gcc/libs/libc.a(lib_a-fini.o)
                0x0000000003805964                __libc_fini_array
 .text.__libc_init_array
                0x0000000003805994       0x58 /Users/dragonix22/Library/Application Support/Code/User/globalStorage/vexrobotics.vexcode/sdk/cpp/V5/V5_20240802_15_00_00/vexv5/gcc/libs/libc.a(lib_a-init.o)
                0x0000000003805994                __libc_init_array
 *fill*         0x00000000038059ec        0x4 
 .text.__libc_init_array.__stub
                0x00000000038059f0       0x20 linker stubs
 *(.gnu.linkonce.t.*)
 *(.plt)
 *(.gnu_warning)
 *(.gcc_except_table)
 *(.glue_7)
 .glue_7        0x0000000003805a10        0x0 linker stubs
 *(.glue_7t)
 .glue_7t       0x0000000003805a10        0x0 linker stubs
 *(.vfp11_veneer)
 .vfp11_veneer  0x0000000003805a10        0x0 linker stubs
 *(.ARM.extab)
 *(.gnu.linkonce.armextab.*)

.v4_bx          0x0000000003805a10        0x0
 .v4_bx         0x0000000003805a10        0x0 linker stubs

.iplt           0x0000000003805a10        0x0
 .iplt          0x0000000003805a10        0x0 build/src/main.o

.init
 *(.init)

.fini
 *(.fini)

.rodata         0x0000000003805a10      0x258
                0x0000000003805a10                __rodata_start = .
 *(.rodata)
 *(.rodata.*)
 .rodata.str1.1
                0x0000000003805a10       0x22 build/custom/src/autonomous.o
                                         0x24 (size before relaxing)
 .rodata.str1.1
                0x0000000003805a32        0x5 build/custom/src/user.o
 .rodata.str1.1
                0x0000000003805a37       0x2e /Users/dragonix22/Library/Application Support/Code/User/globalStorage/vexrobotics.vexcode/sdk/cpp/V5/V5_20240802_15_00_00/vexv5/libv5rt.a(v5_startup.c.obj)
 *fill*         0x0000000003805a65        0x3 
 .rodata._ZN3vex6PORT20E
                0x0000000003805a68        0x4 /Users/dragonix22/Library/Application Support/Code/User/globalStorage/vexrobotics.vexcode/sdk/cpp/V5/V5_20240802_15_00_00/vexv5/libv5rt.a(vex_global.cpp.obj)
                0x0000000003805a68                vex::PORT20
 .rodata._ZN3vex3fwdE
                0x0000000003805a6c        0x4 /Users/dragonix22/Library/Application Support/Code/User/globalStorage/vexrobotics.vexcode/sdk/cpp/V5/V5_20240802_15_00_00/vexv5/libv5rt.a(vex_global.cpp.obj)
                0x0000000003805a6c                vex::fwd
 .rodata._ZN3vex7reverseE
                0x0000000003805a70        0x4 /Users/dragonix22/Library/Application Support/Code/User/globalStorage/vexrobotics.vexcode/sdk/cpp/V5/V5_20240802_15_00_00/vexv5/libv5rt.a(vex_global.cpp.obj)
                0x0000000003805a70                vex::reverse
 .rodata._ZN3vex4voltE
                0x0000000003805a74        0x4 /Users/dragonix22/Library/Application Support/Code/User/globalStorage/vexrobotics.vexcode/sdk/cpp/V5/V5_20240802_15_00_00/vexv5/libv5rt.a(vex_global.cpp.obj)
                0x0000000003805a74                vex::volt
 .rodata._ZN3vex6PORT10E
                0x0000000003805a78        0x4 /Users/dragonix22/Library/Application Support/Code/User/globalStorage/vexrobotics.vexcode/sdk/cpp/V5/V5_20240802_15_00_00/vexv5/libv5rt.a(vex_global.cpp.obj)
                0x0000000003805a78                vex::PORT10
 .rodata._ZN3vex6PORT14E
                0x0000000003805a7c        0x4 /Users/dragonix22/Library/Application Support/Code/User/globalStorage/vexrobotics.vexcode/sdk/cpp/V5/V5_20240802_15_00_00/vexv5/libv5rt.a(vex_global.cpp.obj)
                0x0000000003805a7c                vex::PORT14
 .rodata._ZN3vex3redE
                0x0000000003805a80        0x4 /Users/dragonix22/Library/Application Support/Code/User/globalStorage/vexrobotics.vexcode/sdk/cpp/V5/V5_20240802_15_00_00/vexv5/libv5rt.a(vex_global.cpp.obj)
                0x0000000003805a80                vex::red
 .rodata._ZN3vex5blackE
                0x0000000003805a84        0x4 /Users/dragonix22/Library/Application Support/Code/User/globalStorage/vexrobotics.vexcode/sdk/cpp/V5/V5_20240802_15_00_00/vexv5/libv5rt.a(vex_global.cpp.obj)
                0x0000000003805a84                vex::black
 .rodata._ZN3vex4msecE
                0x0000000003805a88        0x4 /Users/dragonix22/Library/Application Support/Code/User/globalStorage/vexrobotics.vexcode/sdk/cpp/V5/V5_20240802_15_00_00/vexv5/libv5rt.a(vex_global.cpp.obj)
                0x0000000003805a88                vex::msec
 .rodata._ZN3vex6PORT18E
                0x0000000003805a8c        0x4 /Users/dragonix22/Library/Application Support/Code/User/globalStorage/vexrobotics.vexcode/sdk/cpp/V5/V5_20240802_15_00_00/vexv5/libv5rt.a(vex_global.cpp.obj)
                0x0000000003805a8c                vex::PORT18
 .rodata._ZN3vex5PORT9E
                0x0000000003805a90        0x4 /Users/dragonix22/Library/Application Support/Code/User/globalStorage/vexrobotics.vexcode/sdk/cpp/V5/V5_20240802_15_00_00/vexv5/libv5rt.a(vex_global.cpp.obj)
                0x0000000003805a90                vex::PORT9
 .rodata._ZN3vex6PORT21E
                0x0000000003805a94        0x4 /Users/dragonix22/Library/Application Support/Code/User/globalStorage/vexrobotics.vexcode/sdk/cpp/V5/V5_20240802_15_00_00/vexv5/libv5rt.a(vex_global.cpp.obj)
                0x0000000003805a94                vex::PORT21
 .rodata._ZN3vex6PORT11E
                0x0000000003805a98        0x4 /Users/dragonix22/Library/Application Support/Code/User/globalStorage/vexrobotics.vexcode/sdk/cpp/V5/V5_20240802_15_00_00/vexv5/libv5rt.a(vex_global.cpp.obj)
                0x0000000003805a98                vex::PORT11
 .rodata._ZN3vex7primaryE
                0x0000000003805a9c        0x4 /Users/dragonix22/Library/Application Support/Code/User/globalStorage/vexrobotics.vexcode/sdk/cpp/V5/V5_20240802_15_00_00/vexv5/libv5rt.a(vex_global.cpp.obj)
                0x0000000003805a9c                vex::primary
 .rodata._ZN3vex5greenE
                0x0000000003805aa0        0x4 /Users/dragonix22/Library/Application Support/Code/User/globalStorage/vexrobotics.vexcode/sdk/cpp/V5/V5_20240802_15_00_00/vexv5/libv5rt.a(vex_global.cpp.obj)
                0x0000000003805aa0                vex::green
 .rodata._ZN3vex6PORT15E
                0x0000000003805aa4        0x4 /Users/dragonix22/Library/Application Support/Code/User/globalStorage/vexrobotics.vexcode/sdk/cpp/V5/V5_20240802_15_00_00/vexv5/libv5rt.a(vex_global.cpp.obj)
                0x0000000003805aa4                vex::PORT15
 .rodata._ZN3vex6PORT19E
                0x0000000003805aa8        0x4 /Users/dragonix22/Library/Application Support/Code/User/globalStorage/vexrobotics.vexcode/sdk/cpp/V5/V5_20240802_15_00_00/vexv5/libv5rt.a(vex_global.cpp.obj)
                0x0000000003805aa8                vex::PORT19
 .rodata._ZN3vex7degreesE
                0x0000000003805aac        0x4 /Users/dragonix22/Library/Application Support/Code/User/globalStorage/vexrobotics.vexcode/sdk/cpp/V5/V5_20240802_15_00_00/vexv5/libv5rt.a(vex_global.cpp.obj)
                0x0000000003805aac                vex::degrees
 .rodata._ZN3vex6PORT22E
                0x0000000003805ab0        0x4 /Users/dragonix22/Library/Application Support/Code/User/globalStorage/vexrobotics.vexcode/sdk/cpp/V5/V5_20240802_15_00_00/vexv5/libv5rt.a(vex_global.cpp.obj)
                0x0000000003805ab0                vex::PORT22
 .rodata._ZN3vex4holdE
                0x0000000003805ab4        0x4 /Users/dragonix22/Library/Application Support/Code/User/globalStorage/vexrobotics.vexcode/sdk/cpp/V5/V5_20240802_15_00_00/vexv5/libv5rt.a(vex_global.cpp.obj)
                0x0000000003805ab4                vex::hold
 .rodata._ZN3vex6PORT12E
                0x0000000003805ab8        0x4 /Users/dragonix22/Library/Application Support/Code/User/globalStorage/vexrobotics.vexcode/sdk/cpp/V5/V5_20240802_15_00_00/vexv5/libv5rt.a(vex_global.cpp.obj)
                0x0000000003805ab8                vex::PORT12
 .rodata._ZN3vex6PORT16E
                0x0000000003805abc        0x4 /Users/dragonix22/Library/Application Support/Code/User/globalStorage/vexrobotics.vexcode/sdk/cpp/V5/V5_20240802_15_00_00/vexv5/libv5rt.a(vex_global.cpp.obj)
                0x0000000003805abc                vex::PORT16
 .rodata._ZN3vex8ratio6_1E